{"event": "start", "time": 1791028083.751, "run_id": "Full_int6_asdclip_s555", "seed": 555, "device": "cpu", "world_size": 1, "python": "3.11.6", "torch": "2.14.1+cpu"}
{"event": "model", "time": 1791028085.244, "params": 822680, "virtual_layers": 8, "parallel_residual": true, "depth_recurrence": true}
{"event": "train", "time": 1791028085.971, "step": 1, "loss": 6.96034, "lr_scale": 1.0, "elapsed_s": 0.72}
{"event": "train", "time": 1791028086.766, "step": 2, "loss": 6.91526, "lr_scale": 1.0, "elapsed_s": 1.52}
{"event": "train", "time": 1791028087.518, "step": 3, "loss": 6.47527, "lr_scale": 1.0, "elapsed_s": 2.27}
{"event": "train", "time": 1791028088.268, "step": 4, "loss": 6.00575, "lr_scale": 1.0, "elapsed_s": 3.02}
{"event": "train", "time": 1791028089.05, "step": 5, "loss": 5.89928, "lr_scale": 1.0, "elapsed_s": 3.8}
{"event": "train", "time": 1791028165.811, "step": 100, "loss": 4.33251, "lr_scale": 1.0, "elapsed_s": 80.56}
{"event": "train", "time": 1791028246.899, "step": 200, "loss": 4.02255, "lr_scale": 1.0, "elapsed_s": 161.65}
{"event": "train", "time": 1791028327.299, "step": 300, "loss": 3.69978, "lr_scale": 0.8417, "elapsed_s": 242.05}
{"event": "train", "time": 1791028408.292, "step": 400, "loss": 3.83827, "lr_scale": 0.0083, "elapsed_s": 323.04}
{"event": "train", "time": 1791028409.09, "step": 401, "loss": 3.2929, "lr_scale": 0.0, "elapsed_s": 323.84}
{"event": "eval_start", "time": 1791028409.094, "val_tokens": 1999872}
{"event": "eval_prequant", "time": 1791028433.238, "val_loss": 3.59552, "val_bpb": 2.1545}
{"event": "quant", "time": 1791028434.239, "scheme": "int6_asdclip", "weight_blob_bytes": 441242, "raw_bytes": 869675, "payload_bytes": 838654, "quant_tensors": 44}
{"event": "eval_postquant", "time": 1791028462.106, "val_loss": 3.69741, "val_bpb": 2.21556}
{"event": "ttt", "time": 1791028463.422, "msg": "ttt_chunk:1/245 scored_loss:3.7240"}
{"event": "ttt", "time": 1791028464.616, "msg": "ttt_chunk:2/245 scored_loss:3.9339"}
{"event": "ttt", "time": 1791028465.865, "msg": "ttt_chunk:3/245 scored_loss:3.7435"}
{"event": "ttt", "time": 1791028467.081, "msg": "ttt_chunk:4/245 scored_loss:3.8240"}
{"event": "ttt", "time": 1791028468.33, "msg": "ttt_chunk:5/245 scored_loss:3.6939"}
{"event": "ttt", "time": 1791028469.556, "msg": "ttt_chunk:6/245 scored_loss:3.5717"}
{"event": "ttt", "time": 1791028470.825, "msg": "ttt_chunk:7/245 scored_loss:3.5119"}
{"event": "ttt", "time": 1791028471.983, "msg": "ttt_chunk:8/245 scored_loss:3.7544"}
{"event": "ttt", "time": 1791028473.234, "msg": "ttt_chunk:9/245 scored_loss:3.5551"}
{"event": "ttt", "time": 1791028474.412, "msg": "ttt_chunk:10/245 scored_loss:3.5638"}
{"event": "ttt", "time": 1791028475.643, "msg": "ttt_chunk:11/245 scored_loss:3.6098"}
{"event": "ttt", "time": 1791028476.797, "msg": "ttt_chunk:12/245 scored_loss:3.7997"}
{"event": "ttt", "time": 1791028478.042, "msg": "ttt_chunk:13/245 scored_loss:3.7120"}
{"event": "ttt", "time": 1791028479.14, "msg": "ttt_chunk:14/245 scored_loss:3.6257"}
{"event": "ttt", "time": 1791028480.41, "msg": "ttt_chunk:15/245 scored_loss:3.6487"}
{"event": "ttt", "time": 1791028481.593, "msg": "ttt_chunk:16/245 scored_loss:3.7316"}
{"event": "ttt", "time": 1791028482.828, "msg": "ttt_chunk:17/245 scored_loss:3.6345"}
{"event": "ttt", "time": 1791028483.974, "msg": "ttt_chunk:18/245 scored_loss:3.5180"}
{"event": "ttt", "time": 1791028485.179, "msg": "ttt_chunk:19/245 scored_loss:3.5695"}
{"event": "ttt", "time": 1791028486.363, "msg": "ttt_chunk:20/245 scored_loss:3.6530"}
{"event": "ttt", "time": 1791028487.601, "msg": "ttt_chunk:21/245 scored_loss:3.4823"}
{"event": "ttt", "time": 1791028488.791, "msg": "ttt_chunk:22/245 scored_loss:3.4276"}
{"event": "ttt", "time": 1791028489.998, "msg": "ttt_chunk:23/245 scored_loss:3.6721"}
{"event": "ttt", "time": 1791028491.166, "msg": "ttt_chunk:24/245 scored_loss:3.6360"}
{"event": "ttt", "time": 1791028492.398, "msg": "ttt_chunk:25/245 scored_loss:3.5887"}
{"event": "ttt", "time": 1791028493.553, "msg": "ttt_chunk:26/245 scored_loss:3.5583"}
{"event": "ttt", "time": 1791028494.79, "msg": "ttt_chunk:27/245 scored_loss:3.3709"}
{"event": "ttt", "time": 1791028495.975, "msg": "ttt_chunk:28/245 scored_loss:3.6945"}
{"event": "ttt", "time": 1791028497.277, "msg": "ttt_chunk:29/245 scored_loss:3.6064"}
{"event": "ttt", "time": 1791028498.487, "msg": "ttt_chunk:30/245 scored_loss:3.5427"}
{"event": "ttt", "time": 1791028499.716, "msg": "ttt_chunk:31/245 scored_loss:3.5832"}
{"event": "ttt", "time": 1791028500.884, "msg": "ttt_chunk:32/245 scored_loss:3.5769"}
{"event": "ttt", "time": 1791028502.086, "msg": "ttt_chunk:33/245 scored_loss:3.7050"}
{"event": "ttt", "time": 1791028503.282, "msg": "ttt_chunk:34/245 scored_loss:3.5049"}
{"event": "ttt", "time": 1791028504.446, "msg": "ttt_chunk:35/245 scored_loss:3.6935"}
{"event": "ttt", "time": 1791028505.713, "msg": "ttt_chunk:36/245 scored_loss:3.6315"}
{"event": "ttt", "time": 1791028506.856, "msg": "ttt_chunk:37/245 scored_loss:3.6567"}
{"event": "ttt", "time": 1791028508.097, "msg": "ttt_chunk:38/245 scored_loss:3.4373"}
{"event": "ttt", "time": 1791028509.268, "msg": "ttt_chunk:39/245 scored_loss:3.6601"}
{"event": "ttt", "time": 1791028510.488, "msg": "ttt_chunk:40/245 scored_loss:3.7517"}
{"event": "ttt", "time": 1791028511.666, "msg": "ttt_chunk:41/245 scored_loss:3.7167"}
{"event": "ttt", "time": 1791028512.898, "msg": "ttt_chunk:42/245 scored_loss:3.6048"}
{"event": "ttt", "time": 1791028514.072, "msg": "ttt_chunk:43/245 scored_loss:3.6063"}
{"event": "ttt", "time": 1791028515.284, "msg": "ttt_chunk:44/245 scored_loss:3.5396"}
{"event": "ttt", "time": 1791028516.459, "msg": "ttt_chunk:45/245 scored_loss:3.2775"}
{"event": "ttt", "time": 1791028517.703, "msg": "ttt_chunk:46/245 scored_loss:3.2710"}
{"event": "ttt", "time": 1791028518.894, "msg": "ttt_chunk:47/245 scored_loss:3.4887"}
{"event": "ttt", "time": 1791028520.124, "msg": "ttt_chunk:48/245 scored_loss:3.7046"}
{"event": "ttt", "time": 1791028521.307, "msg": "ttt_chunk:49/245 scored_loss:3.7330"}
{"event": "ttt", "time": 1791028522.554, "msg": "ttt_chunk:50/245 scored_loss:3.5996"}
{"event": "ttt", "time": 1791028523.759, "msg": "ttt_chunk:51/245 scored_loss:3.7055"}
{"event": "ttt", "time": 1791028524.997, "msg": "ttt_chunk:52/245 scored_loss:3.4210"}
{"event": "ttt", "time": 1791028526.163, "msg": "ttt_chunk:53/245 scored_loss:3.6278"}
{"event": "ttt", "time": 1791028527.416, "msg": "ttt_chunk:54/245 scored_loss:3.4785"}
{"event": "ttt", "time": 1791028528.605, "msg": "ttt_chunk:55/245 scored_loss:3.5882"}
{"event": "ttt", "time": 1791028529.816, "msg": "ttt_chunk:56/245 scored_loss:3.7064"}
{"event": "ttt", "time": 1791028530.985, "msg": "ttt_chunk:57/245 scored_loss:3.5834"}
{"event": "ttt", "time": 1791028532.228, "msg": "ttt_chunk:58/245 scored_loss:3.4937"}
{"event": "ttt", "time": 1791028533.404, "msg": "ttt_chunk:59/245 scored_loss:3.6392"}
{"event": "ttt", "time": 1791028534.561, "msg": "ttt_chunk:60/245 scored_loss:3.6654"}
{"event": "ttt", "time": 1791028535.735, "msg": "ttt_chunk:61/245 scored_loss:3.5919"}
{"event": "ttt", "time": 1791028536.964, "msg": "ttt_chunk:62/245 scored_loss:3.6322"}
{"event": "ttt", "time": 1791028538.188, "msg": "ttt_chunk:63/245 scored_loss:3.6547"}
{"event": "ttt", "time": 1791028539.395, "msg": "ttt_chunk:64/245 scored_loss:3.5929"}
{"event": "ttt", "time": 1791028540.617, "msg": "ttt_chunk:65/245 scored_loss:3.6756"}
{"event": "ttt", "time": 1791028541.786, "msg": "ttt_chunk:66/245 scored_loss:3.6371"}
{"event": "ttt", "time": 1791028543.02, "msg": "ttt_chunk:67/245 scored_loss:3.6290"}
{"event": "ttt", "time": 1791028544.192, "msg": "ttt_chunk:68/245 scored_loss:3.8363"}
{"event": "ttt", "time": 1791028545.425, "msg": "ttt_chunk:69/245 scored_loss:3.6159"}
{"event": "ttt", "time": 1791028546.593, "msg": "ttt_chunk:70/245 scored_loss:3.6779"}
{"event": "ttt", "time": 1791028547.829, "msg": "ttt_chunk:71/245 scored_loss:3.7281"}
{"event": "ttt", "time": 1791028548.974, "msg": "ttt_chunk:72/245 scored_loss:3.7337"}
{"event": "ttt", "time": 1791028550.226, "msg": "ttt_chunk:73/245 scored_loss:3.5542"}
{"event": "ttt", "time": 1791028551.385, "msg": "ttt_chunk:74/245 scored_loss:3.4873"}
{"event": "ttt", "time": 1791028552.635, "msg": "ttt_chunk:75/245 scored_loss:3.5088"}
{"event": "ttt", "time": 1791028553.822, "msg": "ttt_chunk:76/245 scored_loss:3.5300"}
{"event": "ttt", "time": 1791028555.051, "msg": "ttt_chunk:77/245 scored_loss:3.4154"}
{"event": "ttt", "time": 1791028556.177, "msg": "ttt_chunk:78/245 scored_loss:3.7567"}
{"event": "ttt", "time": 1791028557.442, "msg": "ttt_chunk:79/245 scored_loss:3.4357"}
{"event": "ttt", "time": 1791028558.599, "msg": "ttt_chunk:80/245 scored_loss:3.5323"}
{"event": "ttt", "time": 1791028559.858, "msg": "ttt_chunk:81/245 scored_loss:3.3485"}
{"event": "ttt", "time": 1791028561.039, "msg": "ttt_chunk:82/245 scored_loss:3.6092"}
{"event": "ttt", "time": 1791028562.27, "msg": "ttt_chunk:83/245 scored_loss:3.6761"}
{"event": "ttt", "time": 1791028563.429, "msg": "ttt_chunk:84/245 scored_loss:3.4612"}
{"event": "ttt", "time": 1791028564.637, "msg": "ttt_chunk:85/245 scored_loss:3.4591"}
{"event": "ttt", "time": 1791028565.785, "msg": "ttt_chunk:86/245 scored_loss:3.5847"}
{"event": "ttt", "time": 1791028567.02, "msg": "ttt_chunk:87/245 scored_loss:4.3266"}
{"event": "ttt", "time": 1791028568.186, "msg": "ttt_chunk:88/245 scored_loss:3.2545"}
{"event": "ttt", "time": 1791028569.41, "msg": "ttt_chunk:89/245 scored_loss:3.3449"}
{"event": "ttt", "time": 1791028570.565, "msg": "ttt_chunk:90/245 scored_loss:3.7080"}
{"event": "ttt", "time": 1791028571.812, "msg": "ttt_chunk:91/245 scored_loss:3.6216"}
{"event": "ttt", "time": 1791028573.018, "msg": "ttt_chunk:92/245 scored_loss:3.8020"}
{"event": "ttt", "time": 1791028574.238, "msg": "ttt_chunk:93/245 scored_loss:3.5875"}
{"event": "ttt", "time": 1791028575.398, "msg": "ttt_chunk:94/245 scored_loss:3.6280"}
{"event": "ttt", "time": 1791028576.628, "msg": "ttt_chunk:95/245 scored_loss:3.5289"}
{"event": "ttt", "time": 1791028577.771, "msg": "ttt_chunk:96/245 scored_loss:3.6309"}
{"event": "ttt", "time": 1791028579.007, "msg": "ttt_chunk:97/245 scored_loss:3.8212"}
{"event": "ttt", "time": 1791028580.165, "msg": "ttt_chunk:98/245 scored_loss:3.6035"}
{"event": "ttt", "time": 1791028581.41, "msg": "ttt_chunk:99/245 scored_loss:3.5223"}
{"event": "ttt", "time": 1791028582.581, "msg": "ttt_chunk:100/245 scored_loss:3.3668"}
{"event": "ttt", "time": 1791028583.8, "msg": "ttt_chunk:101/245 scored_loss:3.4538"}
{"event": "ttt", "time": 1791028584.964, "msg": "ttt_chunk:102/245 scored_loss:3.5171"}
{"event": "ttt", "time": 1791028586.226, "msg": "ttt_chunk:103/245 scored_loss:3.5574"}
{"event": "ttt", "time": 1791028587.404, "msg": "ttt_chunk:104/245 scored_loss:3.4054"}
{"event": "ttt", "time": 1791028588.577, "msg": "ttt_chunk:105/245 scored_loss:3.4373"}
{"event": "ttt", "time": 1791028589.802, "msg": "ttt_chunk:106/245 scored_loss:3.8372"}
{"event": "ttt", "time": 1791028591.013, "msg": "ttt_chunk:107/245 scored_loss:3.7057"}
{"event": "ttt", "time": 1791028592.171, "msg": "ttt_chunk:108/245 scored_loss:3.5379"}
{"event": "ttt", "time": 1791028593.412, "msg": "ttt_chunk:109/245 scored_loss:3.5550"}
{"event": "ttt", "time": 1791028594.593, "msg": "ttt_chunk:110/245 scored_loss:3.7894"}
{"event": "ttt", "time": 1791028595.812, "msg": "ttt_chunk:111/245 scored_loss:3.6367"}
{"event": "ttt", "time": 1791028596.985, "msg": "ttt_chunk:112/245 scored_loss:3.6172"}
{"event": "ttt", "time": 1791028598.214, "msg": "ttt_chunk:113/245 scored_loss:3.5055"}
{"event": "ttt", "time": 1791028599.427, "msg": "ttt_chunk:114/245 scored_loss:3.6250"}
{"event": "ttt", "time": 1791028600.63, "msg": "ttt_chunk:115/245 scored_loss:3.7160"}
{"event": "ttt", "time": 1791028601.767, "msg": "ttt_chunk:116/245 scored_loss:3.6899"}
{"event": "ttt", "time": 1791028603.022, "msg": "ttt_chunk:117/245 scored_loss:4.0958"}
{"event": "ttt", "time": 1791028604.189, "msg": "ttt_chunk:118/245 scored_loss:3.8114"}
{"event": "ttt", "time": 1791028605.436, "msg": "ttt_chunk:119/245 scored_loss:4.0794"}
{"event": "ttt", "time": 1791028606.597, "msg": "ttt_chunk:120/245 scored_loss:3.6464"}
{"event": "ttt", "time": 1791028607.838, "msg": "ttt_chunk:121/245 scored_loss:3.5474"}
{"event": "ttt", "time": 1791028609.024, "msg": "ttt_chunk:122/245 scored_loss:3.3917"}
{"event": "ttt", "time": 1791028610.238, "msg": "ttt_chunk:123/245 scored_loss:3.6337"}
{"event": "ttt", "time": 1791028611.403, "msg": "ttt_chunk:124/245 scored_loss:3.3661"}
{"event": "ttt", "time": 1791028612.634, "msg": "ttt_chunk:125/245 scored_loss:3.5314"}
{"event": "ttt", "time": 1791028613.777, "msg": "ttt_chunk:126/245 scored_loss:3.6151"}
{"event": "ttt", "time": 1791028615.043, "msg": "ttt_chunk:127/245 scored_loss:3.5794"}
{"event": "ttt", "time": 1791028616.208, "msg": "ttt_chunk:128/245 scored_loss:3.6467"}
{"event": "ttt", "time": 1791028617.479, "msg": "ttt_chunk:129/245 scored_loss:3.3894"}
{"event": "ttt", "time": 1791028618.635, "msg": "ttt_chunk:130/245 scored_loss:3.4441"}
{"event": "ttt", "time": 1791028619.871, "msg": "ttt_chunk:131/245 scored_loss:3.6962"}
{"event": "ttt", "time": 1791028621.046, "msg": "ttt_chunk:132/245 scored_loss:3.6523"}
{"event": "ttt", "time": 1791028622.28, "msg": "ttt_chunk:133/245 scored_loss:3.4535"}
{"event": "ttt", "time": 1791028623.443, "msg": "ttt_chunk:134/245 scored_loss:3.5968"}
{"event": "ttt", "time": 1791028624.703, "msg": "ttt_chunk:135/245 scored_loss:3.5402"}
{"event": "ttt", "time": 1791028625.864, "msg": "ttt_chunk:136/245 scored_loss:3.5252"}
{"event": "ttt", "time": 1791028627.09, "msg": "ttt_chunk:137/245 scored_loss:3.4645"}
{"event": "ttt", "time": 1791028628.24, "msg": "ttt_chunk:138/245 scored_loss:3.5796"}
{"event": "ttt", "time": 1791028629.461, "msg": "ttt_chunk:139/245 scored_loss:3.4397"}
{"event": "ttt", "time": 1791028630.639, "msg": "ttt_chunk:140/245 scored_loss:3.5108"}
{"event": "ttt", "time": 1791028631.879, "msg": "ttt_chunk:141/245 scored_loss:3.5374"}
{"event": "ttt", "time": 1791028633.143, "msg": "ttt_chunk:142/245 scored_loss:3.6252"}
{"event": "ttt", "time": 1791028634.442, "msg": "ttt_chunk:143/245 scored_loss:3.6629"}
{"event": "ttt", "time": 1791028635.61, "msg": "ttt_chunk:144/245 scored_loss:3.6850"}
{"event": "ttt", "time": 1791028636.851, "msg": "ttt_chunk:145/245 scored_loss:3.6114"}
{"event": "ttt", "time": 1791028637.993, "msg": "ttt_chunk:146/245 scored_loss:3.5922"}
{"event": "ttt", "time": 1791028639.257, "msg": "ttt_chunk:147/245 scored_loss:3.7864"}
{"event": "ttt", "time": 1791028640.471, "msg": "ttt_chunk:148/245 scored_loss:3.8592"}
{"event": "ttt", "time": 1791028641.649, "msg": "ttt_chunk:149/245 scored_loss:3.8338"}
{"event": "ttt", "time": 1791028642.882, "msg": "ttt_chunk:150/245 scored_loss:3.7566"}
{"event": "ttt", "time": 1791028644.082, "msg": "ttt_chunk:151/245 scored_loss:3.4246"}
{"event": "ttt", "time": 1791028645.31, "msg": "ttt_chunk:152/245 scored_loss:3.5394"}
{"event": "ttt", "time": 1791028646.515, "msg": "ttt_chunk:153/245 scored_loss:3.4230"}
{"event": "ttt", "time": 1791028647.754, "msg": "ttt_chunk:154/245 scored_loss:3.6871"}
{"event": "ttt", "time": 1791028648.917, "msg": "ttt_chunk:155/245 scored_loss:3.6285"}
{"event": "ttt", "time": 1791028650.129, "msg": "ttt_chunk:156/245 scored_loss:3.5464"}
{"event": "ttt", "time": 1791028651.288, "msg": "ttt_chunk:157/245 scored_loss:3.7673"}
{"event": "ttt", "time": 1791028652.519, "msg": "ttt_chunk:158/245 scored_loss:3.7025"}
{"event": "ttt", "time": 1791028653.768, "msg": "ttt_chunk:159/245 scored_loss:3.5486"}
{"event": "ttt", "time": 1791028654.953, "msg": "ttt_chunk:160/245 scored_loss:3.6318"}
{"event": "ttt", "time": 1791028656.18, "msg": "ttt_chunk:161/245 scored_loss:3.5222"}
{"event": "ttt", "time": 1791028657.333, "msg": "ttt_chunk:162/245 scored_loss:3.6561"}
{"event": "ttt", "time": 1791028658.607, "msg": "ttt_chunk:163/245 scored_loss:3.6583"}
{"event": "ttt", "time": 1791028660.267, "msg": "ttt_chunk:164/245 scored_loss:3.4460"}
{"event": "ttt", "time": 1791028661.523, "msg": "ttt_chunk:165/245 scored_loss:3.4572"}
{"event": "ttt", "time": 1791028662.676, "msg": "ttt_chunk:166/245 scored_loss:3.7668"}
{"event": "ttt", "time": 1791028663.933, "msg": "ttt_chunk:167/245 scored_loss:3.6491"}
{"event": "ttt", "time": 1791028665.08, "msg": "ttt_chunk:168/245 scored_loss:3.6218"}
{"event": "ttt", "time": 1791028666.436, "msg": "ttt_chunk:169/245 scored_loss:3.6622"}
{"event": "ttt", "time": 1791028667.656, "msg": "ttt_chunk:170/245 scored_loss:3.6496"}
{"event": "ttt", "time": 1791028668.922, "msg": "ttt_chunk:171/245 scored_loss:3.6496"}
{"event": "ttt", "time": 1791028670.078, "msg": "ttt_chunk:172/245 scored_loss:3.4735"}
{"event": "ttt", "time": 1791028671.31, "msg": "ttt_chunk:173/245 scored_loss:3.4810"}
{"event": "ttt", "time": 1791028672.528, "msg": "ttt_chunk:174/245 scored_loss:3.7379"}
{"event": "ttt", "time": 1791028673.837, "msg": "ttt_chunk:175/245 scored_loss:3.7466"}
{"event": "ttt", "time": 1791028675.237, "msg": "ttt_chunk:176/245 scored_loss:3.4760"}
{"event": "ttt", "time": 1791028676.604, "msg": "ttt_chunk:177/245 scored_loss:3.5872"}
{"event": "ttt", "time": 1791028677.79, "msg": "ttt_chunk:178/245 scored_loss:3.6186"}
{"event": "ttt", "time": 1791028679.057, "msg": "ttt_chunk:179/245 scored_loss:3.3121"}
{"event": "ttt", "time": 1791028680.28, "msg": "ttt_chunk:180/245 scored_loss:3.5270"}
{"event": "ttt", "time": 1791028681.499, "msg": "ttt_chunk:181/245 scored_loss:3.5387"}
{"event": "ttt", "time": 1791028682.673, "msg": "ttt_chunk:182/245 scored_loss:3.4995"}
{"event": "ttt", "time": 1791028683.927, "msg": "ttt_chunk:183/245 scored_loss:3.5518"}
{"event": "ttt", "time": 1791028685.086, "msg": "ttt_chunk:184/245 scored_loss:3.6222"}
{"event": "ttt", "time": 1791028686.403, "msg": "ttt_chunk:185/245 scored_loss:3.6357"}
{"event": "ttt", "time": 1791028687.546, "msg": "ttt_chunk:186/245 scored_loss:3.7895"}
{"event": "ttt", "time": 1791028688.782, "msg": "ttt_chunk:187/245 scored_loss:3.7850"}
{"event": "ttt", "time": 1791028689.981, "msg": "ttt_chunk:188/245 scored_loss:3.6026"}
{"event": "ttt", "time": 1791028691.211, "msg": "ttt_chunk:189/245 scored_loss:3.5820"}
{"event": "ttt", "time": 1791028692.371, "msg": "ttt_chunk:190/245 scored_loss:3.5541"}
{"event": "ttt", "time": 1791028693.602, "msg": "ttt_chunk:191/245 scored_loss:3.6271"}
{"event": "ttt", "time": 1791028694.749, "msg": "ttt_chunk:192/245 scored_loss:3.7431"}
{"event": "ttt", "time": 1791028695.969, "msg": "ttt_chunk:193/245 scored_loss:3.5352"}
{"event": "ttt", "time": 1791028697.152, "msg": "ttt_chunk:194/245 scored_loss:3.5003"}
{"event": "ttt", "time": 1791028698.405, "msg": "ttt_chunk:195/245 scored_loss:3.4259"}
{"event": "ttt", "time": 1791028699.61, "msg": "ttt_chunk:196/245 scored_loss:3.6667"}
{"event": "ttt", "time": 1791028700.827, "msg": "ttt_chunk:197/245 scored_loss:3.6108"}
{"event": "ttt", "time": 1791028701.982, "msg": "ttt_chunk:198/245 scored_loss:3.5889"}
{"event": "ttt", "time": 1791028703.229, "msg": "ttt_chunk:199/245 scored_loss:3.6478"}
{"event": "ttt", "time": 1791028704.398, "msg": "ttt_chunk:200/245 scored_loss:3.7953"}
{"event": "ttt", "time": 1791028705.591, "msg": "ttt_chunk:201/245 scored_loss:3.6892"}
{"event": "ttt", "time": 1791028706.824, "msg": "ttt_chunk:202/245 scored_loss:3.4067"}
{"event": "ttt", "time": 1791028707.985, "msg": "ttt_chunk:203/245 scored_loss:3.8269"}
{"event": "ttt", "time": 1791028709.17, "msg": "ttt_chunk:204/245 scored_loss:3.6227"}
{"event": "ttt", "time": 1791028710.325, "msg": "ttt_chunk:205/245 scored_loss:3.6664"}
{"event": "ttt", "time": 1791028711.568, "msg": "ttt_chunk:206/245 scored_loss:3.4974"}
{"event": "ttt", "time": 1791028712.753, "msg": "ttt_chunk:207/245 scored_loss:3.2691"}
{"event": "ttt", "time": 1791028713.977, "msg": "ttt_chunk:208/245 scored_loss:3.4333"}
{"event": "ttt", "time": 1791028715.139, "msg": "ttt_chunk:209/245 scored_loss:3.5963"}
{"event": "ttt", "time": 1791028716.396, "msg": "ttt_chunk:210/245 scored_loss:3.6010"}
{"event": "ttt", "time": 1791028717.564, "msg": "ttt_chunk:211/245 scored_loss:3.7855"}
{"event": "ttt", "time": 1791028718.783, "msg": "ttt_chunk:212/245 scored_loss:3.6211"}
{"event": "ttt", "time": 1791028719.926, "msg": "ttt_chunk:213/245 scored_loss:3.6330"}
{"event": "ttt", "time": 1791028721.142, "msg": "ttt_chunk:214/245 scored_loss:3.3956"}
{"event": "ttt", "time": 1791028722.307, "msg": "ttt_chunk:215/245 scored_loss:3.7676"}
{"event": "ttt", "time": 1791028723.532, "msg": "ttt_chunk:216/245 scored_loss:3.7516"}
{"event": "ttt", "time": 1791028724.751, "msg": "ttt_chunk:217/245 scored_loss:3.7583"}
{"event": "ttt", "time": 1791028726.063, "msg": "ttt_chunk:218/245 scored_loss:3.8535"}
{"event": "ttt", "time": 1791028727.238, "msg": "ttt_chunk:219/245 scored_loss:3.8357"}
{"event": "ttt", "time": 1791028728.448, "msg": "ttt_chunk:220/245 scored_loss:3.7034"}
{"event": "ttt", "time": 1791028729.624, "msg": "ttt_chunk:221/245 scored_loss:3.7221"}
{"event": "ttt", "time": 1791028730.881, "msg": "ttt_chunk:222/245 scored_loss:3.4710"}
{"event": "ttt", "time": 1791028732.018, "msg": "ttt_chunk:223/245 scored_loss:3.6147"}
{"event": "ttt", "time": 1791028733.226, "msg": "ttt_chunk:224/245 scored_loss:3.5579"}
{"event": "ttt", "time": 1791028734.386, "msg": "ttt_chunk:225/245 scored_loss:3.6990"}
{"event": "ttt", "time": 1791028735.599, "msg": "ttt_chunk:226/245 scored_loss:3.6641"}
{"event": "ttt", "time": 1791028736.808, "msg": "ttt_chunk:227/245 scored_loss:3.6858"}
{"event": "ttt", "time": 1791028738.016, "msg": "ttt_chunk:228/245 scored_loss:3.7421"}
{"event": "ttt", "time": 1791028739.173, "msg": "ttt_chunk:229/245 scored_loss:3.4905"}
{"event": "ttt", "time": 1791028740.427, "msg": "ttt_chunk:230/245 scored_loss:3.4995"}
{"event": "ttt", "time": 1791028741.718, "msg": "ttt_chunk:231/245 scored_loss:3.6156"}
{"event": "ttt", "time": 1791028743.004, "msg": "ttt_chunk:232/245 scored_loss:3.4522"}
{"event": "ttt", "time": 1791028744.151, "msg": "ttt_chunk:233/245 scored_loss:3.3829"}
{"event": "ttt", "time": 1791028745.35, "msg": "ttt_chunk:234/245 scored_loss:3.5182"}
{"event": "ttt", "time": 1791028746.555, "msg": "ttt_chunk:235/245 scored_loss:3.7312"}
{"event": "ttt", "time": 1791028747.757, "msg": "ttt_chunk:236/245 scored_loss:3.4936"}
{"event": "ttt", "time": 1791028749.009, "msg": "ttt_chunk:237/245 scored_loss:3.3754"}
{"event": "ttt", "time": 1791028750.181, "msg": "ttt_chunk:238/245 scored_loss:3.6080"}
{"event": "ttt", "time": 1791028751.429, "msg": "ttt_chunk:239/245 scored_loss:3.8328"}
{"event": "ttt", "time": 1791028752.598, "msg": "ttt_chunk:240/245 scored_loss:3.7388"}
{"event": "ttt", "time": 1791028753.83, "msg": "ttt_chunk:241/245 scored_loss:3.6874"}
{"event": "ttt", "time": 1791028754.989, "msg": "ttt_chunk:242/245 scored_loss:3.7281"}
{"event": "ttt", "time": 1791028756.262, "msg": "ttt_chunk:243/245 scored_loss:3.6045"}
{"event": "ttt", "time": 1791028757.444, "msg": "ttt_chunk:244/245 scored_loss:3.5310"}
{"event": "ttt", "time": 1791028757.734, "msg": "ttt_chunk:245/245 scored_loss:3.5144"}
{"event": "eval_ttt", "time": 1791028757.737, "val_loss": 3.60879, "val_bpb": 2.16245}
{"event": "artifact", "time": 1791028757.799, "path": "artifacts\\Full_int6_asdclip_s555_submission.tar.gz", "bytes": 606432}
{"event": "done", "time": 1791028757.801, "train_time_s": 323.84}
