{"event": "start", "time": 1791025495.113, "run_id": "Full_int6_asdclip_s4242", "seed": 4242, "device": "cpu", "world_size": 1, "python": "3.11.6", "torch": "2.14.1+cpu"}
{"event": "model", "time": 1791025496.615, "params": 822680, "virtual_layers": 8, "parallel_residual": true, "depth_recurrence": true}
{"event": "train", "time": 1791025497.345, "step": 1, "loss": 6.96354, "lr_scale": 1.0, "elapsed_s": 0.72}
{"event": "train", "time": 1791025498.128, "step": 2, "loss": 6.89031, "lr_scale": 1.0, "elapsed_s": 1.51}
{"event": "train", "time": 1791025498.796, "step": 3, "loss": 6.46241, "lr_scale": 1.0, "elapsed_s": 2.18}
{"event": "train", "time": 1791025499.587, "step": 4, "loss": 6.03366, "lr_scale": 1.0, "elapsed_s": 2.97}
{"event": "train", "time": 1791025500.33, "step": 5, "loss": 5.90161, "lr_scale": 1.0, "elapsed_s": 3.71}
{"event": "train", "time": 1791025572.301, "step": 100, "loss": 4.35667, "lr_scale": 1.0, "elapsed_s": 75.68}
{"event": "train", "time": 1791025648.585, "step": 200, "loss": 4.02391, "lr_scale": 1.0, "elapsed_s": 151.96}
{"event": "train", "time": 1791025724.782, "step": 300, "loss": 3.69274, "lr_scale": 0.8417, "elapsed_s": 228.16}
{"event": "train", "time": 1791025800.255, "step": 400, "loss": 3.84151, "lr_scale": 0.0083, "elapsed_s": 303.63}
{"event": "train", "time": 1791025801.036, "step": 401, "loss": 3.2939, "lr_scale": 0.0, "elapsed_s": 304.41}
{"event": "eval_start", "time": 1791025801.039, "val_tokens": 1999872}
{"event": "eval_prequant", "time": 1791025824.397, "val_loss": 3.6009, "val_bpb": 2.15773}
{"event": "quant", "time": 1791025825.335, "scheme": "int6_asdclip", "weight_blob_bytes": 441039, "raw_bytes": 869675, "payload_bytes": 838654, "quant_tensors": 44}
{"event": "eval_postquant", "time": 1791025850.635, "val_loss": 3.71373, "val_bpb": 2.22534}
{"event": "ttt", "time": 1791025851.813, "msg": "ttt_chunk:1/245 scored_loss:3.7507"}
{"event": "ttt", "time": 1791025853.0, "msg": "ttt_chunk:2/245 scored_loss:3.9561"}
{"event": "ttt", "time": 1791025854.258, "msg": "ttt_chunk:3/245 scored_loss:3.7529"}
{"event": "ttt", "time": 1791025855.422, "msg": "ttt_chunk:4/245 scored_loss:3.8360"}
{"event": "ttt", "time": 1791025856.663, "msg": "ttt_chunk:5/245 scored_loss:3.6929"}
{"event": "ttt", "time": 1791025857.865, "msg": "ttt_chunk:6/245 scored_loss:3.5772"}
{"event": "ttt", "time": 1791025859.111, "msg": "ttt_chunk:7/245 scored_loss:3.5153"}
{"event": "ttt", "time": 1791025860.281, "msg": "ttt_chunk:8/245 scored_loss:3.7550"}
{"event": "ttt", "time": 1791025861.517, "msg": "ttt_chunk:9/245 scored_loss:3.5513"}
{"event": "ttt", "time": 1791025862.674, "msg": "ttt_chunk:10/245 scored_loss:3.5519"}
{"event": "ttt", "time": 1791025863.916, "msg": "ttt_chunk:11/245 scored_loss:3.6168"}
{"event": "ttt", "time": 1791025865.091, "msg": "ttt_chunk:12/245 scored_loss:3.7817"}
{"event": "ttt", "time": 1791025866.342, "msg": "ttt_chunk:13/245 scored_loss:3.7239"}
{"event": "ttt", "time": 1791025867.499, "msg": "ttt_chunk:14/245 scored_loss:3.6306"}
{"event": "ttt", "time": 1791025868.783, "msg": "ttt_chunk:15/245 scored_loss:3.6507"}
{"event": "ttt", "time": 1791025869.948, "msg": "ttt_chunk:16/245 scored_loss:3.7238"}
{"event": "ttt", "time": 1791025871.217, "msg": "ttt_chunk:17/245 scored_loss:3.6317"}
{"event": "ttt", "time": 1791025872.399, "msg": "ttt_chunk:18/245 scored_loss:3.5096"}
{"event": "ttt", "time": 1791025873.62, "msg": "ttt_chunk:19/245 scored_loss:3.5745"}
{"event": "ttt", "time": 1791025874.776, "msg": "ttt_chunk:20/245 scored_loss:3.6624"}
{"event": "ttt", "time": 1791025876.023, "msg": "ttt_chunk:21/245 scored_loss:3.4587"}
{"event": "ttt", "time": 1791025877.199, "msg": "ttt_chunk:22/245 scored_loss:3.4022"}
{"event": "ttt", "time": 1791025878.417, "msg": "ttt_chunk:23/245 scored_loss:3.6925"}
{"event": "ttt", "time": 1791025879.577, "msg": "ttt_chunk:24/245 scored_loss:3.6395"}
{"event": "ttt", "time": 1791025880.811, "msg": "ttt_chunk:25/245 scored_loss:3.5902"}
{"event": "ttt", "time": 1791025882.006, "msg": "ttt_chunk:26/245 scored_loss:3.5577"}
{"event": "ttt", "time": 1791025883.187, "msg": "ttt_chunk:27/245 scored_loss:3.3618"}
{"event": "ttt", "time": 1791025884.372, "msg": "ttt_chunk:28/245 scored_loss:3.7138"}
{"event": "ttt", "time": 1791025885.611, "msg": "ttt_chunk:29/245 scored_loss:3.6248"}
{"event": "ttt", "time": 1791025886.839, "msg": "ttt_chunk:30/245 scored_loss:3.5338"}
{"event": "ttt", "time": 1791025888.076, "msg": "ttt_chunk:31/245 scored_loss:3.5944"}
{"event": "ttt", "time": 1791025889.237, "msg": "ttt_chunk:32/245 scored_loss:3.5774"}
{"event": "ttt", "time": 1791025890.469, "msg": "ttt_chunk:33/245 scored_loss:3.7027"}
{"event": "ttt", "time": 1791025891.704, "msg": "ttt_chunk:34/245 scored_loss:3.4848"}
{"event": "ttt", "time": 1791025892.854, "msg": "ttt_chunk:35/245 scored_loss:3.6898"}
{"event": "ttt", "time": 1791025894.073, "msg": "ttt_chunk:36/245 scored_loss:3.6447"}
{"event": "ttt", "time": 1791025895.28, "msg": "ttt_chunk:37/245 scored_loss:3.6597"}
{"event": "ttt", "time": 1791025896.53, "msg": "ttt_chunk:38/245 scored_loss:3.4295"}
{"event": "ttt", "time": 1791025897.673, "msg": "ttt_chunk:39/245 scored_loss:3.6730"}
{"event": "ttt", "time": 1791025898.925, "msg": "ttt_chunk:40/245 scored_loss:3.7569"}
{"event": "ttt", "time": 1791025900.084, "msg": "ttt_chunk:41/245 scored_loss:3.7200"}
{"event": "ttt", "time": 1791025901.335, "msg": "ttt_chunk:42/245 scored_loss:3.5923"}
{"event": "ttt", "time": 1791025902.498, "msg": "ttt_chunk:43/245 scored_loss:3.6078"}
{"event": "ttt", "time": 1791025903.649, "msg": "ttt_chunk:44/245 scored_loss:3.5493"}
{"event": "ttt", "time": 1791025904.912, "msg": "ttt_chunk:45/245 scored_loss:3.2625"}
{"event": "ttt", "time": 1791025906.147, "msg": "ttt_chunk:46/245 scored_loss:3.2353"}
{"event": "ttt", "time": 1791025907.343, "msg": "ttt_chunk:47/245 scored_loss:3.4814"}
{"event": "ttt", "time": 1791025908.518, "msg": "ttt_chunk:48/245 scored_loss:3.7157"}
{"event": "ttt", "time": 1791025909.675, "msg": "ttt_chunk:49/245 scored_loss:3.7300"}
{"event": "ttt", "time": 1791025910.922, "msg": "ttt_chunk:50/245 scored_loss:3.6001"}
{"event": "ttt", "time": 1791025912.09, "msg": "ttt_chunk:51/245 scored_loss:3.7057"}
{"event": "ttt", "time": 1791025913.332, "msg": "ttt_chunk:52/245 scored_loss:3.4044"}
{"event": "ttt", "time": 1791025914.493, "msg": "ttt_chunk:53/245 scored_loss:3.6206"}
{"event": "ttt", "time": 1791025915.764, "msg": "ttt_chunk:54/245 scored_loss:3.4657"}
{"event": "ttt", "time": 1791025916.918, "msg": "ttt_chunk:55/245 scored_loss:3.5737"}
{"event": "ttt", "time": 1791025918.149, "msg": "ttt_chunk:56/245 scored_loss:3.7157"}
{"event": "ttt", "time": 1791025919.318, "msg": "ttt_chunk:57/245 scored_loss:3.5819"}
{"event": "ttt", "time": 1791025920.599, "msg": "ttt_chunk:58/245 scored_loss:3.4914"}
{"event": "ttt", "time": 1791025921.777, "msg": "ttt_chunk:59/245 scored_loss:3.6297"}
{"event": "ttt", "time": 1791025922.941, "msg": "ttt_chunk:60/245 scored_loss:3.6697"}
{"event": "ttt", "time": 1791025924.22, "msg": "ttt_chunk:61/245 scored_loss:3.5966"}
{"event": "ttt", "time": 1791025925.425, "msg": "ttt_chunk:62/245 scored_loss:3.6508"}
{"event": "ttt", "time": 1791025926.645, "msg": "ttt_chunk:63/245 scored_loss:3.6597"}
{"event": "ttt", "time": 1791025927.844, "msg": "ttt_chunk:64/245 scored_loss:3.6145"}
{"event": "ttt", "time": 1791025929.08, "msg": "ttt_chunk:65/245 scored_loss:3.6570"}
{"event": "ttt", "time": 1791025930.258, "msg": "ttt_chunk:66/245 scored_loss:3.6504"}
{"event": "ttt", "time": 1791025931.497, "msg": "ttt_chunk:67/245 scored_loss:3.6294"}
{"event": "ttt", "time": 1791025932.663, "msg": "ttt_chunk:68/245 scored_loss:3.8318"}
{"event": "ttt", "time": 1791025933.864, "msg": "ttt_chunk:69/245 scored_loss:3.6391"}
{"event": "ttt", "time": 1791025935.03, "msg": "ttt_chunk:70/245 scored_loss:3.6704"}
{"event": "ttt", "time": 1791025936.283, "msg": "ttt_chunk:71/245 scored_loss:3.7385"}
{"event": "ttt", "time": 1791025937.448, "msg": "ttt_chunk:72/245 scored_loss:3.7434"}
{"event": "ttt", "time": 1791025938.688, "msg": "ttt_chunk:73/245 scored_loss:3.5492"}
{"event": "ttt", "time": 1791025939.85, "msg": "ttt_chunk:74/245 scored_loss:3.4997"}
{"event": "ttt", "time": 1791025941.085, "msg": "ttt_chunk:75/245 scored_loss:3.5458"}
{"event": "ttt", "time": 1791025942.276, "msg": "ttt_chunk:76/245 scored_loss:3.5090"}
{"event": "ttt", "time": 1791025943.494, "msg": "ttt_chunk:77/245 scored_loss:3.4223"}
{"event": "ttt", "time": 1791025944.647, "msg": "ttt_chunk:78/245 scored_loss:3.7929"}
{"event": "ttt", "time": 1791025945.901, "msg": "ttt_chunk:79/245 scored_loss:3.4412"}
{"event": "ttt", "time": 1791025947.127, "msg": "ttt_chunk:80/245 scored_loss:3.5315"}
{"event": "ttt", "time": 1791025948.332, "msg": "ttt_chunk:81/245 scored_loss:3.3605"}
{"event": "ttt", "time": 1791025949.502, "msg": "ttt_chunk:82/245 scored_loss:3.6184"}
{"event": "ttt", "time": 1791025950.766, "msg": "ttt_chunk:83/245 scored_loss:3.6494"}
{"event": "ttt", "time": 1791025951.941, "msg": "ttt_chunk:84/245 scored_loss:3.4584"}
{"event": "ttt", "time": 1791025953.125, "msg": "ttt_chunk:85/245 scored_loss:3.4842"}
{"event": "ttt", "time": 1791025954.28, "msg": "ttt_chunk:86/245 scored_loss:3.6026"}
{"event": "ttt", "time": 1791025955.54, "msg": "ttt_chunk:87/245 scored_loss:4.3456"}
{"event": "ttt", "time": 1791025956.752, "msg": "ttt_chunk:88/245 scored_loss:3.2690"}
{"event": "ttt", "time": 1791025957.984, "msg": "ttt_chunk:89/245 scored_loss:3.3509"}
{"event": "ttt", "time": 1791025959.145, "msg": "ttt_chunk:90/245 scored_loss:3.7104"}
{"event": "ttt", "time": 1791025960.39, "msg": "ttt_chunk:91/245 scored_loss:3.6237"}
{"event": "ttt", "time": 1791025961.561, "msg": "ttt_chunk:92/245 scored_loss:3.7945"}
{"event": "ttt", "time": 1791025962.795, "msg": "ttt_chunk:93/245 scored_loss:3.5558"}
{"event": "ttt", "time": 1791025963.941, "msg": "ttt_chunk:94/245 scored_loss:3.6243"}
{"event": "ttt", "time": 1791025965.189, "msg": "ttt_chunk:95/245 scored_loss:3.5436"}
{"event": "ttt", "time": 1791025966.394, "msg": "ttt_chunk:96/245 scored_loss:3.6240"}
{"event": "ttt", "time": 1791025967.622, "msg": "ttt_chunk:97/245 scored_loss:3.8173"}
{"event": "ttt", "time": 1791025968.727, "msg": "ttt_chunk:98/245 scored_loss:3.6071"}
{"event": "ttt", "time": 1791025969.996, "msg": "ttt_chunk:99/245 scored_loss:3.5262"}
{"event": "ttt", "time": 1791025971.16, "msg": "ttt_chunk:100/245 scored_loss:3.3693"}
{"event": "ttt", "time": 1791025972.327, "msg": "ttt_chunk:101/245 scored_loss:3.4584"}
{"event": "ttt", "time": 1791025973.587, "msg": "ttt_chunk:102/245 scored_loss:3.5292"}
{"event": "ttt", "time": 1791025974.807, "msg": "ttt_chunk:103/245 scored_loss:3.5790"}
{"event": "ttt", "time": 1791025975.989, "msg": "ttt_chunk:104/245 scored_loss:3.4162"}
{"event": "ttt", "time": 1791025977.189, "msg": "ttt_chunk:105/245 scored_loss:3.4185"}
{"event": "ttt", "time": 1791025978.366, "msg": "ttt_chunk:106/245 scored_loss:3.8266"}
{"event": "ttt", "time": 1791025979.627, "msg": "ttt_chunk:107/245 scored_loss:3.6907"}
{"event": "ttt", "time": 1791025980.797, "msg": "ttt_chunk:108/245 scored_loss:3.5414"}
{"event": "ttt", "time": 1791025982.039, "msg": "ttt_chunk:109/245 scored_loss:3.5299"}
{"event": "ttt", "time": 1791025983.214, "msg": "ttt_chunk:110/245 scored_loss:3.7814"}
{"event": "ttt", "time": 1791025984.439, "msg": "ttt_chunk:111/245 scored_loss:3.6518"}
{"event": "ttt", "time": 1791025985.599, "msg": "ttt_chunk:112/245 scored_loss:3.6263"}
{"event": "ttt", "time": 1791025986.843, "msg": "ttt_chunk:113/245 scored_loss:3.5264"}
{"event": "ttt", "time": 1791025987.959, "msg": "ttt_chunk:114/245 scored_loss:3.6288"}
{"event": "ttt", "time": 1791025989.168, "msg": "ttt_chunk:115/245 scored_loss:3.7175"}
{"event": "ttt", "time": 1791025990.351, "msg": "ttt_chunk:116/245 scored_loss:3.6854"}
{"event": "ttt", "time": 1791025991.604, "msg": "ttt_chunk:117/245 scored_loss:4.0984"}
{"event": "ttt", "time": 1791025992.772, "msg": "ttt_chunk:118/245 scored_loss:3.8132"}
{"event": "ttt", "time": 1791025994.019, "msg": "ttt_chunk:119/245 scored_loss:4.0873"}
{"event": "ttt", "time": 1791025995.192, "msg": "ttt_chunk:120/245 scored_loss:3.6433"}
{"event": "ttt", "time": 1791025996.429, "msg": "ttt_chunk:121/245 scored_loss:3.5430"}
{"event": "ttt", "time": 1791025997.615, "msg": "ttt_chunk:122/245 scored_loss:3.3817"}
{"event": "ttt", "time": 1791025998.852, "msg": "ttt_chunk:123/245 scored_loss:3.6220"}
{"event": "ttt", "time": 1791026000.019, "msg": "ttt_chunk:124/245 scored_loss:3.3573"}
{"event": "ttt", "time": 1791026001.284, "msg": "ttt_chunk:125/245 scored_loss:3.5329"}
{"event": "ttt", "time": 1791026002.452, "msg": "ttt_chunk:126/245 scored_loss:3.6475"}
{"event": "ttt", "time": 1791026003.654, "msg": "ttt_chunk:127/245 scored_loss:3.5784"}
{"event": "ttt", "time": 1791026004.92, "msg": "ttt_chunk:128/245 scored_loss:3.6621"}
{"event": "ttt", "time": 1791026006.171, "msg": "ttt_chunk:129/245 scored_loss:3.3810"}
{"event": "ttt", "time": 1791026007.349, "msg": "ttt_chunk:130/245 scored_loss:3.4590"}
{"event": "ttt", "time": 1791026008.602, "msg": "ttt_chunk:131/245 scored_loss:3.6903"}
{"event": "ttt", "time": 1791026009.824, "msg": "ttt_chunk:132/245 scored_loss:3.6426"}
{"event": "ttt", "time": 1791026011.044, "msg": "ttt_chunk:133/245 scored_loss:3.4340"}
{"event": "ttt", "time": 1791026012.21, "msg": "ttt_chunk:134/245 scored_loss:3.6031"}
{"event": "ttt", "time": 1791026013.471, "msg": "ttt_chunk:135/245 scored_loss:3.5473"}
{"event": "ttt", "time": 1791026014.689, "msg": "ttt_chunk:136/245 scored_loss:3.5142"}
{"event": "ttt", "time": 1791026015.903, "msg": "ttt_chunk:137/245 scored_loss:3.4649"}
{"event": "ttt", "time": 1791026017.078, "msg": "ttt_chunk:138/245 scored_loss:3.5567"}
{"event": "ttt", "time": 1791026018.322, "msg": "ttt_chunk:139/245 scored_loss:3.4124"}
{"event": "ttt", "time": 1791026019.479, "msg": "ttt_chunk:140/245 scored_loss:3.5288"}
{"event": "ttt", "time": 1791026020.7, "msg": "ttt_chunk:141/245 scored_loss:3.5401"}
{"event": "ttt", "time": 1791026021.897, "msg": "ttt_chunk:142/245 scored_loss:3.6231"}
{"event": "ttt", "time": 1791026023.138, "msg": "ttt_chunk:143/245 scored_loss:3.6702"}
{"event": "ttt", "time": 1791026024.309, "msg": "ttt_chunk:144/245 scored_loss:3.6777"}
{"event": "ttt", "time": 1791026025.56, "msg": "ttt_chunk:145/245 scored_loss:3.6042"}
{"event": "ttt", "time": 1791026026.72, "msg": "ttt_chunk:146/245 scored_loss:3.5985"}
{"event": "ttt", "time": 1791026028.017, "msg": "ttt_chunk:147/245 scored_loss:3.7838"}
{"event": "ttt", "time": 1791026029.173, "msg": "ttt_chunk:148/245 scored_loss:3.8452"}
{"event": "ttt", "time": 1791026030.348, "msg": "ttt_chunk:149/245 scored_loss:3.8449"}
{"event": "ttt", "time": 1791026031.516, "msg": "ttt_chunk:150/245 scored_loss:3.7464"}
{"event": "ttt", "time": 1791026032.737, "msg": "ttt_chunk:151/245 scored_loss:3.4182"}
{"event": "ttt", "time": 1791026033.961, "msg": "ttt_chunk:152/245 scored_loss:3.5439"}
{"event": "ttt", "time": 1791026035.139, "msg": "ttt_chunk:153/245 scored_loss:3.4240"}
{"event": "ttt", "time": 1791026036.376, "msg": "ttt_chunk:154/245 scored_loss:3.6769"}
{"event": "ttt", "time": 1791026037.473, "msg": "ttt_chunk:155/245 scored_loss:3.6278"}
{"event": "ttt", "time": 1791026038.751, "msg": "ttt_chunk:156/245 scored_loss:3.5592"}
{"event": "ttt", "time": 1791026039.934, "msg": "ttt_chunk:157/245 scored_loss:3.7914"}
{"event": "ttt", "time": 1791026041.12, "msg": "ttt_chunk:158/245 scored_loss:3.7360"}
{"event": "ttt", "time": 1791026042.384, "msg": "ttt_chunk:159/245 scored_loss:3.5477"}
{"event": "ttt", "time": 1791026043.57, "msg": "ttt_chunk:160/245 scored_loss:3.6175"}
{"event": "ttt", "time": 1791026044.798, "msg": "ttt_chunk:161/245 scored_loss:3.5264"}
{"event": "ttt", "time": 1791026045.971, "msg": "ttt_chunk:162/245 scored_loss:3.6445"}
{"event": "ttt", "time": 1791026047.169, "msg": "ttt_chunk:163/245 scored_loss:3.6644"}
{"event": "ttt", "time": 1791026048.331, "msg": "ttt_chunk:164/245 scored_loss:3.4555"}
{"event": "ttt", "time": 1791026049.598, "msg": "ttt_chunk:165/245 scored_loss:3.4677"}
{"event": "ttt", "time": 1791026050.747, "msg": "ttt_chunk:166/245 scored_loss:3.7494"}
{"event": "ttt", "time": 1791026051.993, "msg": "ttt_chunk:167/245 scored_loss:3.6663"}
{"event": "ttt", "time": 1791026053.172, "msg": "ttt_chunk:168/245 scored_loss:3.6255"}
{"event": "ttt", "time": 1791026054.433, "msg": "ttt_chunk:169/245 scored_loss:3.6617"}
{"event": "ttt", "time": 1791026055.597, "msg": "ttt_chunk:170/245 scored_loss:3.6670"}
{"event": "ttt", "time": 1791026056.869, "msg": "ttt_chunk:171/245 scored_loss:3.6438"}
{"event": "ttt", "time": 1791026058.037, "msg": "ttt_chunk:172/245 scored_loss:3.4812"}
{"event": "ttt", "time": 1791026059.307, "msg": "ttt_chunk:173/245 scored_loss:3.4775"}
{"event": "ttt", "time": 1791026060.523, "msg": "ttt_chunk:174/245 scored_loss:3.7382"}
{"event": "ttt", "time": 1791026061.747, "msg": "ttt_chunk:175/245 scored_loss:3.7330"}
{"event": "ttt", "time": 1791026062.918, "msg": "ttt_chunk:176/245 scored_loss:3.4770"}
{"event": "ttt", "time": 1791026064.147, "msg": "ttt_chunk:177/245 scored_loss:3.5916"}
{"event": "ttt", "time": 1791026065.307, "msg": "ttt_chunk:178/245 scored_loss:3.6133"}
{"event": "ttt", "time": 1791026066.554, "msg": "ttt_chunk:179/245 scored_loss:3.3318"}
{"event": "ttt", "time": 1791026067.7, "msg": "ttt_chunk:180/245 scored_loss:3.5342"}
{"event": "ttt", "time": 1791026068.968, "msg": "ttt_chunk:181/245 scored_loss:3.5579"}
{"event": "ttt", "time": 1791026070.138, "msg": "ttt_chunk:182/245 scored_loss:3.5085"}
{"event": "ttt", "time": 1791026071.386, "msg": "ttt_chunk:183/245 scored_loss:3.5534"}
{"event": "ttt", "time": 1791026072.556, "msg": "ttt_chunk:184/245 scored_loss:3.6280"}
{"event": "ttt", "time": 1791026073.781, "msg": "ttt_chunk:185/245 scored_loss:3.6398"}
{"event": "ttt", "time": 1791026074.927, "msg": "ttt_chunk:186/245 scored_loss:3.8310"}
{"event": "ttt", "time": 1791026076.197, "msg": "ttt_chunk:187/245 scored_loss:3.8160"}
{"event": "ttt", "time": 1791026077.391, "msg": "ttt_chunk:188/245 scored_loss:3.5938"}
{"event": "ttt", "time": 1791026078.64, "msg": "ttt_chunk:189/245 scored_loss:3.6028"}
{"event": "ttt", "time": 1791026079.796, "msg": "ttt_chunk:190/245 scored_loss:3.5683"}
{"event": "ttt", "time": 1791026081.019, "msg": "ttt_chunk:191/245 scored_loss:3.6454"}
{"event": "ttt", "time": 1791026082.198, "msg": "ttt_chunk:192/245 scored_loss:3.7328"}
{"event": "ttt", "time": 1791026083.398, "msg": "ttt_chunk:193/245 scored_loss:3.5203"}
{"event": "ttt", "time": 1791026084.574, "msg": "ttt_chunk:194/245 scored_loss:3.4931"}
{"event": "ttt", "time": 1791026085.84, "msg": "ttt_chunk:195/245 scored_loss:3.4628"}
{"event": "ttt", "time": 1791026087.021, "msg": "ttt_chunk:196/245 scored_loss:3.6999"}
{"event": "ttt", "time": 1791026088.251, "msg": "ttt_chunk:197/245 scored_loss:3.6002"}
{"event": "ttt", "time": 1791026089.42, "msg": "ttt_chunk:198/245 scored_loss:3.5791"}
{"event": "ttt", "time": 1791026090.663, "msg": "ttt_chunk:199/245 scored_loss:3.6505"}
{"event": "ttt", "time": 1791026091.832, "msg": "ttt_chunk:200/245 scored_loss:3.7979"}
{"event": "ttt", "time": 1791026093.017, "msg": "ttt_chunk:201/245 scored_loss:3.6908"}
{"event": "ttt", "time": 1791026094.282, "msg": "ttt_chunk:202/245 scored_loss:3.4052"}
{"event": "ttt", "time": 1791026095.524, "msg": "ttt_chunk:203/245 scored_loss:3.8398"}
{"event": "ttt", "time": 1791026096.692, "msg": "ttt_chunk:204/245 scored_loss:3.6318"}
{"event": "ttt", "time": 1791026097.862, "msg": "ttt_chunk:205/245 scored_loss:3.6887"}
{"event": "ttt", "time": 1791026099.107, "msg": "ttt_chunk:206/245 scored_loss:3.4914"}
{"event": "ttt", "time": 1791026100.331, "msg": "ttt_chunk:207/245 scored_loss:3.2792"}
{"event": "ttt", "time": 1791026101.589, "msg": "ttt_chunk:208/245 scored_loss:3.4235"}
{"event": "ttt", "time": 1791026102.737, "msg": "ttt_chunk:209/245 scored_loss:3.5904"}
{"event": "ttt", "time": 1791026103.964, "msg": "ttt_chunk:210/245 scored_loss:3.5930"}
{"event": "ttt", "time": 1791026105.128, "msg": "ttt_chunk:211/245 scored_loss:3.8053"}
{"event": "ttt", "time": 1791026106.353, "msg": "ttt_chunk:212/245 scored_loss:3.6305"}
{"event": "ttt", "time": 1791026107.5, "msg": "ttt_chunk:213/245 scored_loss:3.6222"}
{"event": "ttt", "time": 1791026108.745, "msg": "ttt_chunk:214/245 scored_loss:3.3873"}
{"event": "ttt", "time": 1791026109.911, "msg": "ttt_chunk:215/245 scored_loss:3.7767"}
{"event": "ttt", "time": 1791026111.087, "msg": "ttt_chunk:216/245 scored_loss:3.7504"}
{"event": "ttt", "time": 1791026112.288, "msg": "ttt_chunk:217/245 scored_loss:3.7585"}
{"event": "ttt", "time": 1791026113.513, "msg": "ttt_chunk:218/245 scored_loss:3.8658"}
{"event": "ttt", "time": 1791026114.666, "msg": "ttt_chunk:219/245 scored_loss:3.8410"}
{"event": "ttt", "time": 1791026115.895, "msg": "ttt_chunk:220/245 scored_loss:3.7070"}
{"event": "ttt", "time": 1791026117.054, "msg": "ttt_chunk:221/245 scored_loss:3.7316"}
{"event": "ttt", "time": 1791026118.31, "msg": "ttt_chunk:222/245 scored_loss:3.4805"}
{"event": "ttt", "time": 1791026119.486, "msg": "ttt_chunk:223/245 scored_loss:3.6159"}
{"event": "ttt", "time": 1791026120.702, "msg": "ttt_chunk:224/245 scored_loss:3.5663"}
{"event": "ttt", "time": 1791026121.856, "msg": "ttt_chunk:225/245 scored_loss:3.7050"}
{"event": "ttt", "time": 1791026123.097, "msg": "ttt_chunk:226/245 scored_loss:3.6666"}
{"event": "ttt", "time": 1791026124.266, "msg": "ttt_chunk:227/245 scored_loss:3.6859"}
{"event": "ttt", "time": 1791026125.525, "msg": "ttt_chunk:228/245 scored_loss:3.7447"}
{"event": "ttt", "time": 1791026126.685, "msg": "ttt_chunk:229/245 scored_loss:3.4864"}
{"event": "ttt", "time": 1791026127.906, "msg": "ttt_chunk:230/245 scored_loss:3.4939"}
{"event": "ttt", "time": 1791026129.115, "msg": "ttt_chunk:231/245 scored_loss:3.6329"}
{"event": "ttt", "time": 1791026130.245, "msg": "ttt_chunk:232/245 scored_loss:3.4652"}
{"event": "ttt", "time": 1791026131.44, "msg": "ttt_chunk:233/245 scored_loss:3.3768"}
{"event": "ttt", "time": 1791026132.71, "msg": "ttt_chunk:234/245 scored_loss:3.5069"}
{"event": "ttt", "time": 1791026133.919, "msg": "ttt_chunk:235/245 scored_loss:3.7469"}
{"event": "ttt", "time": 1791026135.099, "msg": "ttt_chunk:236/245 scored_loss:3.5106"}
{"event": "ttt", "time": 1791026136.31, "msg": "ttt_chunk:237/245 scored_loss:3.3786"}
{"event": "ttt", "time": 1791026137.476, "msg": "ttt_chunk:238/245 scored_loss:3.5862"}
{"event": "ttt", "time": 1791026138.742, "msg": "ttt_chunk:239/245 scored_loss:3.8488"}
{"event": "ttt", "time": 1791026139.874, "msg": "ttt_chunk:240/245 scored_loss:3.7111"}
{"event": "ttt", "time": 1791026141.07, "msg": "ttt_chunk:241/245 scored_loss:3.6898"}
{"event": "ttt", "time": 1791026142.317, "msg": "ttt_chunk:242/245 scored_loss:3.7419"}
{"event": "ttt", "time": 1791026143.55, "msg": "ttt_chunk:243/245 scored_loss:3.6158"}
{"event": "ttt", "time": 1791026144.708, "msg": "ttt_chunk:244/245 scored_loss:3.5415"}
{"event": "ttt", "time": 1791026145.001, "msg": "ttt_chunk:245/245 scored_loss:3.5275"}
{"event": "eval_ttt", "time": 1791026145.006, "val_loss": 3.6111, "val_bpb": 2.16384}
{"event": "artifact", "time": 1791026145.054, "path": "artifacts\\Full_int6_asdclip_s4242_submission.tar.gz", "bytes": 606272}
{"event": "done", "time": 1791026145.055, "train_time_s": 304.42}
