{"event": "start", "time": 1791032295.497, "run_id": "Full_int6_asdclip_s1234", "seed": 1234, "device": "cpu", "world_size": 1, "python": "3.11.6", "torch": "2.14.1+cpu"}
{"event": "model", "time": 1791032297.009, "params": 822680, "virtual_layers": 8, "parallel_residual": true, "depth_recurrence": true}
{"event": "train", "time": 1791032297.73, "step": 1, "loss": 6.9646, "lr_scale": 1.0, "elapsed_s": 0.71}
{"event": "train", "time": 1791032298.516, "step": 2, "loss": 6.94662, "lr_scale": 1.0, "elapsed_s": 1.5}
{"event": "train", "time": 1791032299.219, "step": 3, "loss": 6.50598, "lr_scale": 1.0, "elapsed_s": 2.2}
{"event": "train", "time": 1791032300.037, "step": 4, "loss": 6.00134, "lr_scale": 1.0, "elapsed_s": 3.02}
{"event": "train", "time": 1791032300.778, "step": 5, "loss": 5.89418, "lr_scale": 1.0, "elapsed_s": 3.76}
{"event": "train", "time": 1791032375.164, "step": 100, "loss": 4.36414, "lr_scale": 1.0, "elapsed_s": 78.15}
{"event": "train", "time": 1791032456.103, "step": 200, "loss": 4.03406, "lr_scale": 1.0, "elapsed_s": 159.09}
{"event": "train", "time": 1791032538.008, "step": 300, "loss": 3.69753, "lr_scale": 0.8417, "elapsed_s": 240.99}
{"event": "train", "time": 1791032619.164, "step": 400, "loss": 3.82802, "lr_scale": 0.0083, "elapsed_s": 322.15}
{"event": "train", "time": 1791032619.987, "step": 401, "loss": 3.30323, "lr_scale": 0.0, "elapsed_s": 322.97}
{"event": "eval_start", "time": 1791032619.991, "val_tokens": 1999872}
{"event": "eval_prequant", "time": 1791032643.974, "val_loss": 3.59927, "val_bpb": 2.15675}
{"event": "quant", "time": 1791032644.949, "scheme": "int6_asdclip", "weight_blob_bytes": 440672, "raw_bytes": 869675, "payload_bytes": 838654, "quant_tensors": 44}
{"event": "eval_postquant", "time": 1791032672.159, "val_loss": 3.68758, "val_bpb": 2.20967}
{"event": "ttt", "time": 1791032673.446, "msg": "ttt_chunk:1/245 scored_loss:3.7169"}
{"event": "ttt", "time": 1791032674.639, "msg": "ttt_chunk:2/245 scored_loss:3.9080"}
{"event": "ttt", "time": 1791032675.872, "msg": "ttt_chunk:3/245 scored_loss:3.7395"}
{"event": "ttt", "time": 1791032677.053, "msg": "ttt_chunk:4/245 scored_loss:3.8268"}
{"event": "ttt", "time": 1791032678.309, "msg": "ttt_chunk:5/245 scored_loss:3.7053"}
{"event": "ttt", "time": 1791032679.468, "msg": "ttt_chunk:6/245 scored_loss:3.5697"}
{"event": "ttt", "time": 1791032680.694, "msg": "ttt_chunk:7/245 scored_loss:3.4973"}
{"event": "ttt", "time": 1791032681.897, "msg": "ttt_chunk:8/245 scored_loss:3.7485"}
{"event": "ttt", "time": 1791032683.161, "msg": "ttt_chunk:9/245 scored_loss:3.5417"}
{"event": "ttt", "time": 1791032684.293, "msg": "ttt_chunk:10/245 scored_loss:3.5540"}
{"event": "ttt", "time": 1791032685.514, "msg": "ttt_chunk:11/245 scored_loss:3.6158"}
{"event": "ttt", "time": 1791032686.69, "msg": "ttt_chunk:12/245 scored_loss:3.7948"}
{"event": "ttt", "time": 1791032687.958, "msg": "ttt_chunk:13/245 scored_loss:3.7146"}
{"event": "ttt", "time": 1791032689.12, "msg": "ttt_chunk:14/245 scored_loss:3.6208"}
{"event": "ttt", "time": 1791032690.398, "msg": "ttt_chunk:15/245 scored_loss:3.6461"}
{"event": "ttt", "time": 1791032691.566, "msg": "ttt_chunk:16/245 scored_loss:3.7186"}
{"event": "ttt", "time": 1791032692.79, "msg": "ttt_chunk:17/245 scored_loss:3.6321"}
{"event": "ttt", "time": 1791032693.967, "msg": "ttt_chunk:18/245 scored_loss:3.4984"}
{"event": "ttt", "time": 1791032695.265, "msg": "ttt_chunk:19/245 scored_loss:3.5772"}
{"event": "ttt", "time": 1791032696.451, "msg": "ttt_chunk:20/245 scored_loss:3.6502"}
{"event": "ttt", "time": 1791032697.701, "msg": "ttt_chunk:21/245 scored_loss:3.4652"}
{"event": "ttt", "time": 1791032698.831, "msg": "ttt_chunk:22/245 scored_loss:3.4095"}
{"event": "ttt", "time": 1791032700.026, "msg": "ttt_chunk:23/245 scored_loss:3.6896"}
{"event": "ttt", "time": 1791032701.285, "msg": "ttt_chunk:24/245 scored_loss:3.6505"}
{"event": "ttt", "time": 1791032702.534, "msg": "ttt_chunk:25/245 scored_loss:3.5854"}
{"event": "ttt", "time": 1791032703.716, "msg": "ttt_chunk:26/245 scored_loss:3.5624"}
{"event": "ttt", "time": 1791032704.946, "msg": "ttt_chunk:27/245 scored_loss:3.3531"}
{"event": "ttt", "time": 1791032706.108, "msg": "ttt_chunk:28/245 scored_loss:3.7097"}
{"event": "ttt", "time": 1791032707.377, "msg": "ttt_chunk:29/245 scored_loss:3.6186"}
{"event": "ttt", "time": 1791032708.608, "msg": "ttt_chunk:30/245 scored_loss:3.5254"}
{"event": "ttt", "time": 1791032709.846, "msg": "ttt_chunk:31/245 scored_loss:3.5907"}
{"event": "ttt", "time": 1791032711.015, "msg": "ttt_chunk:32/245 scored_loss:3.5861"}
{"event": "ttt", "time": 1791032712.246, "msg": "ttt_chunk:33/245 scored_loss:3.7099"}
{"event": "ttt", "time": 1791032713.496, "msg": "ttt_chunk:34/245 scored_loss:3.4914"}
{"event": "ttt", "time": 1791032714.658, "msg": "ttt_chunk:35/245 scored_loss:3.6829"}
{"event": "ttt", "time": 1791032715.88, "msg": "ttt_chunk:36/245 scored_loss:3.6250"}
{"event": "ttt", "time": 1791032717.084, "msg": "ttt_chunk:37/245 scored_loss:3.6521"}
{"event": "ttt", "time": 1791032718.365, "msg": "ttt_chunk:38/245 scored_loss:3.4244"}
{"event": "ttt", "time": 1791032719.545, "msg": "ttt_chunk:39/245 scored_loss:3.6721"}
{"event": "ttt", "time": 1791032720.824, "msg": "ttt_chunk:40/245 scored_loss:3.7607"}
{"event": "ttt", "time": 1791032721.996, "msg": "ttt_chunk:41/245 scored_loss:3.7137"}
{"event": "ttt", "time": 1791032723.276, "msg": "ttt_chunk:42/245 scored_loss:3.5948"}
{"event": "ttt", "time": 1791032724.453, "msg": "ttt_chunk:43/245 scored_loss:3.5955"}
{"event": "ttt", "time": 1791032725.669, "msg": "ttt_chunk:44/245 scored_loss:3.5319"}
{"event": "ttt", "time": 1791032726.845, "msg": "ttt_chunk:45/245 scored_loss:3.3114"}
{"event": "ttt", "time": 1791032728.148, "msg": "ttt_chunk:46/245 scored_loss:3.3092"}
{"event": "ttt", "time": 1791032729.346, "msg": "ttt_chunk:47/245 scored_loss:3.5104"}
{"event": "ttt", "time": 1791032730.571, "msg": "ttt_chunk:48/245 scored_loss:3.7229"}
{"event": "ttt", "time": 1791032731.753, "msg": "ttt_chunk:49/245 scored_loss:3.7124"}
{"event": "ttt", "time": 1791032733.023, "msg": "ttt_chunk:50/245 scored_loss:3.6042"}
{"event": "ttt", "time": 1791032734.184, "msg": "ttt_chunk:51/245 scored_loss:3.7249"}
{"event": "ttt", "time": 1791032735.425, "msg": "ttt_chunk:52/245 scored_loss:3.3986"}
{"event": "ttt", "time": 1791032736.637, "msg": "ttt_chunk:53/245 scored_loss:3.6136"}
{"event": "ttt", "time": 1791032737.983, "msg": "ttt_chunk:54/245 scored_loss:3.4681"}
{"event": "ttt", "time": 1791032739.216, "msg": "ttt_chunk:55/245 scored_loss:3.5730"}
{"event": "ttt", "time": 1791032740.454, "msg": "ttt_chunk:56/245 scored_loss:3.7171"}
{"event": "ttt", "time": 1791032741.62, "msg": "ttt_chunk:57/245 scored_loss:3.5768"}
{"event": "ttt", "time": 1791032742.873, "msg": "ttt_chunk:58/245 scored_loss:3.5111"}
{"event": "ttt", "time": 1791032744.077, "msg": "ttt_chunk:59/245 scored_loss:3.6261"}
{"event": "ttt", "time": 1791032745.284, "msg": "ttt_chunk:60/245 scored_loss:3.6732"}
{"event": "ttt", "time": 1791032746.47, "msg": "ttt_chunk:61/245 scored_loss:3.5854"}
{"event": "ttt", "time": 1791032747.691, "msg": "ttt_chunk:62/245 scored_loss:3.6198"}
{"event": "ttt", "time": 1791032748.938, "msg": "ttt_chunk:63/245 scored_loss:3.6677"}
{"event": "ttt", "time": 1791032750.176, "msg": "ttt_chunk:64/245 scored_loss:3.5989"}
{"event": "ttt", "time": 1791032751.401, "msg": "ttt_chunk:65/245 scored_loss:3.6769"}
{"event": "ttt", "time": 1791032752.569, "msg": "ttt_chunk:66/245 scored_loss:3.6370"}
{"event": "ttt", "time": 1791032753.821, "msg": "ttt_chunk:67/245 scored_loss:3.6365"}
{"event": "ttt", "time": 1791032755.005, "msg": "ttt_chunk:68/245 scored_loss:3.8337"}
{"event": "ttt", "time": 1791032756.163, "msg": "ttt_chunk:69/245 scored_loss:3.6191"}
{"event": "ttt", "time": 1791032757.395, "msg": "ttt_chunk:70/245 scored_loss:3.6552"}
{"event": "ttt", "time": 1791032758.656, "msg": "ttt_chunk:71/245 scored_loss:3.7319"}
{"event": "ttt", "time": 1791032759.832, "msg": "ttt_chunk:72/245 scored_loss:3.7573"}
{"event": "ttt", "time": 1791032761.1, "msg": "ttt_chunk:73/245 scored_loss:3.5657"}
{"event": "ttt", "time": 1791032762.303, "msg": "ttt_chunk:74/245 scored_loss:3.4989"}
{"event": "ttt", "time": 1791032763.574, "msg": "ttt_chunk:75/245 scored_loss:3.5468"}
{"event": "ttt", "time": 1791032764.758, "msg": "ttt_chunk:76/245 scored_loss:3.5056"}
{"event": "ttt", "time": 1791032766.01, "msg": "ttt_chunk:77/245 scored_loss:3.4237"}
{"event": "ttt", "time": 1791032767.189, "msg": "ttt_chunk:78/245 scored_loss:3.7779"}
{"event": "ttt", "time": 1791032768.478, "msg": "ttt_chunk:79/245 scored_loss:3.4303"}
{"event": "ttt", "time": 1791032769.693, "msg": "ttt_chunk:80/245 scored_loss:3.5355"}
{"event": "ttt", "time": 1791032771.012, "msg": "ttt_chunk:81/245 scored_loss:3.3595"}
{"event": "ttt", "time": 1791032772.211, "msg": "ttt_chunk:82/245 scored_loss:3.6023"}
{"event": "ttt", "time": 1791032773.482, "msg": "ttt_chunk:83/245 scored_loss:3.6687"}
{"event": "ttt", "time": 1791032774.638, "msg": "ttt_chunk:84/245 scored_loss:3.4544"}
{"event": "ttt", "time": 1791032775.857, "msg": "ttt_chunk:85/245 scored_loss:3.4849"}
{"event": "ttt", "time": 1791032777.029, "msg": "ttt_chunk:86/245 scored_loss:3.5943"}
{"event": "ttt", "time": 1791032778.291, "msg": "ttt_chunk:87/245 scored_loss:4.3231"}
{"event": "ttt", "time": 1791032779.459, "msg": "ttt_chunk:88/245 scored_loss:3.2573"}
{"event": "ttt", "time": 1791032780.694, "msg": "ttt_chunk:89/245 scored_loss:3.3237"}
{"event": "ttt", "time": 1791032781.864, "msg": "ttt_chunk:90/245 scored_loss:3.7297"}
{"event": "ttt", "time": 1791032783.152, "msg": "ttt_chunk:91/245 scored_loss:3.6117"}
{"event": "ttt", "time": 1791032784.343, "msg": "ttt_chunk:92/245 scored_loss:3.7948"}
{"event": "ttt", "time": 1791032785.571, "msg": "ttt_chunk:93/245 scored_loss:3.5723"}
{"event": "ttt", "time": 1791032786.722, "msg": "ttt_chunk:94/245 scored_loss:3.6202"}
{"event": "ttt", "time": 1791032787.938, "msg": "ttt_chunk:95/245 scored_loss:3.5395"}
{"event": "ttt", "time": 1791032789.122, "msg": "ttt_chunk:96/245 scored_loss:3.6285"}
{"event": "ttt", "time": 1791032790.352, "msg": "ttt_chunk:97/245 scored_loss:3.7837"}
{"event": "ttt", "time": 1791032791.523, "msg": "ttt_chunk:98/245 scored_loss:3.5998"}
{"event": "ttt", "time": 1791032792.766, "msg": "ttt_chunk:99/245 scored_loss:3.5137"}
{"event": "ttt", "time": 1791032793.955, "msg": "ttt_chunk:100/245 scored_loss:3.3711"}
{"event": "ttt", "time": 1791032795.177, "msg": "ttt_chunk:101/245 scored_loss:3.4620"}
{"event": "ttt", "time": 1791032796.412, "msg": "ttt_chunk:102/245 scored_loss:3.5141"}
{"event": "ttt", "time": 1791032797.646, "msg": "ttt_chunk:103/245 scored_loss:3.5559"}
{"event": "ttt", "time": 1791032798.801, "msg": "ttt_chunk:104/245 scored_loss:3.4198"}
{"event": "ttt", "time": 1791032800.018, "msg": "ttt_chunk:105/245 scored_loss:3.4324"}
{"event": "ttt", "time": 1791032801.247, "msg": "ttt_chunk:106/245 scored_loss:3.8459"}
{"event": "ttt", "time": 1791032802.457, "msg": "ttt_chunk:107/245 scored_loss:3.6849"}
{"event": "ttt", "time": 1791032803.701, "msg": "ttt_chunk:108/245 scored_loss:3.5445"}
{"event": "ttt", "time": 1791032805.04, "msg": "ttt_chunk:109/245 scored_loss:3.5523"}
{"event": "ttt", "time": 1791032806.256, "msg": "ttt_chunk:110/245 scored_loss:3.7906"}
{"event": "ttt", "time": 1791032807.485, "msg": "ttt_chunk:111/245 scored_loss:3.6492"}
{"event": "ttt", "time": 1791032808.65, "msg": "ttt_chunk:112/245 scored_loss:3.6406"}
{"event": "ttt", "time": 1791032809.897, "msg": "ttt_chunk:113/245 scored_loss:3.5283"}
{"event": "ttt", "time": 1791032811.093, "msg": "ttt_chunk:114/245 scored_loss:3.6407"}
{"event": "ttt", "time": 1791032812.3, "msg": "ttt_chunk:115/245 scored_loss:3.7300"}
{"event": "ttt", "time": 1791032813.506, "msg": "ttt_chunk:116/245 scored_loss:3.6862"}
{"event": "ttt", "time": 1791032814.76, "msg": "ttt_chunk:117/245 scored_loss:4.0908"}
{"event": "ttt", "time": 1791032815.901, "msg": "ttt_chunk:118/245 scored_loss:3.8145"}
{"event": "ttt", "time": 1791032817.158, "msg": "ttt_chunk:119/245 scored_loss:4.0791"}
{"event": "ttt", "time": 1791032818.355, "msg": "ttt_chunk:120/245 scored_loss:3.6420"}
{"event": "ttt", "time": 1791032819.587, "msg": "ttt_chunk:121/245 scored_loss:3.5501"}
{"event": "ttt", "time": 1791032820.789, "msg": "ttt_chunk:122/245 scored_loss:3.3874"}
{"event": "ttt", "time": 1791032822.05, "msg": "ttt_chunk:123/245 scored_loss:3.6226"}
{"event": "ttt", "time": 1791032823.274, "msg": "ttt_chunk:124/245 scored_loss:3.3724"}
{"event": "ttt", "time": 1791032824.515, "msg": "ttt_chunk:125/245 scored_loss:3.5240"}
{"event": "ttt", "time": 1791032825.683, "msg": "ttt_chunk:126/245 scored_loss:3.6431"}
{"event": "ttt", "time": 1791032826.95, "msg": "ttt_chunk:127/245 scored_loss:3.5879"}
{"event": "ttt", "time": 1791032828.132, "msg": "ttt_chunk:128/245 scored_loss:3.6410"}
{"event": "ttt", "time": 1791032829.381, "msg": "ttt_chunk:129/245 scored_loss:3.3705"}
{"event": "ttt", "time": 1791032830.524, "msg": "ttt_chunk:130/245 scored_loss:3.4475"}
{"event": "ttt", "time": 1791032831.815, "msg": "ttt_chunk:131/245 scored_loss:3.6839"}
{"event": "ttt", "time": 1791032832.985, "msg": "ttt_chunk:132/245 scored_loss:3.6559"}
{"event": "ttt", "time": 1791032834.23, "msg": "ttt_chunk:133/245 scored_loss:3.4311"}
{"event": "ttt", "time": 1791032835.406, "msg": "ttt_chunk:134/245 scored_loss:3.6027"}
{"event": "ttt", "time": 1791032836.654, "msg": "ttt_chunk:135/245 scored_loss:3.5298"}
{"event": "ttt", "time": 1791032837.842, "msg": "ttt_chunk:136/245 scored_loss:3.4969"}
{"event": "ttt", "time": 1791032839.092, "msg": "ttt_chunk:137/245 scored_loss:3.4544"}
{"event": "ttt", "time": 1791032840.232, "msg": "ttt_chunk:138/245 scored_loss:3.5510"}
{"event": "ttt", "time": 1791032841.512, "msg": "ttt_chunk:139/245 scored_loss:3.4201"}
{"event": "ttt", "time": 1791032842.672, "msg": "ttt_chunk:140/245 scored_loss:3.5178"}
{"event": "ttt", "time": 1791032843.973, "msg": "ttt_chunk:141/245 scored_loss:3.5334"}
{"event": "ttt", "time": 1791032845.161, "msg": "ttt_chunk:142/245 scored_loss:3.6171"}
{"event": "ttt", "time": 1791032846.405, "msg": "ttt_chunk:143/245 scored_loss:3.6892"}
{"event": "ttt", "time": 1791032847.587, "msg": "ttt_chunk:144/245 scored_loss:3.6778"}
{"event": "ttt", "time": 1791032848.86, "msg": "ttt_chunk:145/245 scored_loss:3.6076"}
{"event": "ttt", "time": 1791032850.028, "msg": "ttt_chunk:146/245 scored_loss:3.5878"}
{"event": "ttt", "time": 1791032851.31, "msg": "ttt_chunk:147/245 scored_loss:3.7903"}
{"event": "ttt", "time": 1791032852.536, "msg": "ttt_chunk:148/245 scored_loss:3.8443"}
{"event": "ttt", "time": 1791032853.721, "msg": "ttt_chunk:149/245 scored_loss:3.8778"}
{"event": "ttt", "time": 1791032854.914, "msg": "ttt_chunk:150/245 scored_loss:3.7924"}
{"event": "ttt", "time": 1791032856.115, "msg": "ttt_chunk:151/245 scored_loss:3.4263"}
{"event": "ttt", "time": 1791032857.379, "msg": "ttt_chunk:152/245 scored_loss:3.5339"}
{"event": "ttt", "time": 1791032858.549, "msg": "ttt_chunk:153/245 scored_loss:3.4247"}
{"event": "ttt", "time": 1791032859.827, "msg": "ttt_chunk:154/245 scored_loss:3.6852"}
{"event": "ttt", "time": 1791032860.994, "msg": "ttt_chunk:155/245 scored_loss:3.6351"}
{"event": "ttt", "time": 1791032862.329, "msg": "ttt_chunk:156/245 scored_loss:3.5584"}
{"event": "ttt", "time": 1791032863.527, "msg": "ttt_chunk:157/245 scored_loss:3.7565"}
{"event": "ttt", "time": 1791032864.781, "msg": "ttt_chunk:158/245 scored_loss:3.6993"}
{"event": "ttt", "time": 1791032866.02, "msg": "ttt_chunk:159/245 scored_loss:3.5410"}
{"event": "ttt", "time": 1791032867.226, "msg": "ttt_chunk:160/245 scored_loss:3.6091"}
{"event": "ttt", "time": 1791032868.504, "msg": "ttt_chunk:161/245 scored_loss:3.5203"}
{"event": "ttt", "time": 1791032869.72, "msg": "ttt_chunk:162/245 scored_loss:3.6455"}
{"event": "ttt", "time": 1791032871.047, "msg": "ttt_chunk:163/245 scored_loss:3.6525"}
{"event": "ttt", "time": 1791032872.33, "msg": "ttt_chunk:164/245 scored_loss:3.4439"}
{"event": "ttt", "time": 1791032873.596, "msg": "ttt_chunk:165/245 scored_loss:3.4636"}
{"event": "ttt", "time": 1791032874.74, "msg": "ttt_chunk:166/245 scored_loss:3.7647"}
{"event": "ttt", "time": 1791032875.974, "msg": "ttt_chunk:167/245 scored_loss:3.6506"}
{"event": "ttt", "time": 1791032877.154, "msg": "ttt_chunk:168/245 scored_loss:3.6168"}
{"event": "ttt", "time": 1791032878.385, "msg": "ttt_chunk:169/245 scored_loss:3.6793"}
{"event": "ttt", "time": 1791032879.543, "msg": "ttt_chunk:170/245 scored_loss:3.6861"}
{"event": "ttt", "time": 1791032880.779, "msg": "ttt_chunk:171/245 scored_loss:3.6383"}
{"event": "ttt", "time": 1791032882.019, "msg": "ttt_chunk:172/245 scored_loss:3.4996"}
{"event": "ttt", "time": 1791032883.266, "msg": "ttt_chunk:173/245 scored_loss:3.4744"}
{"event": "ttt", "time": 1791032884.422, "msg": "ttt_chunk:174/245 scored_loss:3.7374"}
{"event": "ttt", "time": 1791032885.698, "msg": "ttt_chunk:175/245 scored_loss:3.7409"}
{"event": "ttt", "time": 1791032886.865, "msg": "ttt_chunk:176/245 scored_loss:3.4751"}
{"event": "ttt", "time": 1791032888.119, "msg": "ttt_chunk:177/245 scored_loss:3.5907"}
{"event": "ttt", "time": 1791032889.278, "msg": "ttt_chunk:178/245 scored_loss:3.5994"}
{"event": "ttt", "time": 1791032890.521, "msg": "ttt_chunk:179/245 scored_loss:3.3183"}
{"event": "ttt", "time": 1791032891.739, "msg": "ttt_chunk:180/245 scored_loss:3.5266"}
{"event": "ttt", "time": 1791032892.996, "msg": "ttt_chunk:181/245 scored_loss:3.5472"}
{"event": "ttt", "time": 1791032894.154, "msg": "ttt_chunk:182/245 scored_loss:3.5060"}
{"event": "ttt", "time": 1791032895.419, "msg": "ttt_chunk:183/245 scored_loss:3.5578"}
{"event": "ttt", "time": 1791032896.605, "msg": "ttt_chunk:184/245 scored_loss:3.6398"}
{"event": "ttt", "time": 1791032897.88, "msg": "ttt_chunk:185/245 scored_loss:3.6389"}
{"event": "ttt", "time": 1791032899.109, "msg": "ttt_chunk:186/245 scored_loss:3.8023"}
{"event": "ttt", "time": 1791032900.344, "msg": "ttt_chunk:187/245 scored_loss:3.8076"}
{"event": "ttt", "time": 1791032901.541, "msg": "ttt_chunk:188/245 scored_loss:3.6089"}
{"event": "ttt", "time": 1791032902.792, "msg": "ttt_chunk:189/245 scored_loss:3.5844"}
{"event": "ttt", "time": 1791032903.944, "msg": "ttt_chunk:190/245 scored_loss:3.5733"}
{"event": "ttt", "time": 1791032905.21, "msg": "ttt_chunk:191/245 scored_loss:3.6340"}
{"event": "ttt", "time": 1791032906.434, "msg": "ttt_chunk:192/245 scored_loss:3.7121"}
{"event": "ttt", "time": 1791032907.654, "msg": "ttt_chunk:193/245 scored_loss:3.5372"}
{"event": "ttt", "time": 1791032908.844, "msg": "ttt_chunk:194/245 scored_loss:3.4963"}
{"event": "ttt", "time": 1791032910.112, "msg": "ttt_chunk:195/245 scored_loss:3.4360"}
{"event": "ttt", "time": 1791032911.301, "msg": "ttt_chunk:196/245 scored_loss:3.6660"}
{"event": "ttt", "time": 1791032912.672, "msg": "ttt_chunk:197/245 scored_loss:3.6103"}
{"event": "ttt", "time": 1791032913.859, "msg": "ttt_chunk:198/245 scored_loss:3.5948"}
{"event": "ttt", "time": 1791032915.13, "msg": "ttt_chunk:199/245 scored_loss:3.6520"}
{"event": "ttt", "time": 1791032916.357, "msg": "ttt_chunk:200/245 scored_loss:3.8025"}
{"event": "ttt", "time": 1791032917.59, "msg": "ttt_chunk:201/245 scored_loss:3.6923"}
{"event": "ttt", "time": 1791032918.852, "msg": "ttt_chunk:202/245 scored_loss:3.3958"}
{"event": "ttt", "time": 1791032920.019, "msg": "ttt_chunk:203/245 scored_loss:3.8270"}
{"event": "ttt", "time": 1791032921.247, "msg": "ttt_chunk:204/245 scored_loss:3.6412"}
{"event": "ttt", "time": 1791032922.412, "msg": "ttt_chunk:205/245 scored_loss:3.6821"}
{"event": "ttt", "time": 1791032923.639, "msg": "ttt_chunk:206/245 scored_loss:3.4985"}
{"event": "ttt", "time": 1791032924.812, "msg": "ttt_chunk:207/245 scored_loss:3.3088"}
{"event": "ttt", "time": 1791032926.065, "msg": "ttt_chunk:208/245 scored_loss:3.4388"}
{"event": "ttt", "time": 1791032927.239, "msg": "ttt_chunk:209/245 scored_loss:3.5847"}
{"event": "ttt", "time": 1791032928.474, "msg": "ttt_chunk:210/245 scored_loss:3.6006"}
{"event": "ttt", "time": 1791032929.673, "msg": "ttt_chunk:211/245 scored_loss:3.8059"}
{"event": "ttt", "time": 1791032930.903, "msg": "ttt_chunk:212/245 scored_loss:3.6357"}
{"event": "ttt", "time": 1791032932.066, "msg": "ttt_chunk:213/245 scored_loss:3.6286"}
{"event": "ttt", "time": 1791032933.329, "msg": "ttt_chunk:214/245 scored_loss:3.3859"}
{"event": "ttt", "time": 1791032934.487, "msg": "ttt_chunk:215/245 scored_loss:3.7736"}
{"event": "ttt", "time": 1791032935.735, "msg": "ttt_chunk:216/245 scored_loss:3.7460"}
{"event": "ttt", "time": 1791032936.911, "msg": "ttt_chunk:217/245 scored_loss:3.7511"}
{"event": "ttt", "time": 1791032938.197, "msg": "ttt_chunk:218/245 scored_loss:3.8766"}
{"event": "ttt", "time": 1791032939.374, "msg": "ttt_chunk:219/245 scored_loss:3.8534"}
{"event": "ttt", "time": 1791032940.591, "msg": "ttt_chunk:220/245 scored_loss:3.7272"}
{"event": "ttt", "time": 1791032941.776, "msg": "ttt_chunk:221/245 scored_loss:3.7390"}
{"event": "ttt", "time": 1791032943.033, "msg": "ttt_chunk:222/245 scored_loss:3.4735"}
{"event": "ttt", "time": 1791032944.214, "msg": "ttt_chunk:223/245 scored_loss:3.6050"}
{"event": "ttt", "time": 1791032945.424, "msg": "ttt_chunk:224/245 scored_loss:3.5579"}
{"event": "ttt", "time": 1791032946.575, "msg": "ttt_chunk:225/245 scored_loss:3.6814"}
{"event": "ttt", "time": 1791032947.852, "msg": "ttt_chunk:226/245 scored_loss:3.6491"}
{"event": "ttt", "time": 1791032949.008, "msg": "ttt_chunk:227/245 scored_loss:3.6810"}
{"event": "ttt", "time": 1791032950.252, "msg": "ttt_chunk:228/245 scored_loss:3.7551"}
{"event": "ttt", "time": 1791032951.44, "msg": "ttt_chunk:229/245 scored_loss:3.4871"}
{"event": "ttt", "time": 1791032952.745, "msg": "ttt_chunk:230/245 scored_loss:3.4999"}
{"event": "ttt", "time": 1791032953.932, "msg": "ttt_chunk:231/245 scored_loss:3.6243"}
{"event": "ttt", "time": 1791032955.129, "msg": "ttt_chunk:232/245 scored_loss:3.4588"}
{"event": "ttt", "time": 1791032956.282, "msg": "ttt_chunk:233/245 scored_loss:3.3979"}
{"event": "ttt", "time": 1791032957.528, "msg": "ttt_chunk:234/245 scored_loss:3.5182"}
{"event": "ttt", "time": 1791032958.767, "msg": "ttt_chunk:235/245 scored_loss:3.7508"}
{"event": "ttt", "time": 1791032960.016, "msg": "ttt_chunk:236/245 scored_loss:3.5095"}
{"event": "ttt", "time": 1791032961.195, "msg": "ttt_chunk:237/245 scored_loss:3.3862"}
{"event": "ttt", "time": 1791032962.355, "msg": "ttt_chunk:238/245 scored_loss:3.6007"}
{"event": "ttt", "time": 1791032963.64, "msg": "ttt_chunk:239/245 scored_loss:3.8360"}
{"event": "ttt", "time": 1791032964.81, "msg": "ttt_chunk:240/245 scored_loss:3.7079"}
{"event": "ttt", "time": 1791032966.021, "msg": "ttt_chunk:241/245 scored_loss:3.6825"}
{"event": "ttt", "time": 1791032967.201, "msg": "ttt_chunk:242/245 scored_loss:3.7487"}
{"event": "ttt", "time": 1791032968.461, "msg": "ttt_chunk:243/245 scored_loss:3.6197"}
{"event": "ttt", "time": 1791032969.69, "msg": "ttt_chunk:244/245 scored_loss:3.5448"}
{"event": "ttt", "time": 1791032970.007, "msg": "ttt_chunk:245/245 scored_loss:3.5251"}
{"event": "eval_ttt", "time": 1791032970.01, "val_loss": 3.60999, "val_bpb": 2.16318}
{"event": "artifact", "time": 1791032970.053, "path": "artifacts\\Full_int6_asdclip_s1234_submission.tar.gz", "bytes": 605882}
{"event": "done", "time": 1791032970.055, "train_time_s": 322.97}
