{"event": "start", "time": 1791030191.923, "run_id": "Full_int6_asdclip_s888", "seed": 888, "device": "cpu", "world_size": 1, "python": "3.11.6", "torch": "2.14.1+cpu"}
{"event": "model", "time": 1791030193.467, "params": 822680, "virtual_layers": 8, "parallel_residual": true, "depth_recurrence": true}
{"event": "train", "time": 1791030194.186, "step": 1, "loss": 6.96262, "lr_scale": 1.0, "elapsed_s": 0.71}
{"event": "train", "time": 1791030194.972, "step": 2, "loss": 6.96517, "lr_scale": 1.0, "elapsed_s": 1.5}
{"event": "train", "time": 1791030195.71, "step": 3, "loss": 6.51339, "lr_scale": 1.0, "elapsed_s": 2.24}
{"event": "train", "time": 1791030196.482, "step": 4, "loss": 6.03058, "lr_scale": 1.0, "elapsed_s": 3.01}
{"event": "train", "time": 1791030197.23, "step": 5, "loss": 5.90818, "lr_scale": 1.0, "elapsed_s": 3.76}
{"event": "train", "time": 1791030274.038, "step": 100, "loss": 4.36451, "lr_scale": 1.0, "elapsed_s": 80.56}
{"event": "train", "time": 1791030354.256, "step": 200, "loss": 4.03448, "lr_scale": 1.0, "elapsed_s": 160.78}
{"event": "train", "time": 1791030434.395, "step": 300, "loss": 3.71332, "lr_scale": 0.8417, "elapsed_s": 240.92}
{"event": "train", "time": 1791030514.326, "step": 400, "loss": 3.84833, "lr_scale": 0.0083, "elapsed_s": 320.85}
{"event": "train", "time": 1791030515.127, "step": 401, "loss": 3.31857, "lr_scale": 0.0, "elapsed_s": 321.65}
{"event": "eval_start", "time": 1791030515.131, "val_tokens": 1999872}
{"event": "eval_prequant", "time": 1791030539.309, "val_loss": 3.60534, "val_bpb": 2.16039}
{"event": "quant", "time": 1791030540.312, "scheme": "int6_asdclip", "weight_blob_bytes": 441082, "raw_bytes": 869675, "payload_bytes": 838654, "quant_tensors": 44}
{"event": "eval_postquant", "time": 1791030567.857, "val_loss": 3.69816, "val_bpb": 2.21601}
{"event": "ttt", "time": 1791030569.1, "msg": "ttt_chunk:1/245 scored_loss:3.7310"}
{"event": "ttt", "time": 1791030570.294, "msg": "ttt_chunk:2/245 scored_loss:3.9270"}
{"event": "ttt", "time": 1791030571.533, "msg": "ttt_chunk:3/245 scored_loss:3.7549"}
{"event": "ttt", "time": 1791030572.723, "msg": "ttt_chunk:4/245 scored_loss:3.8433"}
{"event": "ttt", "time": 1791030573.971, "msg": "ttt_chunk:5/245 scored_loss:3.7080"}
{"event": "ttt", "time": 1791030575.159, "msg": "ttt_chunk:6/245 scored_loss:3.5855"}
{"event": "ttt", "time": 1791030576.394, "msg": "ttt_chunk:7/245 scored_loss:3.4986"}
{"event": "ttt", "time": 1791030577.58, "msg": "ttt_chunk:8/245 scored_loss:3.7692"}
{"event": "ttt", "time": 1791030578.821, "msg": "ttt_chunk:9/245 scored_loss:3.5392"}
{"event": "ttt", "time": 1791030579.978, "msg": "ttt_chunk:10/245 scored_loss:3.5533"}
{"event": "ttt", "time": 1791030581.237, "msg": "ttt_chunk:11/245 scored_loss:3.6259"}
{"event": "ttt", "time": 1791030582.414, "msg": "ttt_chunk:12/245 scored_loss:3.8114"}
{"event": "ttt", "time": 1791030583.642, "msg": "ttt_chunk:13/245 scored_loss:3.7279"}
{"event": "ttt", "time": 1791030584.757, "msg": "ttt_chunk:14/245 scored_loss:3.6159"}
{"event": "ttt", "time": 1791030586.038, "msg": "ttt_chunk:15/245 scored_loss:3.6530"}
{"event": "ttt", "time": 1791030587.239, "msg": "ttt_chunk:16/245 scored_loss:3.7268"}
{"event": "ttt", "time": 1791030588.441, "msg": "ttt_chunk:17/245 scored_loss:3.6368"}
{"event": "ttt", "time": 1791030589.606, "msg": "ttt_chunk:18/245 scored_loss:3.5163"}
{"event": "ttt", "time": 1791030590.802, "msg": "ttt_chunk:19/245 scored_loss:3.5850"}
{"event": "ttt", "time": 1791030591.962, "msg": "ttt_chunk:20/245 scored_loss:3.6677"}
{"event": "ttt", "time": 1791030593.204, "msg": "ttt_chunk:21/245 scored_loss:3.4751"}
{"event": "ttt", "time": 1791030594.343, "msg": "ttt_chunk:22/245 scored_loss:3.4047"}
{"event": "ttt", "time": 1791030595.562, "msg": "ttt_chunk:23/245 scored_loss:3.6896"}
{"event": "ttt", "time": 1791030596.767, "msg": "ttt_chunk:24/245 scored_loss:3.6520"}
{"event": "ttt", "time": 1791030598.006, "msg": "ttt_chunk:25/245 scored_loss:3.5981"}
{"event": "ttt", "time": 1791030599.176, "msg": "ttt_chunk:26/245 scored_loss:3.5774"}
{"event": "ttt", "time": 1791030600.411, "msg": "ttt_chunk:27/245 scored_loss:3.3630"}
{"event": "ttt", "time": 1791030601.52, "msg": "ttt_chunk:28/245 scored_loss:3.7179"}
{"event": "ttt", "time": 1791030602.789, "msg": "ttt_chunk:29/245 scored_loss:3.6363"}
{"event": "ttt", "time": 1791030603.989, "msg": "ttt_chunk:30/245 scored_loss:3.5286"}
{"event": "ttt", "time": 1791030605.227, "msg": "ttt_chunk:31/245 scored_loss:3.5977"}
{"event": "ttt", "time": 1791030606.391, "msg": "ttt_chunk:32/245 scored_loss:3.5740"}
{"event": "ttt", "time": 1791030607.567, "msg": "ttt_chunk:33/245 scored_loss:3.7173"}
{"event": "ttt", "time": 1791030608.759, "msg": "ttt_chunk:34/245 scored_loss:3.4780"}
{"event": "ttt", "time": 1791030609.933, "msg": "ttt_chunk:35/245 scored_loss:3.7032"}
{"event": "ttt", "time": 1791030611.166, "msg": "ttt_chunk:36/245 scored_loss:3.6438"}
{"event": "ttt", "time": 1791030612.379, "msg": "ttt_chunk:37/245 scored_loss:3.6653"}
{"event": "ttt", "time": 1791030613.612, "msg": "ttt_chunk:38/245 scored_loss:3.4270"}
{"event": "ttt", "time": 1791030614.788, "msg": "ttt_chunk:39/245 scored_loss:3.6897"}
{"event": "ttt", "time": 1791030616.024, "msg": "ttt_chunk:40/245 scored_loss:3.7628"}
{"event": "ttt", "time": 1791030617.194, "msg": "ttt_chunk:41/245 scored_loss:3.7286"}
{"event": "ttt", "time": 1791030618.44, "msg": "ttt_chunk:42/245 scored_loss:3.6039"}
{"event": "ttt", "time": 1791030619.606, "msg": "ttt_chunk:43/245 scored_loss:3.5939"}
{"event": "ttt", "time": 1791030620.828, "msg": "ttt_chunk:44/245 scored_loss:3.5411"}
{"event": "ttt", "time": 1791030621.991, "msg": "ttt_chunk:45/245 scored_loss:3.2863"}
{"event": "ttt", "time": 1791030623.233, "msg": "ttt_chunk:46/245 scored_loss:3.2540"}
{"event": "ttt", "time": 1791030624.397, "msg": "ttt_chunk:47/245 scored_loss:3.4967"}
{"event": "ttt", "time": 1791030625.657, "msg": "ttt_chunk:48/245 scored_loss:3.7239"}
{"event": "ttt", "time": 1791030626.83, "msg": "ttt_chunk:49/245 scored_loss:3.7245"}
{"event": "ttt", "time": 1791030628.063, "msg": "ttt_chunk:50/245 scored_loss:3.6228"}
{"event": "ttt", "time": 1791030629.236, "msg": "ttt_chunk:51/245 scored_loss:3.7138"}
{"event": "ttt", "time": 1791030630.463, "msg": "ttt_chunk:52/245 scored_loss:3.4222"}
{"event": "ttt", "time": 1791030631.637, "msg": "ttt_chunk:53/245 scored_loss:3.6325"}
{"event": "ttt", "time": 1791030632.868, "msg": "ttt_chunk:54/245 scored_loss:3.4709"}
{"event": "ttt", "time": 1791030634.001, "msg": "ttt_chunk:55/245 scored_loss:3.5750"}
{"event": "ttt", "time": 1791030635.257, "msg": "ttt_chunk:56/245 scored_loss:3.7098"}
{"event": "ttt", "time": 1791030636.431, "msg": "ttt_chunk:57/245 scored_loss:3.5970"}
{"event": "ttt", "time": 1791030637.673, "msg": "ttt_chunk:58/245 scored_loss:3.5130"}
{"event": "ttt", "time": 1791030638.87, "msg": "ttt_chunk:59/245 scored_loss:3.6309"}
{"event": "ttt", "time": 1791030640.055, "msg": "ttt_chunk:60/245 scored_loss:3.6782"}
{"event": "ttt", "time": 1791030641.24, "msg": "ttt_chunk:61/245 scored_loss:3.6119"}
{"event": "ttt", "time": 1791030642.461, "msg": "ttt_chunk:62/245 scored_loss:3.6284"}
{"event": "ttt", "time": 1791030643.718, "msg": "ttt_chunk:63/245 scored_loss:3.6662"}
{"event": "ttt", "time": 1791030644.912, "msg": "ttt_chunk:64/245 scored_loss:3.6068"}
{"event": "ttt", "time": 1791030646.163, "msg": "ttt_chunk:65/245 scored_loss:3.6778"}
{"event": "ttt", "time": 1791030647.33, "msg": "ttt_chunk:66/245 scored_loss:3.6693"}
{"event": "ttt", "time": 1791030648.586, "msg": "ttt_chunk:67/245 scored_loss:3.6338"}
{"event": "ttt", "time": 1791030649.758, "msg": "ttt_chunk:68/245 scored_loss:3.8431"}
{"event": "ttt", "time": 1791030650.949, "msg": "ttt_chunk:69/245 scored_loss:3.6345"}
{"event": "ttt", "time": 1791030652.107, "msg": "ttt_chunk:70/245 scored_loss:3.6865"}
{"event": "ttt", "time": 1791030653.346, "msg": "ttt_chunk:71/245 scored_loss:3.7329"}
{"event": "ttt", "time": 1791030654.497, "msg": "ttt_chunk:72/245 scored_loss:3.7508"}
{"event": "ttt", "time": 1791030655.707, "msg": "ttt_chunk:73/245 scored_loss:3.5668"}
{"event": "ttt", "time": 1791030656.93, "msg": "ttt_chunk:74/245 scored_loss:3.4914"}
{"event": "ttt", "time": 1791030658.211, "msg": "ttt_chunk:75/245 scored_loss:3.5462"}
{"event": "ttt", "time": 1791030659.378, "msg": "ttt_chunk:76/245 scored_loss:3.5196"}
{"event": "ttt", "time": 1791030660.608, "msg": "ttt_chunk:77/245 scored_loss:3.4094"}
{"event": "ttt", "time": 1791030661.77, "msg": "ttt_chunk:78/245 scored_loss:3.7772"}
{"event": "ttt", "time": 1791030663.024, "msg": "ttt_chunk:79/245 scored_loss:3.4448"}
{"event": "ttt", "time": 1791030664.178, "msg": "ttt_chunk:80/245 scored_loss:3.5392"}
{"event": "ttt", "time": 1791030665.44, "msg": "ttt_chunk:81/245 scored_loss:3.3629"}
{"event": "ttt", "time": 1791030666.604, "msg": "ttt_chunk:82/245 scored_loss:3.6337"}
{"event": "ttt", "time": 1791030667.836, "msg": "ttt_chunk:83/245 scored_loss:3.6676"}
{"event": "ttt", "time": 1791030669.047, "msg": "ttt_chunk:84/245 scored_loss:3.4553"}
{"event": "ttt", "time": 1791030670.239, "msg": "ttt_chunk:85/245 scored_loss:3.4722"}
{"event": "ttt", "time": 1791030671.379, "msg": "ttt_chunk:86/245 scored_loss:3.6031"}
{"event": "ttt", "time": 1791030672.625, "msg": "ttt_chunk:87/245 scored_loss:4.3477"}
{"event": "ttt", "time": 1791030673.817, "msg": "ttt_chunk:88/245 scored_loss:3.2385"}
{"event": "ttt", "time": 1791030675.04, "msg": "ttt_chunk:89/245 scored_loss:3.3298"}
{"event": "ttt", "time": 1791030676.212, "msg": "ttt_chunk:90/245 scored_loss:3.7270"}
{"event": "ttt", "time": 1791030677.457, "msg": "ttt_chunk:91/245 scored_loss:3.6344"}
{"event": "ttt", "time": 1791030678.636, "msg": "ttt_chunk:92/245 scored_loss:3.8010"}
{"event": "ttt", "time": 1791030679.795, "msg": "ttt_chunk:93/245 scored_loss:3.5766"}
{"event": "ttt", "time": 1791030681.049, "msg": "ttt_chunk:94/245 scored_loss:3.6254"}
{"event": "ttt", "time": 1791030682.308, "msg": "ttt_chunk:95/245 scored_loss:3.5316"}
{"event": "ttt", "time": 1791030683.485, "msg": "ttt_chunk:96/245 scored_loss:3.6410"}
{"event": "ttt", "time": 1791030684.729, "msg": "ttt_chunk:97/245 scored_loss:3.8169"}
{"event": "ttt", "time": 1791030685.835, "msg": "ttt_chunk:98/245 scored_loss:3.5995"}
{"event": "ttt", "time": 1791030687.123, "msg": "ttt_chunk:99/245 scored_loss:3.5386"}
{"event": "ttt", "time": 1791030688.355, "msg": "ttt_chunk:100/245 scored_loss:3.3730"}
{"event": "ttt", "time": 1791030689.554, "msg": "ttt_chunk:101/245 scored_loss:3.4634"}
{"event": "ttt", "time": 1791030690.733, "msg": "ttt_chunk:102/245 scored_loss:3.5294"}
{"event": "ttt", "time": 1791030691.962, "msg": "ttt_chunk:103/245 scored_loss:3.5597"}
{"event": "ttt", "time": 1791030693.132, "msg": "ttt_chunk:104/245 scored_loss:3.4140"}
{"event": "ttt", "time": 1791030694.302, "msg": "ttt_chunk:105/245 scored_loss:3.4437"}
{"event": "ttt", "time": 1791030695.5, "msg": "ttt_chunk:106/245 scored_loss:3.8546"}
{"event": "ttt", "time": 1791030696.725, "msg": "ttt_chunk:107/245 scored_loss:3.6944"}
{"event": "ttt", "time": 1791030697.88, "msg": "ttt_chunk:108/245 scored_loss:3.5618"}
{"event": "ttt", "time": 1791030699.112, "msg": "ttt_chunk:109/245 scored_loss:3.5576"}
{"event": "ttt", "time": 1791030700.248, "msg": "ttt_chunk:110/245 scored_loss:3.7795"}
{"event": "ttt", "time": 1791030701.504, "msg": "ttt_chunk:111/245 scored_loss:3.6545"}
{"event": "ttt", "time": 1791030702.678, "msg": "ttt_chunk:112/245 scored_loss:3.6387"}
{"event": "ttt", "time": 1791030703.925, "msg": "ttt_chunk:113/245 scored_loss:3.5140"}
{"event": "ttt", "time": 1791030705.089, "msg": "ttt_chunk:114/245 scored_loss:3.6380"}
{"event": "ttt", "time": 1791030706.303, "msg": "ttt_chunk:115/245 scored_loss:3.7104"}
{"event": "ttt", "time": 1791030707.449, "msg": "ttt_chunk:116/245 scored_loss:3.6850"}
{"event": "ttt", "time": 1791030708.708, "msg": "ttt_chunk:117/245 scored_loss:4.0953"}
{"event": "ttt", "time": 1791030709.883, "msg": "ttt_chunk:118/245 scored_loss:3.8195"}
{"event": "ttt", "time": 1791030711.115, "msg": "ttt_chunk:119/245 scored_loss:4.0833"}
{"event": "ttt", "time": 1791030712.278, "msg": "ttt_chunk:120/245 scored_loss:3.6550"}
{"event": "ttt", "time": 1791030713.531, "msg": "ttt_chunk:121/245 scored_loss:3.5394"}
{"event": "ttt", "time": 1791030714.697, "msg": "ttt_chunk:122/245 scored_loss:3.3867"}
{"event": "ttt", "time": 1791030715.999, "msg": "ttt_chunk:123/245 scored_loss:3.6315"}
{"event": "ttt", "time": 1791030717.151, "msg": "ttt_chunk:124/245 scored_loss:3.3758"}
{"event": "ttt", "time": 1791030718.38, "msg": "ttt_chunk:125/245 scored_loss:3.5406"}
{"event": "ttt", "time": 1791030719.583, "msg": "ttt_chunk:126/245 scored_loss:3.6608"}
{"event": "ttt", "time": 1791030720.82, "msg": "ttt_chunk:127/245 scored_loss:3.5721"}
{"event": "ttt", "time": 1791030722.066, "msg": "ttt_chunk:128/245 scored_loss:3.6659"}
{"event": "ttt", "time": 1791030723.381, "msg": "ttt_chunk:129/245 scored_loss:3.3982"}
{"event": "ttt", "time": 1791030724.531, "msg": "ttt_chunk:130/245 scored_loss:3.4602"}
{"event": "ttt", "time": 1791030725.757, "msg": "ttt_chunk:131/245 scored_loss:3.7037"}
{"event": "ttt", "time": 1791030726.907, "msg": "ttt_chunk:132/245 scored_loss:3.6552"}
{"event": "ttt", "time": 1791030728.146, "msg": "ttt_chunk:133/245 scored_loss:3.4407"}
{"event": "ttt", "time": 1791030729.353, "msg": "ttt_chunk:134/245 scored_loss:3.6085"}
{"event": "ttt", "time": 1791030730.572, "msg": "ttt_chunk:135/245 scored_loss:3.5187"}
{"event": "ttt", "time": 1791030731.726, "msg": "ttt_chunk:136/245 scored_loss:3.5011"}
{"event": "ttt", "time": 1791030732.968, "msg": "ttt_chunk:137/245 scored_loss:3.4672"}
{"event": "ttt", "time": 1791030734.171, "msg": "ttt_chunk:138/245 scored_loss:3.5618"}
{"event": "ttt", "time": 1791030735.422, "msg": "ttt_chunk:139/245 scored_loss:3.4233"}
{"event": "ttt", "time": 1791030736.591, "msg": "ttt_chunk:140/245 scored_loss:3.5229"}
{"event": "ttt", "time": 1791030737.834, "msg": "ttt_chunk:141/245 scored_loss:3.5436"}
{"event": "ttt", "time": 1791030739.072, "msg": "ttt_chunk:142/245 scored_loss:3.6287"}
{"event": "ttt", "time": 1791030740.372, "msg": "ttt_chunk:143/245 scored_loss:3.6759"}
{"event": "ttt", "time": 1791030741.56, "msg": "ttt_chunk:144/245 scored_loss:3.6749"}
{"event": "ttt", "time": 1791030742.802, "msg": "ttt_chunk:145/245 scored_loss:3.6078"}
{"event": "ttt", "time": 1791030743.969, "msg": "ttt_chunk:146/245 scored_loss:3.5963"}
{"event": "ttt", "time": 1791030745.195, "msg": "ttt_chunk:147/245 scored_loss:3.7917"}
{"event": "ttt", "time": 1791030746.36, "msg": "ttt_chunk:148/245 scored_loss:3.8713"}
{"event": "ttt", "time": 1791030747.532, "msg": "ttt_chunk:149/245 scored_loss:3.8621"}
{"event": "ttt", "time": 1791030748.768, "msg": "ttt_chunk:150/245 scored_loss:3.7844"}
{"event": "ttt", "time": 1791030749.95, "msg": "ttt_chunk:151/245 scored_loss:3.4362"}
{"event": "ttt", "time": 1791030751.219, "msg": "ttt_chunk:152/245 scored_loss:3.5552"}
{"event": "ttt", "time": 1791030752.392, "msg": "ttt_chunk:153/245 scored_loss:3.4272"}
{"event": "ttt", "time": 1791030753.642, "msg": "ttt_chunk:154/245 scored_loss:3.6930"}
{"event": "ttt", "time": 1791030754.757, "msg": "ttt_chunk:155/245 scored_loss:3.6385"}
{"event": "ttt", "time": 1791030756.057, "msg": "ttt_chunk:156/245 scored_loss:3.5549"}
{"event": "ttt", "time": 1791030757.276, "msg": "ttt_chunk:157/245 scored_loss:3.7653"}
{"event": "ttt", "time": 1791030758.494, "msg": "ttt_chunk:158/245 scored_loss:3.7345"}
{"event": "ttt", "time": 1791030759.758, "msg": "ttt_chunk:159/245 scored_loss:3.5464"}
{"event": "ttt", "time": 1791030760.934, "msg": "ttt_chunk:160/245 scored_loss:3.6250"}
{"event": "ttt", "time": 1791030762.197, "msg": "ttt_chunk:161/245 scored_loss:3.5375"}
{"event": "ttt", "time": 1791030763.418, "msg": "ttt_chunk:162/245 scored_loss:3.6583"}
{"event": "ttt", "time": 1791030764.677, "msg": "ttt_chunk:163/245 scored_loss:3.6614"}
{"event": "ttt", "time": 1791030765.872, "msg": "ttt_chunk:164/245 scored_loss:3.4473"}
{"event": "ttt", "time": 1791030767.142, "msg": "ttt_chunk:165/245 scored_loss:3.4558"}
{"event": "ttt", "time": 1791030768.319, "msg": "ttt_chunk:166/245 scored_loss:3.7415"}
{"event": "ttt", "time": 1791030769.603, "msg": "ttt_chunk:167/245 scored_loss:3.6498"}
{"event": "ttt", "time": 1791030770.734, "msg": "ttt_chunk:168/245 scored_loss:3.6268"}
{"event": "ttt", "time": 1791030771.996, "msg": "ttt_chunk:169/245 scored_loss:3.6635"}
{"event": "ttt", "time": 1791030773.152, "msg": "ttt_chunk:170/245 scored_loss:3.6749"}
{"event": "ttt", "time": 1791030774.394, "msg": "ttt_chunk:171/245 scored_loss:3.6598"}
{"event": "ttt", "time": 1791030775.567, "msg": "ttt_chunk:172/245 scored_loss:3.4740"}
{"event": "ttt", "time": 1791030776.843, "msg": "ttt_chunk:173/245 scored_loss:3.4839"}
{"event": "ttt", "time": 1791030777.997, "msg": "ttt_chunk:174/245 scored_loss:3.7451"}
{"event": "ttt", "time": 1791030779.248, "msg": "ttt_chunk:175/245 scored_loss:3.7452"}
{"event": "ttt", "time": 1791030780.431, "msg": "ttt_chunk:176/245 scored_loss:3.4802"}
{"event": "ttt", "time": 1791030781.659, "msg": "ttt_chunk:177/245 scored_loss:3.6042"}
{"event": "ttt", "time": 1791030782.793, "msg": "ttt_chunk:178/245 scored_loss:3.6074"}
{"event": "ttt", "time": 1791030784.05, "msg": "ttt_chunk:179/245 scored_loss:3.3258"}
{"event": "ttt", "time": 1791030785.227, "msg": "ttt_chunk:180/245 scored_loss:3.5247"}
{"event": "ttt", "time": 1791030786.483, "msg": "ttt_chunk:181/245 scored_loss:3.5340"}
{"event": "ttt", "time": 1791030787.717, "msg": "ttt_chunk:182/245 scored_loss:3.5004"}
{"event": "ttt", "time": 1791030789.037, "msg": "ttt_chunk:183/245 scored_loss:3.5542"}
{"event": "ttt", "time": 1791030790.144, "msg": "ttt_chunk:184/245 scored_loss:3.6258"}
{"event": "ttt", "time": 1791030791.41, "msg": "ttt_chunk:185/245 scored_loss:3.6466"}
{"event": "ttt", "time": 1791030792.568, "msg": "ttt_chunk:186/245 scored_loss:3.8086"}
{"event": "ttt", "time": 1791030793.818, "msg": "ttt_chunk:187/245 scored_loss:3.8119"}
{"event": "ttt", "time": 1791030795.031, "msg": "ttt_chunk:188/245 scored_loss:3.6158"}
{"event": "ttt", "time": 1791030796.257, "msg": "ttt_chunk:189/245 scored_loss:3.5780"}
{"event": "ttt", "time": 1791030797.426, "msg": "ttt_chunk:190/245 scored_loss:3.5707"}
{"event": "ttt", "time": 1791030798.658, "msg": "ttt_chunk:191/245 scored_loss:3.6407"}
{"event": "ttt", "time": 1791030799.828, "msg": "ttt_chunk:192/245 scored_loss:3.7342"}
{"event": "ttt", "time": 1791030801.092, "msg": "ttt_chunk:193/245 scored_loss:3.5332"}
{"event": "ttt", "time": 1791030802.374, "msg": "ttt_chunk:194/245 scored_loss:3.5111"}
{"event": "ttt", "time": 1791030803.621, "msg": "ttt_chunk:195/245 scored_loss:3.4295"}
{"event": "ttt", "time": 1791030804.904, "msg": "ttt_chunk:196/245 scored_loss:3.6674"}
{"event": "ttt", "time": 1791030806.113, "msg": "ttt_chunk:197/245 scored_loss:3.6200"}
{"event": "ttt", "time": 1791030807.392, "msg": "ttt_chunk:198/245 scored_loss:3.5781"}
{"event": "ttt", "time": 1791030808.637, "msg": "ttt_chunk:199/245 scored_loss:3.6504"}
{"event": "ttt", "time": 1791030809.821, "msg": "ttt_chunk:200/245 scored_loss:3.7952"}
{"event": "ttt", "time": 1791030811.045, "msg": "ttt_chunk:201/245 scored_loss:3.7201"}
{"event": "ttt", "time": 1791030812.326, "msg": "ttt_chunk:202/245 scored_loss:3.3984"}
{"event": "ttt", "time": 1791030813.631, "msg": "ttt_chunk:203/245 scored_loss:3.8385"}
{"event": "ttt", "time": 1791030814.903, "msg": "ttt_chunk:204/245 scored_loss:3.6210"}
{"event": "ttt", "time": 1791030816.062, "msg": "ttt_chunk:205/245 scored_loss:3.6853"}
{"event": "ttt", "time": 1791030817.287, "msg": "ttt_chunk:206/245 scored_loss:3.5049"}
{"event": "ttt", "time": 1791030818.447, "msg": "ttt_chunk:207/245 scored_loss:3.3272"}
{"event": "ttt", "time": 1791030819.679, "msg": "ttt_chunk:208/245 scored_loss:3.4382"}
{"event": "ttt", "time": 1791030820.843, "msg": "ttt_chunk:209/245 scored_loss:3.6039"}
{"event": "ttt", "time": 1791030822.094, "msg": "ttt_chunk:210/245 scored_loss:3.6094"}
{"event": "ttt", "time": 1791030823.255, "msg": "ttt_chunk:211/245 scored_loss:3.7820"}
{"event": "ttt", "time": 1791030824.484, "msg": "ttt_chunk:212/245 scored_loss:3.6482"}
{"event": "ttt", "time": 1791030825.647, "msg": "ttt_chunk:213/245 scored_loss:3.6246"}
{"event": "ttt", "time": 1791030826.858, "msg": "ttt_chunk:214/245 scored_loss:3.4047"}
{"event": "ttt", "time": 1791030828.049, "msg": "ttt_chunk:215/245 scored_loss:3.7800"}
{"event": "ttt", "time": 1791030829.3, "msg": "ttt_chunk:216/245 scored_loss:3.7535"}
{"event": "ttt", "time": 1791030830.547, "msg": "ttt_chunk:217/245 scored_loss:3.7544"}
{"event": "ttt", "time": 1791030831.819, "msg": "ttt_chunk:218/245 scored_loss:3.8546"}
{"event": "ttt", "time": 1791030832.983, "msg": "ttt_chunk:219/245 scored_loss:3.8364"}
{"event": "ttt", "time": 1791030834.223, "msg": "ttt_chunk:220/245 scored_loss:3.7086"}
{"event": "ttt", "time": 1791030835.406, "msg": "ttt_chunk:221/245 scored_loss:3.7174"}
{"event": "ttt", "time": 1791030836.636, "msg": "ttt_chunk:222/245 scored_loss:3.4720"}
{"event": "ttt", "time": 1791030837.781, "msg": "ttt_chunk:223/245 scored_loss:3.6224"}
{"event": "ttt", "time": 1791030839.007, "msg": "ttt_chunk:224/245 scored_loss:3.5759"}
{"event": "ttt", "time": 1791030840.242, "msg": "ttt_chunk:225/245 scored_loss:3.7015"}
{"event": "ttt", "time": 1791030841.545, "msg": "ttt_chunk:226/245 scored_loss:3.6753"}
{"event": "ttt", "time": 1791030842.845, "msg": "ttt_chunk:227/245 scored_loss:3.6860"}
{"event": "ttt", "time": 1791030844.09, "msg": "ttt_chunk:228/245 scored_loss:3.7382"}
{"event": "ttt", "time": 1791030845.345, "msg": "ttt_chunk:229/245 scored_loss:3.4930"}
{"event": "ttt", "time": 1791030846.641, "msg": "ttt_chunk:230/245 scored_loss:3.4870"}
{"event": "ttt", "time": 1791030847.938, "msg": "ttt_chunk:231/245 scored_loss:3.6453"}
{"event": "ttt", "time": 1791030849.177, "msg": "ttt_chunk:232/245 scored_loss:3.4682"}
{"event": "ttt", "time": 1791030850.428, "msg": "ttt_chunk:233/245 scored_loss:3.4109"}
{"event": "ttt", "time": 1791030851.736, "msg": "ttt_chunk:234/245 scored_loss:3.5324"}
{"event": "ttt", "time": 1791030852.993, "msg": "ttt_chunk:235/245 scored_loss:3.7513"}
{"event": "ttt", "time": 1791030854.238, "msg": "ttt_chunk:236/245 scored_loss:3.5020"}
{"event": "ttt", "time": 1791030855.522, "msg": "ttt_chunk:237/245 scored_loss:3.3701"}
{"event": "ttt", "time": 1791030856.722, "msg": "ttt_chunk:238/245 scored_loss:3.6094"}
{"event": "ttt", "time": 1791030857.979, "msg": "ttt_chunk:239/245 scored_loss:3.8510"}
{"event": "ttt", "time": 1791030859.143, "msg": "ttt_chunk:240/245 scored_loss:3.7387"}
{"event": "ttt", "time": 1791030860.368, "msg": "ttt_chunk:241/245 scored_loss:3.6933"}
{"event": "ttt", "time": 1791030861.534, "msg": "ttt_chunk:242/245 scored_loss:3.7577"}
{"event": "ttt", "time": 1791030862.76, "msg": "ttt_chunk:243/245 scored_loss:3.6266"}
{"event": "ttt", "time": 1791030863.938, "msg": "ttt_chunk:244/245 scored_loss:3.5379"}
{"event": "ttt", "time": 1791030864.228, "msg": "ttt_chunk:245/245 scored_loss:3.5264"}
{"event": "eval_ttt", "time": 1791030864.231, "val_loss": 3.61487, "val_bpb": 2.1661}
{"event": "artifact", "time": 1791030864.271, "path": "artifacts\\Full_int6_asdclip_s888_submission.tar.gz", "bytes": 606297}
{"event": "done", "time": 1791030864.273, "train_time_s": 321.65}
