{"event": "start", "time": 1791023191.45, "run_id": "Full_int6_asdclip_s2024", "seed": 2024, "device": "cpu", "world_size": 1, "python": "3.11.6", "torch": "2.14.1+cpu"}
{"event": "model", "time": 1791023193.002, "params": 822680, "virtual_layers": 8, "parallel_residual": true, "depth_recurrence": true}
{"event": "train", "time": 1791023193.697, "step": 1, "loss": 6.96063, "lr_scale": 1.0, "elapsed_s": 0.69}
{"event": "train", "time": 1791023194.421, "step": 2, "loss": 6.93173, "lr_scale": 1.0, "elapsed_s": 1.41}
{"event": "train", "time": 1791023195.141, "step": 3, "loss": 6.49675, "lr_scale": 1.0, "elapsed_s": 2.13}
{"event": "train", "time": 1791023195.932, "step": 4, "loss": 6.01229, "lr_scale": 1.0, "elapsed_s": 2.92}
{"event": "train", "time": 1791023196.62, "step": 5, "loss": 5.8982, "lr_scale": 1.0, "elapsed_s": 3.61}
{"event": "train", "time": 1791023269.422, "step": 100, "loss": 4.35635, "lr_scale": 1.0, "elapsed_s": 76.41}
{"event": "train", "time": 1791023346.442, "step": 200, "loss": 4.04637, "lr_scale": 1.0, "elapsed_s": 153.43}
{"event": "train", "time": 1791023422.954, "step": 300, "loss": 3.70237, "lr_scale": 0.8417, "elapsed_s": 229.95}
{"event": "train", "time": 1791023499.426, "step": 400, "loss": 3.8403, "lr_scale": 0.0083, "elapsed_s": 306.42}
{"event": "train", "time": 1791023500.171, "step": 401, "loss": 3.31242, "lr_scale": 0.0, "elapsed_s": 307.16}
{"event": "eval_start", "time": 1791023500.176, "val_tokens": 1999872}
{"event": "eval_prequant", "time": 1791023525.564, "val_loss": 3.60041, "val_bpb": 2.15743}
{"event": "quant", "time": 1791023526.677, "scheme": "int6_asdclip", "weight_blob_bytes": 440671, "raw_bytes": 869675, "payload_bytes": 838654, "quant_tensors": 44}
{"event": "eval_postquant", "time": 1791023554.05, "val_loss": 3.6876, "val_bpb": 2.20968}
{"event": "ttt", "time": 1791023555.221, "msg": "ttt_chunk:1/245 scored_loss:3.7078"}
{"event": "ttt", "time": 1791023556.418, "msg": "ttt_chunk:2/245 scored_loss:3.9258"}
{"event": "ttt", "time": 1791023557.699, "msg": "ttt_chunk:3/245 scored_loss:3.7462"}
{"event": "ttt", "time": 1791023558.858, "msg": "ttt_chunk:4/245 scored_loss:3.8241"}
{"event": "ttt", "time": 1791023560.104, "msg": "ttt_chunk:5/245 scored_loss:3.6950"}
{"event": "ttt", "time": 1791023561.285, "msg": "ttt_chunk:6/245 scored_loss:3.5739"}
{"event": "ttt", "time": 1791023562.55, "msg": "ttt_chunk:7/245 scored_loss:3.4966"}
{"event": "ttt", "time": 1791023563.78, "msg": "ttt_chunk:8/245 scored_loss:3.7558"}
{"event": "ttt", "time": 1791023565.024, "msg": "ttt_chunk:9/245 scored_loss:3.5649"}
{"event": "ttt", "time": 1791023566.251, "msg": "ttt_chunk:10/245 scored_loss:3.5426"}
{"event": "ttt", "time": 1791023567.521, "msg": "ttt_chunk:11/245 scored_loss:3.5702"}
{"event": "ttt", "time": 1791023568.721, "msg": "ttt_chunk:12/245 scored_loss:3.7923"}
{"event": "ttt", "time": 1791023569.993, "msg": "ttt_chunk:13/245 scored_loss:3.7143"}
{"event": "ttt", "time": 1791023571.164, "msg": "ttt_chunk:14/245 scored_loss:3.6115"}
{"event": "ttt", "time": 1791023572.419, "msg": "ttt_chunk:15/245 scored_loss:3.6446"}
{"event": "ttt", "time": 1791023573.605, "msg": "ttt_chunk:16/245 scored_loss:3.7295"}
{"event": "ttt", "time": 1791023574.856, "msg": "ttt_chunk:17/245 scored_loss:3.6370"}
{"event": "ttt", "time": 1791023576.045, "msg": "ttt_chunk:18/245 scored_loss:3.5122"}
{"event": "ttt", "time": 1791023577.237, "msg": "ttt_chunk:19/245 scored_loss:3.5781"}
{"event": "ttt", "time": 1791023578.414, "msg": "ttt_chunk:20/245 scored_loss:3.6501"}
{"event": "ttt", "time": 1791023579.647, "msg": "ttt_chunk:21/245 scored_loss:3.4637"}
{"event": "ttt", "time": 1791023580.81, "msg": "ttt_chunk:22/245 scored_loss:3.4340"}
{"event": "ttt", "time": 1791023582.056, "msg": "ttt_chunk:23/245 scored_loss:3.6889"}
{"event": "ttt", "time": 1791023583.266, "msg": "ttt_chunk:24/245 scored_loss:3.6240"}
{"event": "ttt", "time": 1791023584.512, "msg": "ttt_chunk:25/245 scored_loss:3.5855"}
{"event": "ttt", "time": 1791023585.705, "msg": "ttt_chunk:26/245 scored_loss:3.5698"}
{"event": "ttt", "time": 1791023586.937, "msg": "ttt_chunk:27/245 scored_loss:3.3622"}
{"event": "ttt", "time": 1791023588.094, "msg": "ttt_chunk:28/245 scored_loss:3.7104"}
{"event": "ttt", "time": 1791023589.357, "msg": "ttt_chunk:29/245 scored_loss:3.6055"}
{"event": "ttt", "time": 1791023590.545, "msg": "ttt_chunk:30/245 scored_loss:3.5345"}
{"event": "ttt", "time": 1791023591.8, "msg": "ttt_chunk:31/245 scored_loss:3.5942"}
{"event": "ttt", "time": 1791023592.971, "msg": "ttt_chunk:32/245 scored_loss:3.5604"}
{"event": "ttt", "time": 1791023594.161, "msg": "ttt_chunk:33/245 scored_loss:3.7125"}
{"event": "ttt", "time": 1791023595.425, "msg": "ttt_chunk:34/245 scored_loss:3.4979"}
{"event": "ttt", "time": 1791023596.596, "msg": "ttt_chunk:35/245 scored_loss:3.6948"}
{"event": "ttt", "time": 1791023597.831, "msg": "ttt_chunk:36/245 scored_loss:3.6288"}
{"event": "ttt", "time": 1791023598.999, "msg": "ttt_chunk:37/245 scored_loss:3.6490"}
{"event": "ttt", "time": 1791023600.26, "msg": "ttt_chunk:38/245 scored_loss:3.4403"}
{"event": "ttt", "time": 1791023601.502, "msg": "ttt_chunk:39/245 scored_loss:3.6537"}
{"event": "ttt", "time": 1791023602.697, "msg": "ttt_chunk:40/245 scored_loss:3.7602"}
{"event": "ttt", "time": 1791023603.888, "msg": "ttt_chunk:41/245 scored_loss:3.7110"}
{"event": "ttt", "time": 1791023605.131, "msg": "ttt_chunk:42/245 scored_loss:3.6042"}
{"event": "ttt", "time": 1791023606.301, "msg": "ttt_chunk:43/245 scored_loss:3.6170"}
{"event": "ttt", "time": 1791023607.541, "msg": "ttt_chunk:44/245 scored_loss:3.5268"}
{"event": "ttt", "time": 1791023608.702, "msg": "ttt_chunk:45/245 scored_loss:3.2967"}
{"event": "ttt", "time": 1791023609.944, "msg": "ttt_chunk:46/245 scored_loss:3.2871"}
{"event": "ttt", "time": 1791023611.12, "msg": "ttt_chunk:47/245 scored_loss:3.4968"}
{"event": "ttt", "time": 1791023612.353, "msg": "ttt_chunk:48/245 scored_loss:3.7262"}
{"event": "ttt", "time": 1791023613.456, "msg": "ttt_chunk:49/245 scored_loss:3.7269"}
{"event": "ttt", "time": 1791023614.698, "msg": "ttt_chunk:50/245 scored_loss:3.6066"}
{"event": "ttt", "time": 1791023615.857, "msg": "ttt_chunk:51/245 scored_loss:3.7273"}
{"event": "ttt", "time": 1791023617.085, "msg": "ttt_chunk:52/245 scored_loss:3.4055"}
{"event": "ttt", "time": 1791023618.203, "msg": "ttt_chunk:53/245 scored_loss:3.6310"}
{"event": "ttt", "time": 1791023619.466, "msg": "ttt_chunk:54/245 scored_loss:3.4662"}
{"event": "ttt", "time": 1791023620.646, "msg": "ttt_chunk:55/245 scored_loss:3.5820"}
{"event": "ttt", "time": 1791023621.839, "msg": "ttt_chunk:56/245 scored_loss:3.7164"}
{"event": "ttt", "time": 1791023623.015, "msg": "ttt_chunk:57/245 scored_loss:3.5757"}
{"event": "ttt", "time": 1791023624.253, "msg": "ttt_chunk:58/245 scored_loss:3.4986"}
{"event": "ttt", "time": 1791023625.465, "msg": "ttt_chunk:59/245 scored_loss:3.6235"}
{"event": "ttt", "time": 1791023626.705, "msg": "ttt_chunk:60/245 scored_loss:3.6743"}
{"event": "ttt", "time": 1791023627.872, "msg": "ttt_chunk:61/245 scored_loss:3.5988"}
{"event": "ttt", "time": 1791023629.099, "msg": "ttt_chunk:62/245 scored_loss:3.6400"}
{"event": "ttt", "time": 1791023630.266, "msg": "ttt_chunk:63/245 scored_loss:3.6695"}
{"event": "ttt", "time": 1791023631.483, "msg": "ttt_chunk:64/245 scored_loss:3.6120"}
{"event": "ttt", "time": 1791023632.707, "msg": "ttt_chunk:65/245 scored_loss:3.6727"}
{"event": "ttt", "time": 1791023633.883, "msg": "ttt_chunk:66/245 scored_loss:3.6428"}
{"event": "ttt", "time": 1791023635.126, "msg": "ttt_chunk:67/245 scored_loss:3.6185"}
{"event": "ttt", "time": 1791023636.311, "msg": "ttt_chunk:68/245 scored_loss:3.8335"}
{"event": "ttt", "time": 1791023637.522, "msg": "ttt_chunk:69/245 scored_loss:3.6288"}
{"event": "ttt", "time": 1791023638.708, "msg": "ttt_chunk:70/245 scored_loss:3.6844"}
{"event": "ttt", "time": 1791023639.951, "msg": "ttt_chunk:71/245 scored_loss:3.7224"}
{"event": "ttt", "time": 1791023641.163, "msg": "ttt_chunk:72/245 scored_loss:3.7438"}
{"event": "ttt", "time": 1791023642.387, "msg": "ttt_chunk:73/245 scored_loss:3.5424"}
{"event": "ttt", "time": 1791023643.555, "msg": "ttt_chunk:74/245 scored_loss:3.4900"}
{"event": "ttt", "time": 1791023644.806, "msg": "ttt_chunk:75/245 scored_loss:3.5584"}
{"event": "ttt", "time": 1791023645.992, "msg": "ttt_chunk:76/245 scored_loss:3.5173"}
{"event": "ttt", "time": 1791023647.234, "msg": "ttt_chunk:77/245 scored_loss:3.3982"}
{"event": "ttt", "time": 1791023648.389, "msg": "ttt_chunk:78/245 scored_loss:3.7719"}
{"event": "ttt", "time": 1791023649.647, "msg": "ttt_chunk:79/245 scored_loss:3.4414"}
{"event": "ttt", "time": 1791023650.874, "msg": "ttt_chunk:80/245 scored_loss:3.5301"}
{"event": "ttt", "time": 1791023652.13, "msg": "ttt_chunk:81/245 scored_loss:3.3621"}
{"event": "ttt", "time": 1791023653.322, "msg": "ttt_chunk:82/245 scored_loss:3.6012"}
{"event": "ttt", "time": 1791023654.579, "msg": "ttt_chunk:83/245 scored_loss:3.6573"}
{"event": "ttt", "time": 1791023655.747, "msg": "ttt_chunk:84/245 scored_loss:3.4573"}
{"event": "ttt", "time": 1791023656.969, "msg": "ttt_chunk:85/245 scored_loss:3.4785"}
{"event": "ttt", "time": 1791023658.067, "msg": "ttt_chunk:86/245 scored_loss:3.5826"}
{"event": "ttt", "time": 1791023659.354, "msg": "ttt_chunk:87/245 scored_loss:4.3173"}
{"event": "ttt", "time": 1791023660.567, "msg": "ttt_chunk:88/245 scored_loss:3.2368"}
{"event": "ttt", "time": 1791023661.784, "msg": "ttt_chunk:89/245 scored_loss:3.3304"}
{"event": "ttt", "time": 1791023662.96, "msg": "ttt_chunk:90/245 scored_loss:3.6972"}
{"event": "ttt", "time": 1791023664.193, "msg": "ttt_chunk:91/245 scored_loss:3.6147"}
{"event": "ttt", "time": 1791023665.385, "msg": "ttt_chunk:92/245 scored_loss:3.8116"}
{"event": "ttt", "time": 1791023666.619, "msg": "ttt_chunk:93/245 scored_loss:3.5754"}
{"event": "ttt", "time": 1791023667.795, "msg": "ttt_chunk:94/245 scored_loss:3.6061"}
{"event": "ttt", "time": 1791023669.048, "msg": "ttt_chunk:95/245 scored_loss:3.5457"}
{"event": "ttt", "time": 1791023670.218, "msg": "ttt_chunk:96/245 scored_loss:3.6210"}
{"event": "ttt", "time": 1791023671.447, "msg": "ttt_chunk:97/245 scored_loss:3.8046"}
{"event": "ttt", "time": 1791023672.613, "msg": "ttt_chunk:98/245 scored_loss:3.5990"}
{"event": "ttt", "time": 1791023673.857, "msg": "ttt_chunk:99/245 scored_loss:3.5168"}
{"event": "ttt", "time": 1791023675.026, "msg": "ttt_chunk:100/245 scored_loss:3.3543"}
{"event": "ttt", "time": 1791023676.213, "msg": "ttt_chunk:101/245 scored_loss:3.4575"}
{"event": "ttt", "time": 1791023677.39, "msg": "ttt_chunk:102/245 scored_loss:3.5202"}
{"event": "ttt", "time": 1791023678.653, "msg": "ttt_chunk:103/245 scored_loss:3.5707"}
{"event": "ttt", "time": 1791023679.818, "msg": "ttt_chunk:104/245 scored_loss:3.4158"}
{"event": "ttt", "time": 1791023681.004, "msg": "ttt_chunk:105/245 scored_loss:3.4397"}
{"event": "ttt", "time": 1791023682.225, "msg": "ttt_chunk:106/245 scored_loss:3.8322"}
{"event": "ttt", "time": 1791023683.402, "msg": "ttt_chunk:107/245 scored_loss:3.6920"}
{"event": "ttt", "time": 1791023684.556, "msg": "ttt_chunk:108/245 scored_loss:3.5581"}
{"event": "ttt", "time": 1791023685.804, "msg": "ttt_chunk:109/245 scored_loss:3.5447"}
{"event": "ttt", "time": 1791023686.96, "msg": "ttt_chunk:110/245 scored_loss:3.7711"}
{"event": "ttt", "time": 1791023688.215, "msg": "ttt_chunk:111/245 scored_loss:3.6371"}
{"event": "ttt", "time": 1791023689.378, "msg": "ttt_chunk:112/245 scored_loss:3.6383"}
{"event": "ttt", "time": 1791023690.606, "msg": "ttt_chunk:113/245 scored_loss:3.5280"}
{"event": "ttt", "time": 1791023691.811, "msg": "ttt_chunk:114/245 scored_loss:3.6247"}
{"event": "ttt", "time": 1791023693.032, "msg": "ttt_chunk:115/245 scored_loss:3.7333"}
{"event": "ttt", "time": 1791023694.215, "msg": "ttt_chunk:116/245 scored_loss:3.6840"}
{"event": "ttt", "time": 1791023695.463, "msg": "ttt_chunk:117/245 scored_loss:4.0893"}
{"event": "ttt", "time": 1791023696.636, "msg": "ttt_chunk:118/245 scored_loss:3.8323"}
{"event": "ttt", "time": 1791023697.871, "msg": "ttt_chunk:119/245 scored_loss:4.0734"}
{"event": "ttt", "time": 1791023699.04, "msg": "ttt_chunk:120/245 scored_loss:3.6555"}
{"event": "ttt", "time": 1791023700.282, "msg": "ttt_chunk:121/245 scored_loss:3.5457"}
{"event": "ttt", "time": 1791023701.473, "msg": "ttt_chunk:122/245 scored_loss:3.3853"}
{"event": "ttt", "time": 1791023702.722, "msg": "ttt_chunk:123/245 scored_loss:3.6318"}
{"event": "ttt", "time": 1791023703.874, "msg": "ttt_chunk:124/245 scored_loss:3.3711"}
{"event": "ttt", "time": 1791023705.104, "msg": "ttt_chunk:125/245 scored_loss:3.5158"}
{"event": "ttt", "time": 1791023706.328, "msg": "ttt_chunk:126/245 scored_loss:3.6309"}
{"event": "ttt", "time": 1791023707.679, "msg": "ttt_chunk:127/245 scored_loss:3.5935"}
{"event": "ttt", "time": 1791023708.856, "msg": "ttt_chunk:128/245 scored_loss:3.6538"}
{"event": "ttt", "time": 1791023710.134, "msg": "ttt_chunk:129/245 scored_loss:3.3882"}
{"event": "ttt", "time": 1791023711.346, "msg": "ttt_chunk:130/245 scored_loss:3.4515"}
{"event": "ttt", "time": 1791023712.589, "msg": "ttt_chunk:131/245 scored_loss:3.7182"}
{"event": "ttt", "time": 1791023713.74, "msg": "ttt_chunk:132/245 scored_loss:3.6376"}
{"event": "ttt", "time": 1791023714.972, "msg": "ttt_chunk:133/245 scored_loss:3.4321"}
{"event": "ttt", "time": 1791023716.139, "msg": "ttt_chunk:134/245 scored_loss:3.6081"}
{"event": "ttt", "time": 1791023717.387, "msg": "ttt_chunk:135/245 scored_loss:3.5501"}
{"event": "ttt", "time": 1791023718.599, "msg": "ttt_chunk:136/245 scored_loss:3.5134"}
{"event": "ttt", "time": 1791023719.84, "msg": "ttt_chunk:137/245 scored_loss:3.4704"}
{"event": "ttt", "time": 1791023721.018, "msg": "ttt_chunk:138/245 scored_loss:3.5595"}
{"event": "ttt", "time": 1791023722.248, "msg": "ttt_chunk:139/245 scored_loss:3.4210"}
{"event": "ttt", "time": 1791023723.418, "msg": "ttt_chunk:140/245 scored_loss:3.5092"}
{"event": "ttt", "time": 1791023724.649, "msg": "ttt_chunk:141/245 scored_loss:3.5230"}
{"event": "ttt", "time": 1791023725.844, "msg": "ttt_chunk:142/245 scored_loss:3.6286"}
{"event": "ttt", "time": 1791023727.103, "msg": "ttt_chunk:143/245 scored_loss:3.6860"}
{"event": "ttt", "time": 1791023728.288, "msg": "ttt_chunk:144/245 scored_loss:3.6901"}
{"event": "ttt", "time": 1791023729.556, "msg": "ttt_chunk:145/245 scored_loss:3.6203"}
{"event": "ttt", "time": 1791023730.725, "msg": "ttt_chunk:146/245 scored_loss:3.6002"}
{"event": "ttt", "time": 1791023731.973, "msg": "ttt_chunk:147/245 scored_loss:3.7702"}
{"event": "ttt", "time": 1791023733.177, "msg": "ttt_chunk:148/245 scored_loss:3.8439"}
{"event": "ttt", "time": 1791023734.336, "msg": "ttt_chunk:149/245 scored_loss:3.8150"}
{"event": "ttt", "time": 1791023735.55, "msg": "ttt_chunk:150/245 scored_loss:3.7569"}
{"event": "ttt", "time": 1791023736.714, "msg": "ttt_chunk:151/245 scored_loss:3.4221"}
{"event": "ttt", "time": 1791023737.984, "msg": "ttt_chunk:152/245 scored_loss:3.5262"}
{"event": "ttt", "time": 1791023739.143, "msg": "ttt_chunk:153/245 scored_loss:3.4363"}
{"event": "ttt", "time": 1791023740.393, "msg": "ttt_chunk:154/245 scored_loss:3.6826"}
{"event": "ttt", "time": 1791023741.571, "msg": "ttt_chunk:155/245 scored_loss:3.6405"}
{"event": "ttt", "time": 1791023742.824, "msg": "ttt_chunk:156/245 scored_loss:3.5620"}
{"event": "ttt", "time": 1791023743.999, "msg": "ttt_chunk:157/245 scored_loss:3.7836"}
{"event": "ttt", "time": 1791023745.231, "msg": "ttt_chunk:158/245 scored_loss:3.7080"}
{"event": "ttt", "time": 1791023746.483, "msg": "ttt_chunk:159/245 scored_loss:3.5347"}
{"event": "ttt", "time": 1791023747.64, "msg": "ttt_chunk:160/245 scored_loss:3.6427"}
{"event": "ttt", "time": 1791023748.873, "msg": "ttt_chunk:161/245 scored_loss:3.5401"}
{"event": "ttt", "time": 1791023750.033, "msg": "ttt_chunk:162/245 scored_loss:3.6557"}
{"event": "ttt", "time": 1791023751.287, "msg": "ttt_chunk:163/245 scored_loss:3.6650"}
{"event": "ttt", "time": 1791023752.462, "msg": "ttt_chunk:164/245 scored_loss:3.4468"}
{"event": "ttt", "time": 1791023753.693, "msg": "ttt_chunk:165/245 scored_loss:3.4727"}
{"event": "ttt", "time": 1791023754.874, "msg": "ttt_chunk:166/245 scored_loss:3.7652"}
{"event": "ttt", "time": 1791023756.139, "msg": "ttt_chunk:167/245 scored_loss:3.6540"}
{"event": "ttt", "time": 1791023757.297, "msg": "ttt_chunk:168/245 scored_loss:3.6318"}
{"event": "ttt", "time": 1791023758.499, "msg": "ttt_chunk:169/245 scored_loss:3.6847"}
{"event": "ttt", "time": 1791023759.761, "msg": "ttt_chunk:170/245 scored_loss:3.6788"}
{"event": "ttt", "time": 1791023761.014, "msg": "ttt_chunk:171/245 scored_loss:3.6426"}
{"event": "ttt", "time": 1791023762.19, "msg": "ttt_chunk:172/245 scored_loss:3.4596"}
{"event": "ttt", "time": 1791023763.436, "msg": "ttt_chunk:173/245 scored_loss:3.4650"}
{"event": "ttt", "time": 1791023764.628, "msg": "ttt_chunk:174/245 scored_loss:3.7606"}
{"event": "ttt", "time": 1791023765.903, "msg": "ttt_chunk:175/245 scored_loss:3.7708"}
{"event": "ttt", "time": 1791023767.103, "msg": "ttt_chunk:176/245 scored_loss:3.4831"}
{"event": "ttt", "time": 1791023768.367, "msg": "ttt_chunk:177/245 scored_loss:3.5938"}
{"event": "ttt", "time": 1791023769.539, "msg": "ttt_chunk:178/245 scored_loss:3.6155"}
{"event": "ttt", "time": 1791023770.785, "msg": "ttt_chunk:179/245 scored_loss:3.3299"}
{"event": "ttt", "time": 1791023771.961, "msg": "ttt_chunk:180/245 scored_loss:3.5300"}
{"event": "ttt", "time": 1791023773.2, "msg": "ttt_chunk:181/245 scored_loss:3.5418"}
{"event": "ttt", "time": 1791023774.355, "msg": "ttt_chunk:182/245 scored_loss:3.5119"}
{"event": "ttt", "time": 1791023775.587, "msg": "ttt_chunk:183/245 scored_loss:3.5513"}
{"event": "ttt", "time": 1791023776.765, "msg": "ttt_chunk:184/245 scored_loss:3.6410"}
{"event": "ttt", "time": 1791023778.015, "msg": "ttt_chunk:185/245 scored_loss:3.6510"}
{"event": "ttt", "time": 1791023779.204, "msg": "ttt_chunk:186/245 scored_loss:3.8159"}
{"event": "ttt", "time": 1791023780.482, "msg": "ttt_chunk:187/245 scored_loss:3.7990"}
{"event": "ttt", "time": 1791023781.697, "msg": "ttt_chunk:188/245 scored_loss:3.5998"}
{"event": "ttt", "time": 1791023782.896, "msg": "ttt_chunk:189/245 scored_loss:3.5945"}
{"event": "ttt", "time": 1791023784.104, "msg": "ttt_chunk:190/245 scored_loss:3.5489"}
{"event": "ttt", "time": 1791023785.319, "msg": "ttt_chunk:191/245 scored_loss:3.6220"}
{"event": "ttt", "time": 1791023786.458, "msg": "ttt_chunk:192/245 scored_loss:3.7418"}
{"event": "ttt", "time": 1791023787.639, "msg": "ttt_chunk:193/245 scored_loss:3.5510"}
{"event": "ttt", "time": 1791023788.803, "msg": "ttt_chunk:194/245 scored_loss:3.5025"}
{"event": "ttt", "time": 1791023790.046, "msg": "ttt_chunk:195/245 scored_loss:3.4346"}
{"event": "ttt", "time": 1791023791.224, "msg": "ttt_chunk:196/245 scored_loss:3.6866"}
{"event": "ttt", "time": 1791023792.449, "msg": "ttt_chunk:197/245 scored_loss:3.6069"}
{"event": "ttt", "time": 1791023793.557, "msg": "ttt_chunk:198/245 scored_loss:3.5682"}
{"event": "ttt", "time": 1791023794.816, "msg": "ttt_chunk:199/245 scored_loss:3.6366"}
{"event": "ttt", "time": 1791023795.991, "msg": "ttt_chunk:200/245 scored_loss:3.7869"}
{"event": "ttt", "time": 1791023797.176, "msg": "ttt_chunk:201/245 scored_loss:3.6993"}
{"event": "ttt", "time": 1791023798.43, "msg": "ttt_chunk:202/245 scored_loss:3.4053"}
{"event": "ttt", "time": 1791023799.593, "msg": "ttt_chunk:203/245 scored_loss:3.8058"}
{"event": "ttt", "time": 1791023800.839, "msg": "ttt_chunk:204/245 scored_loss:3.6250"}
{"event": "ttt", "time": 1791023801.991, "msg": "ttt_chunk:205/245 scored_loss:3.6733"}
{"event": "ttt", "time": 1791023803.245, "msg": "ttt_chunk:206/245 scored_loss:3.5070"}
{"event": "ttt", "time": 1791023804.4, "msg": "ttt_chunk:207/245 scored_loss:3.2844"}
{"event": "ttt", "time": 1791023805.687, "msg": "ttt_chunk:208/245 scored_loss:3.4172"}
{"event": "ttt", "time": 1791023806.855, "msg": "ttt_chunk:209/245 scored_loss:3.5874"}
{"event": "ttt", "time": 1791023808.068, "msg": "ttt_chunk:210/245 scored_loss:3.5864"}
{"event": "ttt", "time": 1791023809.229, "msg": "ttt_chunk:211/245 scored_loss:3.7950"}
{"event": "ttt", "time": 1791023810.462, "msg": "ttt_chunk:212/245 scored_loss:3.6337"}
{"event": "ttt", "time": 1791023811.664, "msg": "ttt_chunk:213/245 scored_loss:3.6237"}
{"event": "ttt", "time": 1791023812.911, "msg": "ttt_chunk:214/245 scored_loss:3.3941"}
{"event": "ttt", "time": 1791023814.102, "msg": "ttt_chunk:215/245 scored_loss:3.7765"}
{"event": "ttt", "time": 1791023815.31, "msg": "ttt_chunk:216/245 scored_loss:3.7581"}
{"event": "ttt", "time": 1791023816.466, "msg": "ttt_chunk:217/245 scored_loss:3.7530"}
{"event": "ttt", "time": 1791023817.725, "msg": "ttt_chunk:218/245 scored_loss:3.8480"}
{"event": "ttt", "time": 1791023818.893, "msg": "ttt_chunk:219/245 scored_loss:3.8364"}
{"event": "ttt", "time": 1791023820.123, "msg": "ttt_chunk:220/245 scored_loss:3.7063"}
{"event": "ttt", "time": 1791023821.247, "msg": "ttt_chunk:221/245 scored_loss:3.7247"}
{"event": "ttt", "time": 1791023822.55, "msg": "ttt_chunk:222/245 scored_loss:3.4700"}
{"event": "ttt", "time": 1791023823.706, "msg": "ttt_chunk:223/245 scored_loss:3.6284"}
{"event": "ttt", "time": 1791023824.938, "msg": "ttt_chunk:224/245 scored_loss:3.5776"}
{"event": "ttt", "time": 1791023826.116, "msg": "ttt_chunk:225/245 scored_loss:3.7220"}
{"event": "ttt", "time": 1791023827.371, "msg": "ttt_chunk:226/245 scored_loss:3.6545"}
{"event": "ttt", "time": 1791023828.563, "msg": "ttt_chunk:227/245 scored_loss:3.7025"}
{"event": "ttt", "time": 1791023829.796, "msg": "ttt_chunk:228/245 scored_loss:3.7384"}
{"event": "ttt", "time": 1791023830.976, "msg": "ttt_chunk:229/245 scored_loss:3.4925"}
{"event": "ttt", "time": 1791023832.204, "msg": "ttt_chunk:230/245 scored_loss:3.5154"}
{"event": "ttt", "time": 1791023833.389, "msg": "ttt_chunk:231/245 scored_loss:3.6326"}
{"event": "ttt", "time": 1791023834.645, "msg": "ttt_chunk:232/245 scored_loss:3.4603"}
{"event": "ttt", "time": 1791023835.911, "msg": "ttt_chunk:233/245 scored_loss:3.3954"}
{"event": "ttt", "time": 1791023837.201, "msg": "ttt_chunk:234/245 scored_loss:3.5187"}
{"event": "ttt", "time": 1791023838.413, "msg": "ttt_chunk:235/245 scored_loss:3.7492"}
{"event": "ttt", "time": 1791023839.586, "msg": "ttt_chunk:236/245 scored_loss:3.5002"}
{"event": "ttt", "time": 1791023840.813, "msg": "ttt_chunk:237/245 scored_loss:3.3789"}
{"event": "ttt", "time": 1791023841.988, "msg": "ttt_chunk:238/245 scored_loss:3.6001"}
{"event": "ttt", "time": 1791023843.241, "msg": "ttt_chunk:239/245 scored_loss:3.8274"}
{"event": "ttt", "time": 1791023844.436, "msg": "ttt_chunk:240/245 scored_loss:3.7524"}
{"event": "ttt", "time": 1791023845.658, "msg": "ttt_chunk:241/245 scored_loss:3.6840"}
{"event": "ttt", "time": 1791023846.818, "msg": "ttt_chunk:242/245 scored_loss:3.7381"}
{"event": "ttt", "time": 1791023848.055, "msg": "ttt_chunk:243/245 scored_loss:3.6192"}
{"event": "ttt", "time": 1791023849.215, "msg": "ttt_chunk:244/245 scored_loss:3.5391"}
{"event": "ttt", "time": 1791023849.522, "msg": "ttt_chunk:245/245 scored_loss:3.5359"}
{"event": "eval_ttt", "time": 1791023849.526, "val_loss": 3.61047, "val_bpb": 2.16346}
{"event": "artifact", "time": 1791023849.583, "path": "artifacts\\Full_int6_asdclip_s2024_submission.tar.gz", "bytes": 605896}
{"event": "done", "time": 1791023849.584, "train_time_s": 307.16}
