{"event": "start", "time": 1791029140.283, "run_id": "Full_int6_asdclip_s777", "seed": 777, "device": "cpu", "world_size": 1, "python": "3.11.6", "torch": "2.14.1+cpu"}
{"event": "model", "time": 1791029141.801, "params": 822680, "virtual_layers": 8, "parallel_residual": true, "depth_recurrence": true}
{"event": "train", "time": 1791029142.538, "step": 1, "loss": 6.96061, "lr_scale": 1.0, "elapsed_s": 0.73}
{"event": "train", "time": 1791029143.318, "step": 2, "loss": 6.96981, "lr_scale": 1.0, "elapsed_s": 1.51}
{"event": "train", "time": 1791029144.059, "step": 3, "loss": 6.53898, "lr_scale": 1.0, "elapsed_s": 2.25}
{"event": "train", "time": 1791029144.827, "step": 4, "loss": 6.05258, "lr_scale": 1.0, "elapsed_s": 3.02}
{"event": "train", "time": 1791029145.586, "step": 5, "loss": 5.92588, "lr_scale": 1.0, "elapsed_s": 3.78}
{"event": "train", "time": 1791029221.076, "step": 100, "loss": 4.37049, "lr_scale": 1.0, "elapsed_s": 79.27}
{"event": "train", "time": 1791029301.09, "step": 200, "loss": 4.04925, "lr_scale": 1.0, "elapsed_s": 159.28}
{"event": "train", "time": 1791029381.211, "step": 300, "loss": 3.69152, "lr_scale": 0.8417, "elapsed_s": 239.4}
{"event": "train", "time": 1791029461.081, "step": 400, "loss": 3.84414, "lr_scale": 0.0083, "elapsed_s": 319.27}
{"event": "train", "time": 1791029461.865, "step": 401, "loss": 3.30408, "lr_scale": 0.0, "elapsed_s": 320.06}
{"event": "eval_start", "time": 1791029461.871, "val_tokens": 1999872}
{"event": "eval_prequant", "time": 1791029486.25, "val_loss": 3.60525, "val_bpb": 2.16033}
{"event": "quant", "time": 1791029487.175, "scheme": "int6_asdclip", "weight_blob_bytes": 440985, "raw_bytes": 869675, "payload_bytes": 838654, "quant_tensors": 44}
{"event": "eval_postquant", "time": 1791029514.696, "val_loss": 3.68988, "val_bpb": 2.21104}
{"event": "ttt", "time": 1791029516.041, "msg": "ttt_chunk:1/245 scored_loss:3.7200"}
{"event": "ttt", "time": 1791029517.217, "msg": "ttt_chunk:2/245 scored_loss:3.9149"}
{"event": "ttt", "time": 1791029518.495, "msg": "ttt_chunk:3/245 scored_loss:3.7460"}
{"event": "ttt", "time": 1791029519.679, "msg": "ttt_chunk:4/245 scored_loss:3.8261"}
{"event": "ttt", "time": 1791029520.929, "msg": "ttt_chunk:5/245 scored_loss:3.6799"}
{"event": "ttt", "time": 1791029522.072, "msg": "ttt_chunk:6/245 scored_loss:3.5713"}
{"event": "ttt", "time": 1791029523.355, "msg": "ttt_chunk:7/245 scored_loss:3.5059"}
{"event": "ttt", "time": 1791029524.506, "msg": "ttt_chunk:8/245 scored_loss:3.7682"}
{"event": "ttt", "time": 1791029525.765, "msg": "ttt_chunk:9/245 scored_loss:3.5553"}
{"event": "ttt", "time": 1791029526.93, "msg": "ttt_chunk:10/245 scored_loss:3.5570"}
{"event": "ttt", "time": 1791029528.202, "msg": "ttt_chunk:11/245 scored_loss:3.5943"}
{"event": "ttt", "time": 1791029529.365, "msg": "ttt_chunk:12/245 scored_loss:3.7976"}
{"event": "ttt", "time": 1791029530.584, "msg": "ttt_chunk:13/245 scored_loss:3.7153"}
{"event": "ttt", "time": 1791029531.746, "msg": "ttt_chunk:14/245 scored_loss:3.6289"}
{"event": "ttt", "time": 1791029533.031, "msg": "ttt_chunk:15/245 scored_loss:3.6541"}
{"event": "ttt", "time": 1791029534.207, "msg": "ttt_chunk:16/245 scored_loss:3.7345"}
{"event": "ttt", "time": 1791029535.453, "msg": "ttt_chunk:17/245 scored_loss:3.6182"}
{"event": "ttt", "time": 1791029536.609, "msg": "ttt_chunk:18/245 scored_loss:3.5221"}
{"event": "ttt", "time": 1791029537.836, "msg": "ttt_chunk:19/245 scored_loss:3.5822"}
{"event": "ttt", "time": 1791029538.991, "msg": "ttt_chunk:20/245 scored_loss:3.6455"}
{"event": "ttt", "time": 1791029540.195, "msg": "ttt_chunk:21/245 scored_loss:3.4653"}
{"event": "ttt", "time": 1791029541.382, "msg": "ttt_chunk:22/245 scored_loss:3.4198"}
{"event": "ttt", "time": 1791029542.591, "msg": "ttt_chunk:23/245 scored_loss:3.6654"}
{"event": "ttt", "time": 1791029543.758, "msg": "ttt_chunk:24/245 scored_loss:3.6455"}
{"event": "ttt", "time": 1791029545.002, "msg": "ttt_chunk:25/245 scored_loss:3.6079"}
{"event": "ttt", "time": 1791029546.161, "msg": "ttt_chunk:26/245 scored_loss:3.5755"}
{"event": "ttt", "time": 1791029547.383, "msg": "ttt_chunk:27/245 scored_loss:3.3845"}
{"event": "ttt", "time": 1791029548.552, "msg": "ttt_chunk:28/245 scored_loss:3.7150"}
{"event": "ttt", "time": 1791029549.783, "msg": "ttt_chunk:29/245 scored_loss:3.6192"}
{"event": "ttt", "time": 1791029551.004, "msg": "ttt_chunk:30/245 scored_loss:3.5308"}
{"event": "ttt", "time": 1791029552.234, "msg": "ttt_chunk:31/245 scored_loss:3.6032"}
{"event": "ttt", "time": 1791029553.413, "msg": "ttt_chunk:32/245 scored_loss:3.5942"}
{"event": "ttt", "time": 1791029554.604, "msg": "ttt_chunk:33/245 scored_loss:3.7237"}
{"event": "ttt", "time": 1791029555.81, "msg": "ttt_chunk:34/245 scored_loss:3.4979"}
{"event": "ttt", "time": 1791029556.961, "msg": "ttt_chunk:35/245 scored_loss:3.6982"}
{"event": "ttt", "time": 1791029558.198, "msg": "ttt_chunk:36/245 scored_loss:3.6351"}
{"event": "ttt", "time": 1791029559.397, "msg": "ttt_chunk:37/245 scored_loss:3.6542"}
{"event": "ttt", "time": 1791029560.628, "msg": "ttt_chunk:38/245 scored_loss:3.4377"}
{"event": "ttt", "time": 1791029561.768, "msg": "ttt_chunk:39/245 scored_loss:3.6744"}
{"event": "ttt", "time": 1791029562.968, "msg": "ttt_chunk:40/245 scored_loss:3.7718"}
{"event": "ttt", "time": 1791029564.141, "msg": "ttt_chunk:41/245 scored_loss:3.7037"}
{"event": "ttt", "time": 1791029565.403, "msg": "ttt_chunk:42/245 scored_loss:3.6118"}
{"event": "ttt", "time": 1791029566.598, "msg": "ttt_chunk:43/245 scored_loss:3.6016"}
{"event": "ttt", "time": 1791029567.808, "msg": "ttt_chunk:44/245 scored_loss:3.5580"}
{"event": "ttt", "time": 1791029569.0, "msg": "ttt_chunk:45/245 scored_loss:3.3125"}
{"event": "ttt", "time": 1791029570.229, "msg": "ttt_chunk:46/245 scored_loss:3.2883"}
{"event": "ttt", "time": 1791029571.403, "msg": "ttt_chunk:47/245 scored_loss:3.5174"}
{"event": "ttt", "time": 1791029572.639, "msg": "ttt_chunk:48/245 scored_loss:3.7044"}
{"event": "ttt", "time": 1791029573.905, "msg": "ttt_chunk:49/245 scored_loss:3.7413"}
{"event": "ttt", "time": 1791029575.127, "msg": "ttt_chunk:50/245 scored_loss:3.6123"}
{"event": "ttt", "time": 1791029576.313, "msg": "ttt_chunk:51/245 scored_loss:3.7171"}
{"event": "ttt", "time": 1791029577.556, "msg": "ttt_chunk:52/245 scored_loss:3.3948"}
{"event": "ttt", "time": 1791029578.683, "msg": "ttt_chunk:53/245 scored_loss:3.6284"}
{"event": "ttt", "time": 1791029579.943, "msg": "ttt_chunk:54/245 scored_loss:3.4667"}
{"event": "ttt", "time": 1791029581.091, "msg": "ttt_chunk:55/245 scored_loss:3.5900"}
{"event": "ttt", "time": 1791029582.361, "msg": "ttt_chunk:56/245 scored_loss:3.7325"}
{"event": "ttt", "time": 1791029583.641, "msg": "ttt_chunk:57/245 scored_loss:3.5838"}
{"event": "ttt", "time": 1791029584.876, "msg": "ttt_chunk:58/245 scored_loss:3.5017"}
{"event": "ttt", "time": 1791029586.05, "msg": "ttt_chunk:59/245 scored_loss:3.6311"}
{"event": "ttt", "time": 1791029587.271, "msg": "ttt_chunk:60/245 scored_loss:3.6774"}
{"event": "ttt", "time": 1791029588.468, "msg": "ttt_chunk:61/245 scored_loss:3.6108"}
{"event": "ttt", "time": 1791029589.697, "msg": "ttt_chunk:62/245 scored_loss:3.6251"}
{"event": "ttt", "time": 1791029590.909, "msg": "ttt_chunk:63/245 scored_loss:3.6804"}
{"event": "ttt", "time": 1791029592.135, "msg": "ttt_chunk:64/245 scored_loss:3.6225"}
{"event": "ttt", "time": 1791029593.374, "msg": "ttt_chunk:65/245 scored_loss:3.6898"}
{"event": "ttt", "time": 1791029594.53, "msg": "ttt_chunk:66/245 scored_loss:3.6384"}
{"event": "ttt", "time": 1791029595.769, "msg": "ttt_chunk:67/245 scored_loss:3.6326"}
{"event": "ttt", "time": 1791029596.947, "msg": "ttt_chunk:68/245 scored_loss:3.8355"}
{"event": "ttt", "time": 1791029598.126, "msg": "ttt_chunk:69/245 scored_loss:3.6356"}
{"event": "ttt", "time": 1791029599.314, "msg": "ttt_chunk:70/245 scored_loss:3.6890"}
{"event": "ttt", "time": 1791029600.631, "msg": "ttt_chunk:71/245 scored_loss:3.7420"}
{"event": "ttt", "time": 1791029601.805, "msg": "ttt_chunk:72/245 scored_loss:3.7521"}
{"event": "ttt", "time": 1791029602.986, "msg": "ttt_chunk:73/245 scored_loss:3.5607"}
{"event": "ttt", "time": 1791029604.158, "msg": "ttt_chunk:74/245 scored_loss:3.5012"}
{"event": "ttt", "time": 1791029605.401, "msg": "ttt_chunk:75/245 scored_loss:3.5483"}
{"event": "ttt", "time": 1791029606.58, "msg": "ttt_chunk:76/245 scored_loss:3.5151"}
{"event": "ttt", "time": 1791029607.807, "msg": "ttt_chunk:77/245 scored_loss:3.4251"}
{"event": "ttt", "time": 1791029609.059, "msg": "ttt_chunk:78/245 scored_loss:3.7787"}
{"event": "ttt", "time": 1791029610.359, "msg": "ttt_chunk:79/245 scored_loss:3.4423"}
{"event": "ttt", "time": 1791029611.492, "msg": "ttt_chunk:80/245 scored_loss:3.5354"}
{"event": "ttt", "time": 1791029612.734, "msg": "ttt_chunk:81/245 scored_loss:3.3692"}
{"event": "ttt", "time": 1791029613.896, "msg": "ttt_chunk:82/245 scored_loss:3.6216"}
{"event": "ttt", "time": 1791029615.142, "msg": "ttt_chunk:83/245 scored_loss:3.6638"}
{"event": "ttt", "time": 1791029616.331, "msg": "ttt_chunk:84/245 scored_loss:3.4542"}
{"event": "ttt", "time": 1791029617.556, "msg": "ttt_chunk:85/245 scored_loss:3.4968"}
{"event": "ttt", "time": 1791029618.736, "msg": "ttt_chunk:86/245 scored_loss:3.6094"}
{"event": "ttt", "time": 1791029619.963, "msg": "ttt_chunk:87/245 scored_loss:4.3518"}
{"event": "ttt", "time": 1791029621.123, "msg": "ttt_chunk:88/245 scored_loss:3.2377"}
{"event": "ttt", "time": 1791029622.343, "msg": "ttt_chunk:89/245 scored_loss:3.3173"}
{"event": "ttt", "time": 1791029623.448, "msg": "ttt_chunk:90/245 scored_loss:3.7241"}
{"event": "ttt", "time": 1791029624.69, "msg": "ttt_chunk:91/245 scored_loss:3.6293"}
{"event": "ttt", "time": 1791029625.86, "msg": "ttt_chunk:92/245 scored_loss:3.8083"}
{"event": "ttt", "time": 1791029627.099, "msg": "ttt_chunk:93/245 scored_loss:3.5758"}
{"event": "ttt", "time": 1791029628.26, "msg": "ttt_chunk:94/245 scored_loss:3.6301"}
{"event": "ttt", "time": 1791029629.512, "msg": "ttt_chunk:95/245 scored_loss:3.5512"}
{"event": "ttt", "time": 1791029630.681, "msg": "ttt_chunk:96/245 scored_loss:3.6207"}
{"event": "ttt", "time": 1791029631.898, "msg": "ttt_chunk:97/245 scored_loss:3.7917"}
{"event": "ttt", "time": 1791029633.051, "msg": "ttt_chunk:98/245 scored_loss:3.6156"}
{"event": "ttt", "time": 1791029634.301, "msg": "ttt_chunk:99/245 scored_loss:3.5402"}
{"event": "ttt", "time": 1791029635.463, "msg": "ttt_chunk:100/245 scored_loss:3.3730"}
{"event": "ttt", "time": 1791029636.682, "msg": "ttt_chunk:101/245 scored_loss:3.4587"}
{"event": "ttt", "time": 1791029637.838, "msg": "ttt_chunk:102/245 scored_loss:3.5126"}
{"event": "ttt", "time": 1791029639.08, "msg": "ttt_chunk:103/245 scored_loss:3.5527"}
{"event": "ttt", "time": 1791029640.27, "msg": "ttt_chunk:104/245 scored_loss:3.4155"}
{"event": "ttt", "time": 1791029641.484, "msg": "ttt_chunk:105/245 scored_loss:3.4689"}
{"event": "ttt", "time": 1791029642.682, "msg": "ttt_chunk:106/245 scored_loss:3.8463"}
{"event": "ttt", "time": 1791029643.909, "msg": "ttt_chunk:107/245 scored_loss:3.6972"}
{"event": "ttt", "time": 1791029645.151, "msg": "ttt_chunk:108/245 scored_loss:3.5407"}
{"event": "ttt", "time": 1791029646.436, "msg": "ttt_chunk:109/245 scored_loss:3.5470"}
{"event": "ttt", "time": 1791029647.596, "msg": "ttt_chunk:110/245 scored_loss:3.7833"}
{"event": "ttt", "time": 1791029648.844, "msg": "ttt_chunk:111/245 scored_loss:3.6416"}
{"event": "ttt", "time": 1791029649.991, "msg": "ttt_chunk:112/245 scored_loss:3.6321"}
{"event": "ttt", "time": 1791029651.233, "msg": "ttt_chunk:113/245 scored_loss:3.5294"}
{"event": "ttt", "time": 1791029652.404, "msg": "ttt_chunk:114/245 scored_loss:3.6271"}
{"event": "ttt", "time": 1791029653.641, "msg": "ttt_chunk:115/245 scored_loss:3.7108"}
{"event": "ttt", "time": 1791029654.915, "msg": "ttt_chunk:116/245 scored_loss:3.6988"}
{"event": "ttt", "time": 1791029656.142, "msg": "ttt_chunk:117/245 scored_loss:4.1254"}
{"event": "ttt", "time": 1791029657.286, "msg": "ttt_chunk:118/245 scored_loss:3.8327"}
{"event": "ttt", "time": 1791029658.513, "msg": "ttt_chunk:119/245 scored_loss:4.0835"}
{"event": "ttt", "time": 1791029659.705, "msg": "ttt_chunk:120/245 scored_loss:3.6529"}
{"event": "ttt", "time": 1791029660.903, "msg": "ttt_chunk:121/245 scored_loss:3.5439"}
{"event": "ttt", "time": 1791029662.076, "msg": "ttt_chunk:122/245 scored_loss:3.3777"}
{"event": "ttt", "time": 1791029663.4, "msg": "ttt_chunk:123/245 scored_loss:3.6333"}
{"event": "ttt", "time": 1791029664.589, "msg": "ttt_chunk:124/245 scored_loss:3.3720"}
{"event": "ttt", "time": 1791029665.828, "msg": "ttt_chunk:125/245 scored_loss:3.5276"}
{"event": "ttt", "time": 1791029667.011, "msg": "ttt_chunk:126/245 scored_loss:3.6455"}
{"event": "ttt", "time": 1791029668.249, "msg": "ttt_chunk:127/245 scored_loss:3.5800"}
{"event": "ttt", "time": 1791029669.419, "msg": "ttt_chunk:128/245 scored_loss:3.6515"}
{"event": "ttt", "time": 1791029670.652, "msg": "ttt_chunk:129/245 scored_loss:3.3906"}
{"event": "ttt", "time": 1791029671.805, "msg": "ttt_chunk:130/245 scored_loss:3.4517"}
{"event": "ttt", "time": 1791029673.082, "msg": "ttt_chunk:131/245 scored_loss:3.7093"}
{"event": "ttt", "time": 1791029674.238, "msg": "ttt_chunk:132/245 scored_loss:3.6580"}
{"event": "ttt", "time": 1791029675.474, "msg": "ttt_chunk:133/245 scored_loss:3.4659"}
{"event": "ttt", "time": 1791029676.658, "msg": "ttt_chunk:134/245 scored_loss:3.6114"}
{"event": "ttt", "time": 1791029677.837, "msg": "ttt_chunk:135/245 scored_loss:3.5463"}
{"event": "ttt", "time": 1791029679.123, "msg": "ttt_chunk:136/245 scored_loss:3.5389"}
{"event": "ttt", "time": 1791029680.404, "msg": "ttt_chunk:137/245 scored_loss:3.4699"}
{"event": "ttt", "time": 1791029681.577, "msg": "ttt_chunk:138/245 scored_loss:3.5894"}
{"event": "ttt", "time": 1791029682.804, "msg": "ttt_chunk:139/245 scored_loss:3.4348"}
{"event": "ttt", "time": 1791029683.958, "msg": "ttt_chunk:140/245 scored_loss:3.5317"}
{"event": "ttt", "time": 1791029685.212, "msg": "ttt_chunk:141/245 scored_loss:3.5500"}
{"event": "ttt", "time": 1791029686.374, "msg": "ttt_chunk:142/245 scored_loss:3.6310"}
{"event": "ttt", "time": 1791029687.586, "msg": "ttt_chunk:143/245 scored_loss:3.6828"}
{"event": "ttt", "time": 1791029688.769, "msg": "ttt_chunk:144/245 scored_loss:3.7186"}
{"event": "ttt", "time": 1791029690.011, "msg": "ttt_chunk:145/245 scored_loss:3.6176"}
{"event": "ttt", "time": 1791029691.182, "msg": "ttt_chunk:146/245 scored_loss:3.5935"}
{"event": "ttt", "time": 1791029692.392, "msg": "ttt_chunk:147/245 scored_loss:3.7801"}
{"event": "ttt", "time": 1791029693.545, "msg": "ttt_chunk:148/245 scored_loss:3.8532"}
{"event": "ttt", "time": 1791029694.715, "msg": "ttt_chunk:149/245 scored_loss:3.8623"}
{"event": "ttt", "time": 1791029695.883, "msg": "ttt_chunk:150/245 scored_loss:3.7698"}
{"event": "ttt", "time": 1791029697.1, "msg": "ttt_chunk:151/245 scored_loss:3.4352"}
{"event": "ttt", "time": 1791029698.411, "msg": "ttt_chunk:152/245 scored_loss:3.5469"}
{"event": "ttt", "time": 1791029699.691, "msg": "ttt_chunk:153/245 scored_loss:3.4324"}
{"event": "ttt", "time": 1791029700.93, "msg": "ttt_chunk:154/245 scored_loss:3.6788"}
{"event": "ttt", "time": 1791029702.102, "msg": "ttt_chunk:155/245 scored_loss:3.6332"}
{"event": "ttt", "time": 1791029703.336, "msg": "ttt_chunk:156/245 scored_loss:3.5693"}
{"event": "ttt", "time": 1791029704.522, "msg": "ttt_chunk:157/245 scored_loss:3.7752"}
{"event": "ttt", "time": 1791029705.714, "msg": "ttt_chunk:158/245 scored_loss:3.7316"}
{"event": "ttt", "time": 1791029706.99, "msg": "ttt_chunk:159/245 scored_loss:3.5474"}
{"event": "ttt", "time": 1791029708.144, "msg": "ttt_chunk:160/245 scored_loss:3.6302"}
{"event": "ttt", "time": 1791029709.365, "msg": "ttt_chunk:161/245 scored_loss:3.5211"}
{"event": "ttt", "time": 1791029710.485, "msg": "ttt_chunk:162/245 scored_loss:3.6645"}
{"event": "ttt", "time": 1791029711.748, "msg": "ttt_chunk:163/245 scored_loss:3.6589"}
{"event": "ttt", "time": 1791029712.908, "msg": "ttt_chunk:164/245 scored_loss:3.4390"}
{"event": "ttt", "time": 1791029714.22, "msg": "ttt_chunk:165/245 scored_loss:3.4682"}
{"event": "ttt", "time": 1791029715.448, "msg": "ttt_chunk:166/245 scored_loss:3.7680"}
{"event": "ttt", "time": 1791029716.702, "msg": "ttt_chunk:167/245 scored_loss:3.6734"}
{"event": "ttt", "time": 1791029717.911, "msg": "ttt_chunk:168/245 scored_loss:3.6400"}
{"event": "ttt", "time": 1791029719.127, "msg": "ttt_chunk:169/245 scored_loss:3.6744"}
{"event": "ttt", "time": 1791029720.28, "msg": "ttt_chunk:170/245 scored_loss:3.6396"}
{"event": "ttt", "time": 1791029721.559, "msg": "ttt_chunk:171/245 scored_loss:3.6468"}
{"event": "ttt", "time": 1791029722.735, "msg": "ttt_chunk:172/245 scored_loss:3.4709"}
{"event": "ttt", "time": 1791029723.979, "msg": "ttt_chunk:173/245 scored_loss:3.4840"}
{"event": "ttt", "time": 1791029725.079, "msg": "ttt_chunk:174/245 scored_loss:3.7713"}
{"event": "ttt", "time": 1791029726.327, "msg": "ttt_chunk:175/245 scored_loss:3.7980"}
{"event": "ttt", "time": 1791029727.485, "msg": "ttt_chunk:176/245 scored_loss:3.5046"}
{"event": "ttt", "time": 1791029728.766, "msg": "ttt_chunk:177/245 scored_loss:3.5870"}
{"event": "ttt", "time": 1791029729.933, "msg": "ttt_chunk:178/245 scored_loss:3.6033"}
{"event": "ttt", "time": 1791029731.158, "msg": "ttt_chunk:179/245 scored_loss:3.3338"}
{"event": "ttt", "time": 1791029732.332, "msg": "ttt_chunk:180/245 scored_loss:3.5167"}
{"event": "ttt", "time": 1791029733.582, "msg": "ttt_chunk:181/245 scored_loss:3.5418"}
{"event": "ttt", "time": 1791029734.739, "msg": "ttt_chunk:182/245 scored_loss:3.4927"}
{"event": "ttt", "time": 1791029735.972, "msg": "ttt_chunk:183/245 scored_loss:3.5671"}
{"event": "ttt", "time": 1791029737.132, "msg": "ttt_chunk:184/245 scored_loss:3.6471"}
{"event": "ttt", "time": 1791029738.362, "msg": "ttt_chunk:185/245 scored_loss:3.6402"}
{"event": "ttt", "time": 1791029739.524, "msg": "ttt_chunk:186/245 scored_loss:3.8346"}
{"event": "ttt", "time": 1791029740.742, "msg": "ttt_chunk:187/245 scored_loss:3.8395"}
{"event": "ttt", "time": 1791029741.929, "msg": "ttt_chunk:188/245 scored_loss:3.6004"}
{"event": "ttt", "time": 1791029743.151, "msg": "ttt_chunk:189/245 scored_loss:3.5894"}
{"event": "ttt", "time": 1791029744.317, "msg": "ttt_chunk:190/245 scored_loss:3.5630"}
{"event": "ttt", "time": 1791029745.539, "msg": "ttt_chunk:191/245 scored_loss:3.6250"}
{"event": "ttt", "time": 1791029746.748, "msg": "ttt_chunk:192/245 scored_loss:3.7564"}
{"event": "ttt", "time": 1791029748.056, "msg": "ttt_chunk:193/245 scored_loss:3.5263"}
{"event": "ttt", "time": 1791029749.236, "msg": "ttt_chunk:194/245 scored_loss:3.5094"}
{"event": "ttt", "time": 1791029750.476, "msg": "ttt_chunk:195/245 scored_loss:3.4284"}
{"event": "ttt", "time": 1791029751.629, "msg": "ttt_chunk:196/245 scored_loss:3.6809"}
{"event": "ttt", "time": 1791029752.855, "msg": "ttt_chunk:197/245 scored_loss:3.6113"}
{"event": "ttt", "time": 1791029754.007, "msg": "ttt_chunk:198/245 scored_loss:3.5794"}
{"event": "ttt", "time": 1791029755.241, "msg": "ttt_chunk:199/245 scored_loss:3.6582"}
{"event": "ttt", "time": 1791029756.401, "msg": "ttt_chunk:200/245 scored_loss:3.8270"}
{"event": "ttt", "time": 1791029757.614, "msg": "ttt_chunk:201/245 scored_loss:3.7095"}
{"event": "ttt", "time": 1791029758.845, "msg": "ttt_chunk:202/245 scored_loss:3.4109"}
{"event": "ttt", "time": 1791029760.015, "msg": "ttt_chunk:203/245 scored_loss:3.8208"}
{"event": "ttt", "time": 1791029761.236, "msg": "ttt_chunk:204/245 scored_loss:3.6431"}
{"event": "ttt", "time": 1791029762.397, "msg": "ttt_chunk:205/245 scored_loss:3.6959"}
{"event": "ttt", "time": 1791029763.686, "msg": "ttt_chunk:206/245 scored_loss:3.5118"}
{"event": "ttt", "time": 1791029764.975, "msg": "ttt_chunk:207/245 scored_loss:3.2895"}
{"event": "ttt", "time": 1791029766.22, "msg": "ttt_chunk:208/245 scored_loss:3.4352"}
{"event": "ttt", "time": 1791029767.385, "msg": "ttt_chunk:209/245 scored_loss:3.5839"}
{"event": "ttt", "time": 1791029768.56, "msg": "ttt_chunk:210/245 scored_loss:3.6125"}
{"event": "ttt", "time": 1791029769.742, "msg": "ttt_chunk:211/245 scored_loss:3.7865"}
{"event": "ttt", "time": 1791029770.963, "msg": "ttt_chunk:212/245 scored_loss:3.6243"}
{"event": "ttt", "time": 1791029772.114, "msg": "ttt_chunk:213/245 scored_loss:3.6326"}
{"event": "ttt", "time": 1791029773.36, "msg": "ttt_chunk:214/245 scored_loss:3.4099"}
{"event": "ttt", "time": 1791029774.515, "msg": "ttt_chunk:215/245 scored_loss:3.7805"}
{"event": "ttt", "time": 1791029775.732, "msg": "ttt_chunk:216/245 scored_loss:3.7485"}
{"event": "ttt", "time": 1791029776.876, "msg": "ttt_chunk:217/245 scored_loss:3.7573"}
{"event": "ttt", "time": 1791029778.112, "msg": "ttt_chunk:218/245 scored_loss:3.8740"}
{"event": "ttt", "time": 1791029779.255, "msg": "ttt_chunk:219/245 scored_loss:3.8619"}
{"event": "ttt", "time": 1791029780.543, "msg": "ttt_chunk:220/245 scored_loss:3.7148"}
{"event": "ttt", "time": 1791029781.712, "msg": "ttt_chunk:221/245 scored_loss:3.7428"}
{"event": "ttt", "time": 1791029782.95, "msg": "ttt_chunk:222/245 scored_loss:3.4775"}
{"event": "ttt", "time": 1791029784.114, "msg": "ttt_chunk:223/245 scored_loss:3.6171"}
{"event": "ttt", "time": 1791029785.326, "msg": "ttt_chunk:224/245 scored_loss:3.5816"}
{"event": "ttt", "time": 1791029786.472, "msg": "ttt_chunk:225/245 scored_loss:3.7096"}
{"event": "ttt", "time": 1791029787.676, "msg": "ttt_chunk:226/245 scored_loss:3.6639"}
{"event": "ttt", "time": 1791029788.84, "msg": "ttt_chunk:227/245 scored_loss:3.6781"}
{"event": "ttt", "time": 1791029790.029, "msg": "ttt_chunk:228/245 scored_loss:3.7463"}
{"event": "ttt", "time": 1791029791.173, "msg": "ttt_chunk:229/245 scored_loss:3.4968"}
{"event": "ttt", "time": 1791029792.4, "msg": "ttt_chunk:230/245 scored_loss:3.5125"}
{"event": "ttt", "time": 1791029793.574, "msg": "ttt_chunk:231/245 scored_loss:3.6246"}
{"event": "ttt", "time": 1791029794.774, "msg": "ttt_chunk:232/245 scored_loss:3.4642"}
{"event": "ttt", "time": 1791029795.953, "msg": "ttt_chunk:233/245 scored_loss:3.4004"}
{"event": "ttt", "time": 1791029797.12, "msg": "ttt_chunk:234/245 scored_loss:3.5099"}
{"event": "ttt", "time": 1791029798.394, "msg": "ttt_chunk:235/245 scored_loss:3.7554"}
{"event": "ttt", "time": 1791029799.583, "msg": "ttt_chunk:236/245 scored_loss:3.5144"}
{"event": "ttt", "time": 1791029800.81, "msg": "ttt_chunk:237/245 scored_loss:3.3909"}
{"event": "ttt", "time": 1791029801.906, "msg": "ttt_chunk:238/245 scored_loss:3.6039"}
{"event": "ttt", "time": 1791029803.163, "msg": "ttt_chunk:239/245 scored_loss:3.8566"}
{"event": "ttt", "time": 1791029804.334, "msg": "ttt_chunk:240/245 scored_loss:3.7283"}
{"event": "ttt", "time": 1791029805.633, "msg": "ttt_chunk:241/245 scored_loss:3.6700"}
{"event": "ttt", "time": 1791029806.799, "msg": "ttt_chunk:242/245 scored_loss:3.7267"}
{"event": "ttt", "time": 1791029808.029, "msg": "ttt_chunk:243/245 scored_loss:3.6201"}
{"event": "ttt", "time": 1791029809.191, "msg": "ttt_chunk:244/245 scored_loss:3.5444"}
{"event": "ttt", "time": 1791029809.463, "msg": "ttt_chunk:245/245 scored_loss:3.5696"}
{"event": "eval_ttt", "time": 1791029809.465, "val_loss": 3.61604, "val_bpb": 2.1668}
{"event": "artifact", "time": 1791029809.52, "path": "artifacts\\Full_int6_asdclip_s777_submission.tar.gz", "bytes": 606181}
{"event": "done", "time": 1791029809.529, "train_time_s": 320.06}
