{"event": "start", "time": 1791031243.459, "run_id": "Full_int6_asdclip_s999", "seed": 999, "device": "cpu", "world_size": 1, "python": "3.11.6", "torch": "2.14.1+cpu"}
{"event": "model", "time": 1791031244.978, "params": 822680, "virtual_layers": 8, "parallel_residual": true, "depth_recurrence": true}
{"event": "train", "time": 1791031245.705, "step": 1, "loss": 6.95864, "lr_scale": 1.0, "elapsed_s": 0.72}
{"event": "train", "time": 1791031246.459, "step": 2, "loss": 6.95025, "lr_scale": 1.0, "elapsed_s": 1.47}
{"event": "train", "time": 1791031247.228, "step": 3, "loss": 6.52622, "lr_scale": 1.0, "elapsed_s": 2.24}
{"event": "train", "time": 1791031248.001, "step": 4, "loss": 6.04798, "lr_scale": 1.0, "elapsed_s": 3.02}
{"event": "train", "time": 1791031248.72, "step": 5, "loss": 5.90089, "lr_scale": 1.0, "elapsed_s": 3.73}
{"event": "train", "time": 1791031324.296, "step": 100, "loss": 4.34909, "lr_scale": 1.0, "elapsed_s": 79.31}
{"event": "train", "time": 1791031404.859, "step": 200, "loss": 4.05114, "lr_scale": 1.0, "elapsed_s": 159.87}
{"event": "train", "time": 1791031485.645, "step": 300, "loss": 3.69797, "lr_scale": 0.8417, "elapsed_s": 240.66}
{"event": "train", "time": 1791031565.802, "step": 400, "loss": 3.83336, "lr_scale": 0.0083, "elapsed_s": 320.82}
{"event": "train", "time": 1791031566.627, "step": 401, "loss": 3.29408, "lr_scale": 0.0, "elapsed_s": 321.64}
{"event": "eval_start", "time": 1791031566.633, "val_tokens": 1999872}
{"event": "eval_prequant", "time": 1791031590.243, "val_loss": 3.59782, "val_bpb": 2.15588}
{"event": "quant", "time": 1791031591.214, "scheme": "int6_asdclip", "weight_blob_bytes": 440599, "raw_bytes": 869675, "payload_bytes": 838654, "quant_tensors": 44}
{"event": "eval_postquant", "time": 1791031617.564, "val_loss": 3.70371, "val_bpb": 2.21933}
{"event": "ttt", "time": 1791031618.897, "msg": "ttt_chunk:1/245 scored_loss:3.7433"}
{"event": "ttt", "time": 1791031620.067, "msg": "ttt_chunk:2/245 scored_loss:3.9304"}
{"event": "ttt", "time": 1791031621.334, "msg": "ttt_chunk:3/245 scored_loss:3.7682"}
{"event": "ttt", "time": 1791031622.503, "msg": "ttt_chunk:4/245 scored_loss:3.8357"}
{"event": "ttt", "time": 1791031623.759, "msg": "ttt_chunk:5/245 scored_loss:3.6969"}
{"event": "ttt", "time": 1791031624.915, "msg": "ttt_chunk:6/245 scored_loss:3.5739"}
{"event": "ttt", "time": 1791031626.157, "msg": "ttt_chunk:7/245 scored_loss:3.5160"}
{"event": "ttt", "time": 1791031627.334, "msg": "ttt_chunk:8/245 scored_loss:3.7536"}
{"event": "ttt", "time": 1791031628.573, "msg": "ttt_chunk:9/245 scored_loss:3.5675"}
{"event": "ttt", "time": 1791031629.743, "msg": "ttt_chunk:10/245 scored_loss:3.5602"}
{"event": "ttt", "time": 1791031630.993, "msg": "ttt_chunk:11/245 scored_loss:3.5836"}
{"event": "ttt", "time": 1791031632.171, "msg": "ttt_chunk:12/245 scored_loss:3.7945"}
{"event": "ttt", "time": 1791031633.42, "msg": "ttt_chunk:13/245 scored_loss:3.7093"}
{"event": "ttt", "time": 1791031634.603, "msg": "ttt_chunk:14/245 scored_loss:3.6197"}
{"event": "ttt", "time": 1791031635.837, "msg": "ttt_chunk:15/245 scored_loss:3.6513"}
{"event": "ttt", "time": 1791031637.016, "msg": "ttt_chunk:16/245 scored_loss:3.7219"}
{"event": "ttt", "time": 1791031638.247, "msg": "ttt_chunk:17/245 scored_loss:3.6396"}
{"event": "ttt", "time": 1791031639.416, "msg": "ttt_chunk:18/245 scored_loss:3.5046"}
{"event": "ttt", "time": 1791031640.654, "msg": "ttt_chunk:19/245 scored_loss:3.5700"}
{"event": "ttt", "time": 1791031641.756, "msg": "ttt_chunk:20/245 scored_loss:3.6574"}
{"event": "ttt", "time": 1791031643.014, "msg": "ttt_chunk:21/245 scored_loss:3.4682"}
{"event": "ttt", "time": 1791031644.216, "msg": "ttt_chunk:22/245 scored_loss:3.4128"}
{"event": "ttt", "time": 1791031645.462, "msg": "ttt_chunk:23/245 scored_loss:3.6849"}
{"event": "ttt", "time": 1791031646.644, "msg": "ttt_chunk:24/245 scored_loss:3.6279"}
{"event": "ttt", "time": 1791031647.886, "msg": "ttt_chunk:25/245 scored_loss:3.5908"}
{"event": "ttt", "time": 1791031649.041, "msg": "ttt_chunk:26/245 scored_loss:3.5686"}
{"event": "ttt", "time": 1791031650.241, "msg": "ttt_chunk:27/245 scored_loss:3.3645"}
{"event": "ttt", "time": 1791031651.394, "msg": "ttt_chunk:28/245 scored_loss:3.6950"}
{"event": "ttt", "time": 1791031652.658, "msg": "ttt_chunk:29/245 scored_loss:3.6161"}
{"event": "ttt", "time": 1791031653.886, "msg": "ttt_chunk:30/245 scored_loss:3.5245"}
{"event": "ttt", "time": 1791031655.11, "msg": "ttt_chunk:31/245 scored_loss:3.5938"}
{"event": "ttt", "time": 1791031656.301, "msg": "ttt_chunk:32/245 scored_loss:3.5804"}
{"event": "ttt", "time": 1791031657.507, "msg": "ttt_chunk:33/245 scored_loss:3.7095"}
{"event": "ttt", "time": 1791031658.731, "msg": "ttt_chunk:34/245 scored_loss:3.4816"}
{"event": "ttt", "time": 1791031659.894, "msg": "ttt_chunk:35/245 scored_loss:3.6776"}
{"event": "ttt", "time": 1791031661.103, "msg": "ttt_chunk:36/245 scored_loss:3.6372"}
{"event": "ttt", "time": 1791031662.28, "msg": "ttt_chunk:37/245 scored_loss:3.6687"}
{"event": "ttt", "time": 1791031663.527, "msg": "ttt_chunk:38/245 scored_loss:3.4253"}
{"event": "ttt", "time": 1791031664.703, "msg": "ttt_chunk:39/245 scored_loss:3.6712"}
{"event": "ttt", "time": 1791031665.921, "msg": "ttt_chunk:40/245 scored_loss:3.7631"}
{"event": "ttt", "time": 1791031667.088, "msg": "ttt_chunk:41/245 scored_loss:3.7178"}
{"event": "ttt", "time": 1791031668.334, "msg": "ttt_chunk:42/245 scored_loss:3.5820"}
{"event": "ttt", "time": 1791031669.539, "msg": "ttt_chunk:43/245 scored_loss:3.5972"}
{"event": "ttt", "time": 1791031670.747, "msg": "ttt_chunk:44/245 scored_loss:3.5380"}
{"event": "ttt", "time": 1791031671.924, "msg": "ttt_chunk:45/245 scored_loss:3.2663"}
{"event": "ttt", "time": 1791031673.155, "msg": "ttt_chunk:46/245 scored_loss:3.2547"}
{"event": "ttt", "time": 1791031674.322, "msg": "ttt_chunk:47/245 scored_loss:3.4813"}
{"event": "ttt", "time": 1791031675.57, "msg": "ttt_chunk:48/245 scored_loss:3.7252"}
{"event": "ttt", "time": 1791031676.722, "msg": "ttt_chunk:49/245 scored_loss:3.7092"}
{"event": "ttt", "time": 1791031677.986, "msg": "ttt_chunk:50/245 scored_loss:3.5851"}
{"event": "ttt", "time": 1791031679.159, "msg": "ttt_chunk:51/245 scored_loss:3.7060"}
{"event": "ttt", "time": 1791031680.378, "msg": "ttt_chunk:52/245 scored_loss:3.3924"}
{"event": "ttt", "time": 1791031681.552, "msg": "ttt_chunk:53/245 scored_loss:3.6204"}
{"event": "ttt", "time": 1791031682.801, "msg": "ttt_chunk:54/245 scored_loss:3.4876"}
{"event": "ttt", "time": 1791031683.989, "msg": "ttt_chunk:55/245 scored_loss:3.5931"}
{"event": "ttt", "time": 1791031685.161, "msg": "ttt_chunk:56/245 scored_loss:3.7335"}
{"event": "ttt", "time": 1791031686.38, "msg": "ttt_chunk:57/245 scored_loss:3.5673"}
{"event": "ttt", "time": 1791031687.597, "msg": "ttt_chunk:58/245 scored_loss:3.4879"}
{"event": "ttt", "time": 1791031688.759, "msg": "ttt_chunk:59/245 scored_loss:3.6192"}
{"event": "ttt", "time": 1791031689.974, "msg": "ttt_chunk:60/245 scored_loss:3.6764"}
{"event": "ttt", "time": 1791031691.127, "msg": "ttt_chunk:61/245 scored_loss:3.5985"}
{"event": "ttt", "time": 1791031692.35, "msg": "ttt_chunk:62/245 scored_loss:3.6470"}
{"event": "ttt", "time": 1791031693.588, "msg": "ttt_chunk:63/245 scored_loss:3.6547"}
{"event": "ttt", "time": 1791031694.769, "msg": "ttt_chunk:64/245 scored_loss:3.6090"}
{"event": "ttt", "time": 1791031696.004, "msg": "ttt_chunk:65/245 scored_loss:3.6672"}
{"event": "ttt", "time": 1791031697.175, "msg": "ttt_chunk:66/245 scored_loss:3.6348"}
{"event": "ttt", "time": 1791031698.411, "msg": "ttt_chunk:67/245 scored_loss:3.6405"}
{"event": "ttt", "time": 1791031699.597, "msg": "ttt_chunk:68/245 scored_loss:3.8199"}
{"event": "ttt", "time": 1791031700.81, "msg": "ttt_chunk:69/245 scored_loss:3.6296"}
{"event": "ttt", "time": 1791031701.97, "msg": "ttt_chunk:70/245 scored_loss:3.6683"}
{"event": "ttt", "time": 1791031703.198, "msg": "ttt_chunk:71/245 scored_loss:3.7387"}
{"event": "ttt", "time": 1791031704.385, "msg": "ttt_chunk:72/245 scored_loss:3.7439"}
{"event": "ttt", "time": 1791031705.558, "msg": "ttt_chunk:73/245 scored_loss:3.5624"}
{"event": "ttt", "time": 1791031706.808, "msg": "ttt_chunk:74/245 scored_loss:3.5002"}
{"event": "ttt", "time": 1791031708.051, "msg": "ttt_chunk:75/245 scored_loss:3.5429"}
{"event": "ttt", "time": 1791031709.221, "msg": "ttt_chunk:76/245 scored_loss:3.5345"}
{"event": "ttt", "time": 1791031710.404, "msg": "ttt_chunk:77/245 scored_loss:3.4003"}
{"event": "ttt", "time": 1791031711.568, "msg": "ttt_chunk:78/245 scored_loss:3.7832"}
{"event": "ttt", "time": 1791031712.822, "msg": "ttt_chunk:79/245 scored_loss:3.4572"}
{"event": "ttt", "time": 1791031713.963, "msg": "ttt_chunk:80/245 scored_loss:3.5278"}
{"event": "ttt", "time": 1791031715.19, "msg": "ttt_chunk:81/245 scored_loss:3.3527"}
{"event": "ttt", "time": 1791031716.394, "msg": "ttt_chunk:82/245 scored_loss:3.6028"}
{"event": "ttt", "time": 1791031717.64, "msg": "ttt_chunk:83/245 scored_loss:3.6667"}
{"event": "ttt", "time": 1791031718.863, "msg": "ttt_chunk:84/245 scored_loss:3.4642"}
{"event": "ttt", "time": 1791031720.069, "msg": "ttt_chunk:85/245 scored_loss:3.4666"}
{"event": "ttt", "time": 1791031721.22, "msg": "ttt_chunk:86/245 scored_loss:3.5857"}
{"event": "ttt", "time": 1791031722.455, "msg": "ttt_chunk:87/245 scored_loss:4.3272"}
{"event": "ttt", "time": 1791031723.591, "msg": "ttt_chunk:88/245 scored_loss:3.2412"}
{"event": "ttt", "time": 1791031724.84, "msg": "ttt_chunk:89/245 scored_loss:3.3373"}
{"event": "ttt", "time": 1791031725.997, "msg": "ttt_chunk:90/245 scored_loss:3.7076"}
{"event": "ttt", "time": 1791031727.227, "msg": "ttt_chunk:91/245 scored_loss:3.6019"}
{"event": "ttt", "time": 1791031728.41, "msg": "ttt_chunk:92/245 scored_loss:3.8062"}
{"event": "ttt", "time": 1791031729.606, "msg": "ttt_chunk:93/245 scored_loss:3.5610"}
{"event": "ttt", "time": 1791031730.777, "msg": "ttt_chunk:94/245 scored_loss:3.6234"}
{"event": "ttt", "time": 1791031732.019, "msg": "ttt_chunk:95/245 scored_loss:3.5370"}
{"event": "ttt", "time": 1791031733.194, "msg": "ttt_chunk:96/245 scored_loss:3.6401"}
{"event": "ttt", "time": 1791031734.443, "msg": "ttt_chunk:97/245 scored_loss:3.7962"}
{"event": "ttt", "time": 1791031735.612, "msg": "ttt_chunk:98/245 scored_loss:3.6207"}
{"event": "ttt", "time": 1791031736.86, "msg": "ttt_chunk:99/245 scored_loss:3.5241"}
{"event": "ttt", "time": 1791031738.027, "msg": "ttt_chunk:100/245 scored_loss:3.3775"}
{"event": "ttt", "time": 1791031739.209, "msg": "ttt_chunk:101/245 scored_loss:3.4612"}
{"event": "ttt", "time": 1791031740.402, "msg": "ttt_chunk:102/245 scored_loss:3.5228"}
{"event": "ttt", "time": 1791031741.65, "msg": "ttt_chunk:103/245 scored_loss:3.5548"}
{"event": "ttt", "time": 1791031742.822, "msg": "ttt_chunk:104/245 scored_loss:3.4215"}
{"event": "ttt", "time": 1791031743.998, "msg": "ttt_chunk:105/245 scored_loss:3.4481"}
{"event": "ttt", "time": 1791031745.206, "msg": "ttt_chunk:106/245 scored_loss:3.8376"}
{"event": "ttt", "time": 1791031746.429, "msg": "ttt_chunk:107/245 scored_loss:3.7061"}
{"event": "ttt", "time": 1791031747.619, "msg": "ttt_chunk:108/245 scored_loss:3.5367"}
{"event": "ttt", "time": 1791031748.866, "msg": "ttt_chunk:109/245 scored_loss:3.5504"}
{"event": "ttt", "time": 1791031750.036, "msg": "ttt_chunk:110/245 scored_loss:3.7678"}
{"event": "ttt", "time": 1791031751.244, "msg": "ttt_chunk:111/245 scored_loss:3.6497"}
{"event": "ttt", "time": 1791031752.419, "msg": "ttt_chunk:112/245 scored_loss:3.6290"}
{"event": "ttt", "time": 1791031753.685, "msg": "ttt_chunk:113/245 scored_loss:3.5301"}
{"event": "ttt", "time": 1791031754.87, "msg": "ttt_chunk:114/245 scored_loss:3.6324"}
{"event": "ttt", "time": 1791031756.069, "msg": "ttt_chunk:115/245 scored_loss:3.7211"}
{"event": "ttt", "time": 1791031757.334, "msg": "ttt_chunk:116/245 scored_loss:3.6829"}
{"event": "ttt", "time": 1791031758.563, "msg": "ttt_chunk:117/245 scored_loss:4.1063"}
{"event": "ttt", "time": 1791031759.736, "msg": "ttt_chunk:118/245 scored_loss:3.8150"}
{"event": "ttt", "time": 1791031760.981, "msg": "ttt_chunk:119/245 scored_loss:4.0529"}
{"event": "ttt", "time": 1791031762.139, "msg": "ttt_chunk:120/245 scored_loss:3.6455"}
{"event": "ttt", "time": 1791031763.377, "msg": "ttt_chunk:121/245 scored_loss:3.5465"}
{"event": "ttt", "time": 1791031764.52, "msg": "ttt_chunk:122/245 scored_loss:3.3880"}
{"event": "ttt", "time": 1791031765.786, "msg": "ttt_chunk:123/245 scored_loss:3.6331"}
{"event": "ttt", "time": 1791031766.973, "msg": "ttt_chunk:124/245 scored_loss:3.3697"}
{"event": "ttt", "time": 1791031768.24, "msg": "ttt_chunk:125/245 scored_loss:3.5185"}
{"event": "ttt", "time": 1791031769.414, "msg": "ttt_chunk:126/245 scored_loss:3.6402"}
{"event": "ttt", "time": 1791031770.726, "msg": "ttt_chunk:127/245 scored_loss:3.5850"}
{"event": "ttt", "time": 1791031771.987, "msg": "ttt_chunk:128/245 scored_loss:3.6505"}
{"event": "ttt", "time": 1791031773.248, "msg": "ttt_chunk:129/245 scored_loss:3.3793"}
{"event": "ttt", "time": 1791031774.435, "msg": "ttt_chunk:130/245 scored_loss:3.4452"}
{"event": "ttt", "time": 1791031775.684, "msg": "ttt_chunk:131/245 scored_loss:3.7068"}
{"event": "ttt", "time": 1791031776.862, "msg": "ttt_chunk:132/245 scored_loss:3.6572"}
{"event": "ttt", "time": 1791031778.102, "msg": "ttt_chunk:133/245 scored_loss:3.4430"}
{"event": "ttt", "time": 1791031779.278, "msg": "ttt_chunk:134/245 scored_loss:3.6059"}
{"event": "ttt", "time": 1791031780.552, "msg": "ttt_chunk:135/245 scored_loss:3.5277"}
{"event": "ttt", "time": 1791031781.663, "msg": "ttt_chunk:136/245 scored_loss:3.5058"}
{"event": "ttt", "time": 1791031782.91, "msg": "ttt_chunk:137/245 scored_loss:3.4587"}
{"event": "ttt", "time": 1791031784.08, "msg": "ttt_chunk:138/245 scored_loss:3.5650"}
{"event": "ttt", "time": 1791031785.327, "msg": "ttt_chunk:139/245 scored_loss:3.4235"}
{"event": "ttt", "time": 1791031786.5, "msg": "ttt_chunk:140/245 scored_loss:3.5107"}
{"event": "ttt", "time": 1791031787.757, "msg": "ttt_chunk:141/245 scored_loss:3.5490"}
{"event": "ttt", "time": 1791031788.923, "msg": "ttt_chunk:142/245 scored_loss:3.6200"}
{"event": "ttt", "time": 1791031790.178, "msg": "ttt_chunk:143/245 scored_loss:3.6648"}
{"event": "ttt", "time": 1791031791.298, "msg": "ttt_chunk:144/245 scored_loss:3.6882"}
{"event": "ttt", "time": 1791031792.571, "msg": "ttt_chunk:145/245 scored_loss:3.6136"}
{"event": "ttt", "time": 1791031793.731, "msg": "ttt_chunk:146/245 scored_loss:3.6115"}
{"event": "ttt", "time": 1791031794.957, "msg": "ttt_chunk:147/245 scored_loss:3.7676"}
{"event": "ttt", "time": 1791031796.13, "msg": "ttt_chunk:148/245 scored_loss:3.8560"}
{"event": "ttt", "time": 1791031797.314, "msg": "ttt_chunk:149/245 scored_loss:3.8683"}
{"event": "ttt", "time": 1791031798.489, "msg": "ttt_chunk:150/245 scored_loss:3.7772"}
{"event": "ttt", "time": 1791031799.682, "msg": "ttt_chunk:151/245 scored_loss:3.4309"}
{"event": "ttt", "time": 1791031800.907, "msg": "ttt_chunk:152/245 scored_loss:3.5518"}
{"event": "ttt", "time": 1791031802.13, "msg": "ttt_chunk:153/245 scored_loss:3.4249"}
{"event": "ttt", "time": 1791031803.385, "msg": "ttt_chunk:154/245 scored_loss:3.6783"}
{"event": "ttt", "time": 1791031804.562, "msg": "ttt_chunk:155/245 scored_loss:3.6227"}
{"event": "ttt", "time": 1791031805.782, "msg": "ttt_chunk:156/245 scored_loss:3.5526"}
{"event": "ttt", "time": 1791031806.947, "msg": "ttt_chunk:157/245 scored_loss:3.7847"}
{"event": "ttt", "time": 1791031808.153, "msg": "ttt_chunk:158/245 scored_loss:3.7231"}
{"event": "ttt", "time": 1791031809.396, "msg": "ttt_chunk:159/245 scored_loss:3.5286"}
{"event": "ttt", "time": 1791031810.746, "msg": "ttt_chunk:160/245 scored_loss:3.6257"}
{"event": "ttt", "time": 1791031812.083, "msg": "ttt_chunk:161/245 scored_loss:3.5275"}
{"event": "ttt", "time": 1791031813.298, "msg": "ttt_chunk:162/245 scored_loss:3.6506"}
{"event": "ttt", "time": 1791031814.528, "msg": "ttt_chunk:163/245 scored_loss:3.6594"}
{"event": "ttt", "time": 1791031815.717, "msg": "ttt_chunk:164/245 scored_loss:3.4349"}
{"event": "ttt", "time": 1791031816.925, "msg": "ttt_chunk:165/245 scored_loss:3.4565"}
{"event": "ttt", "time": 1791031818.094, "msg": "ttt_chunk:166/245 scored_loss:3.7691"}
{"event": "ttt", "time": 1791031819.361, "msg": "ttt_chunk:167/245 scored_loss:3.6458"}
{"event": "ttt", "time": 1791031820.56, "msg": "ttt_chunk:168/245 scored_loss:3.6350"}
{"event": "ttt", "time": 1791031821.818, "msg": "ttt_chunk:169/245 scored_loss:3.6668"}
{"event": "ttt", "time": 1791031822.985, "msg": "ttt_chunk:170/245 scored_loss:3.6583"}
{"event": "ttt", "time": 1791031824.257, "msg": "ttt_chunk:171/245 scored_loss:3.6490"}
{"event": "ttt", "time": 1791031825.503, "msg": "ttt_chunk:172/245 scored_loss:3.4853"}
{"event": "ttt", "time": 1791031826.821, "msg": "ttt_chunk:173/245 scored_loss:3.4712"}
{"event": "ttt", "time": 1791031828.077, "msg": "ttt_chunk:174/245 scored_loss:3.7371"}
{"event": "ttt", "time": 1791031829.434, "msg": "ttt_chunk:175/245 scored_loss:3.7313"}
{"event": "ttt", "time": 1791031830.685, "msg": "ttt_chunk:176/245 scored_loss:3.4742"}
{"event": "ttt", "time": 1791031831.924, "msg": "ttt_chunk:177/245 scored_loss:3.5885"}
{"event": "ttt", "time": 1791031833.169, "msg": "ttt_chunk:178/245 scored_loss:3.5930"}
{"event": "ttt", "time": 1791031834.44, "msg": "ttt_chunk:179/245 scored_loss:3.3281"}
{"event": "ttt", "time": 1791031835.626, "msg": "ttt_chunk:180/245 scored_loss:3.5295"}
{"event": "ttt", "time": 1791031836.867, "msg": "ttt_chunk:181/245 scored_loss:3.5218"}
{"event": "ttt", "time": 1791031838.131, "msg": "ttt_chunk:182/245 scored_loss:3.4925"}
{"event": "ttt", "time": 1791031839.461, "msg": "ttt_chunk:183/245 scored_loss:3.5446"}
{"event": "ttt", "time": 1791031840.708, "msg": "ttt_chunk:184/245 scored_loss:3.6273"}
{"event": "ttt", "time": 1791031841.954, "msg": "ttt_chunk:185/245 scored_loss:3.6306"}
{"event": "ttt", "time": 1791031843.128, "msg": "ttt_chunk:186/245 scored_loss:3.7919"}
{"event": "ttt", "time": 1791031844.397, "msg": "ttt_chunk:187/245 scored_loss:3.7927"}
{"event": "ttt", "time": 1791031845.569, "msg": "ttt_chunk:188/245 scored_loss:3.5919"}
{"event": "ttt", "time": 1791031846.818, "msg": "ttt_chunk:189/245 scored_loss:3.5865"}
{"event": "ttt", "time": 1791031848.002, "msg": "ttt_chunk:190/245 scored_loss:3.5594"}
{"event": "ttt", "time": 1791031849.244, "msg": "ttt_chunk:191/245 scored_loss:3.6311"}
{"event": "ttt", "time": 1791031850.456, "msg": "ttt_chunk:192/245 scored_loss:3.7282"}
{"event": "ttt", "time": 1791031851.686, "msg": "ttt_chunk:193/245 scored_loss:3.5389"}
{"event": "ttt", "time": 1791031852.865, "msg": "ttt_chunk:194/245 scored_loss:3.5150"}
{"event": "ttt", "time": 1791031854.14, "msg": "ttt_chunk:195/245 scored_loss:3.4363"}
{"event": "ttt", "time": 1791031855.339, "msg": "ttt_chunk:196/245 scored_loss:3.6867"}
{"event": "ttt", "time": 1791031856.594, "msg": "ttt_chunk:197/245 scored_loss:3.5949"}
{"event": "ttt", "time": 1791031857.736, "msg": "ttt_chunk:198/245 scored_loss:3.5817"}
{"event": "ttt", "time": 1791031859.002, "msg": "ttt_chunk:199/245 scored_loss:3.6462"}
{"event": "ttt", "time": 1791031860.183, "msg": "ttt_chunk:200/245 scored_loss:3.8117"}
{"event": "ttt", "time": 1791031861.42, "msg": "ttt_chunk:201/245 scored_loss:3.7057"}
{"event": "ttt", "time": 1791031862.695, "msg": "ttt_chunk:202/245 scored_loss:3.4114"}
{"event": "ttt", "time": 1791031863.979, "msg": "ttt_chunk:203/245 scored_loss:3.8230"}
{"event": "ttt", "time": 1791031865.186, "msg": "ttt_chunk:204/245 scored_loss:3.6205"}
{"event": "ttt", "time": 1791031866.401, "msg": "ttt_chunk:205/245 scored_loss:3.6667"}
{"event": "ttt", "time": 1791031867.666, "msg": "ttt_chunk:206/245 scored_loss:3.5104"}
{"event": "ttt", "time": 1791031868.846, "msg": "ttt_chunk:207/245 scored_loss:3.3276"}
{"event": "ttt", "time": 1791031870.104, "msg": "ttt_chunk:208/245 scored_loss:3.4265"}
{"event": "ttt", "time": 1791031871.218, "msg": "ttt_chunk:209/245 scored_loss:3.6025"}
{"event": "ttt", "time": 1791031872.592, "msg": "ttt_chunk:210/245 scored_loss:3.6121"}
{"event": "ttt", "time": 1791031873.811, "msg": "ttt_chunk:211/245 scored_loss:3.7937"}
{"event": "ttt", "time": 1791031875.059, "msg": "ttt_chunk:212/245 scored_loss:3.6353"}
{"event": "ttt", "time": 1791031876.257, "msg": "ttt_chunk:213/245 scored_loss:3.6289"}
{"event": "ttt", "time": 1791031877.495, "msg": "ttt_chunk:214/245 scored_loss:3.3865"}
{"event": "ttt", "time": 1791031878.709, "msg": "ttt_chunk:215/245 scored_loss:3.7883"}
{"event": "ttt", "time": 1791031879.943, "msg": "ttt_chunk:216/245 scored_loss:3.7390"}
{"event": "ttt", "time": 1791031881.144, "msg": "ttt_chunk:217/245 scored_loss:3.7422"}
{"event": "ttt", "time": 1791031882.386, "msg": "ttt_chunk:218/245 scored_loss:3.8535"}
{"event": "ttt", "time": 1791031883.565, "msg": "ttt_chunk:219/245 scored_loss:3.8429"}
{"event": "ttt", "time": 1791031884.808, "msg": "ttt_chunk:220/245 scored_loss:3.7055"}
{"event": "ttt", "time": 1791031885.976, "msg": "ttt_chunk:221/245 scored_loss:3.7455"}
{"event": "ttt", "time": 1791031887.232, "msg": "ttt_chunk:222/245 scored_loss:3.4706"}
{"event": "ttt", "time": 1791031888.393, "msg": "ttt_chunk:223/245 scored_loss:3.6052"}
{"event": "ttt", "time": 1791031889.661, "msg": "ttt_chunk:224/245 scored_loss:3.5450"}
{"event": "ttt", "time": 1791031890.827, "msg": "ttt_chunk:225/245 scored_loss:3.7218"}
{"event": "ttt", "time": 1791031892.097, "msg": "ttt_chunk:226/245 scored_loss:3.6657"}
{"event": "ttt", "time": 1791031893.287, "msg": "ttt_chunk:227/245 scored_loss:3.6779"}
{"event": "ttt", "time": 1791031894.512, "msg": "ttt_chunk:228/245 scored_loss:3.7292"}
{"event": "ttt", "time": 1791031895.659, "msg": "ttt_chunk:229/245 scored_loss:3.4858"}
{"event": "ttt", "time": 1791031896.92, "msg": "ttt_chunk:230/245 scored_loss:3.4811"}
{"event": "ttt", "time": 1791031898.145, "msg": "ttt_chunk:231/245 scored_loss:3.6189"}
{"event": "ttt", "time": 1791031899.331, "msg": "ttt_chunk:232/245 scored_loss:3.4751"}
{"event": "ttt", "time": 1791031900.46, "msg": "ttt_chunk:233/245 scored_loss:3.3992"}
{"event": "ttt", "time": 1791031901.716, "msg": "ttt_chunk:234/245 scored_loss:3.5235"}
{"event": "ttt", "time": 1791031902.963, "msg": "ttt_chunk:235/245 scored_loss:3.7388"}
{"event": "ttt", "time": 1791031904.212, "msg": "ttt_chunk:236/245 scored_loss:3.5105"}
{"event": "ttt", "time": 1791031905.454, "msg": "ttt_chunk:237/245 scored_loss:3.3700"}
{"event": "ttt", "time": 1791031906.654, "msg": "ttt_chunk:238/245 scored_loss:3.5940"}
{"event": "ttt", "time": 1791031907.891, "msg": "ttt_chunk:239/245 scored_loss:3.8323"}
{"event": "ttt", "time": 1791031909.055, "msg": "ttt_chunk:240/245 scored_loss:3.7069"}
{"event": "ttt", "time": 1791031910.297, "msg": "ttt_chunk:241/245 scored_loss:3.6809"}
{"event": "ttt", "time": 1791031911.417, "msg": "ttt_chunk:242/245 scored_loss:3.7366"}
{"event": "ttt", "time": 1791031912.738, "msg": "ttt_chunk:243/245 scored_loss:3.6131"}
{"event": "ttt", "time": 1791031914.017, "msg": "ttt_chunk:244/245 scored_loss:3.5454"}
{"event": "ttt", "time": 1791031914.316, "msg": "ttt_chunk:245/245 scored_loss:3.5367"}
{"event": "eval_ttt", "time": 1791031914.32, "val_loss": 3.60967, "val_bpb": 2.16298}
{"event": "artifact", "time": 1791031914.381, "path": "artifacts\\Full_int6_asdclip_s999_submission.tar.gz", "bytes": 605843}
{"event": "done", "time": 1791031914.383, "train_time_s": 321.64}
