{"event": "start", "time": 1791044581.984, "run_id": "gpu_Full_int6_asdclip_s2024", "seed": 2024, "device": "cuda:0", "world_size": 1, "python": "3.11.6", "torch": "2.11.0+cu128"}
{"event": "model", "time": 1791044584.011, "params": 822680, "virtual_layers": 8, "parallel_residual": true, "depth_recurrence": true}
{"event": "train", "time": 1791044587.506, "step": 1, "loss": 6.96061, "lr_scale": 1.0, "elapsed_s": 3.49}
{"event": "train", "time": 1791044588.303, "step": 2, "loss": 6.92683, "lr_scale": 1.0, "elapsed_s": 4.29}
{"event": "train", "time": 1791044588.365, "step": 3, "loss": 6.49428, "lr_scale": 1.0, "elapsed_s": 4.35}
{"event": "train", "time": 1791044588.422, "step": 4, "loss": 6.01105, "lr_scale": 1.0, "elapsed_s": 4.4}
{"event": "train", "time": 1791044588.474, "step": 5, "loss": 5.89762, "lr_scale": 1.0, "elapsed_s": 4.46}
{"event": "train", "time": 1791044593.398, "step": 100, "loss": 4.34993, "lr_scale": 1.0, "elapsed_s": 9.38}
{"event": "train", "time": 1791044598.675, "step": 200, "loss": 4.03109, "lr_scale": 1.0, "elapsed_s": 14.66}
{"event": "train", "time": 1791044603.876, "step": 300, "loss": 3.68639, "lr_scale": 0.8417, "elapsed_s": 19.86}
{"event": "train", "time": 1791044609.084, "step": 400, "loss": 3.84505, "lr_scale": 0.0083, "elapsed_s": 25.07}
{"event": "train", "time": 1791044609.137, "step": 401, "loss": 3.31564, "lr_scale": 0.0, "elapsed_s": 25.12}
{"event": "eval_start", "time": 1791044609.144, "val_tokens": 1999872}
{"event": "eval_prequant", "time": 1791044613.564, "val_loss": 3.60354, "val_bpb": 2.15931}
{"event": "quant", "time": 1791044614.142, "scheme": "int6_asdclip", "weight_blob_bytes": 437512, "raw_bytes": 866603, "payload_bytes": 835534, "quant_tensors": 44}
{"event": "eval_postquant", "time": 1791044618.476, "val_loss": 3.69446, "val_bpb": 2.21379}
{"event": "ttt", "time": 1791044618.685, "msg": "ttt_chunk:1/245 scored_loss:3.7243"}
{"event": "ttt", "time": 1791044618.822, "msg": "ttt_chunk:2/245 scored_loss:3.9017"}
{"event": "ttt", "time": 1791044618.958, "msg": "ttt_chunk:3/245 scored_loss:3.7477"}
{"event": "ttt", "time": 1791044619.096, "msg": "ttt_chunk:4/245 scored_loss:3.8263"}
{"event": "ttt", "time": 1791044619.234, "msg": "ttt_chunk:5/245 scored_loss:3.6998"}
{"event": "ttt", "time": 1791044619.372, "msg": "ttt_chunk:6/245 scored_loss:3.5725"}
{"event": "ttt", "time": 1791044619.509, "msg": "ttt_chunk:7/245 scored_loss:3.5024"}
{"event": "ttt", "time": 1791044619.647, "msg": "ttt_chunk:8/245 scored_loss:3.7657"}
{"event": "ttt", "time": 1791044619.784, "msg": "ttt_chunk:9/245 scored_loss:3.5731"}
{"event": "ttt", "time": 1791044619.922, "msg": "ttt_chunk:10/245 scored_loss:3.5540"}
{"event": "ttt", "time": 1791044620.06, "msg": "ttt_chunk:11/245 scored_loss:3.5982"}
{"event": "ttt", "time": 1791044620.198, "msg": "ttt_chunk:12/245 scored_loss:3.7960"}
{"event": "ttt", "time": 1791044620.336, "msg": "ttt_chunk:13/245 scored_loss:3.7177"}
{"event": "ttt", "time": 1791044620.473, "msg": "ttt_chunk:14/245 scored_loss:3.6280"}
{"event": "ttt", "time": 1791044620.611, "msg": "ttt_chunk:15/245 scored_loss:3.6589"}
{"event": "ttt", "time": 1791044620.749, "msg": "ttt_chunk:16/245 scored_loss:3.7415"}
{"event": "ttt", "time": 1791044620.887, "msg": "ttt_chunk:17/245 scored_loss:3.6477"}
{"event": "ttt", "time": 1791044621.024, "msg": "ttt_chunk:18/245 scored_loss:3.5131"}
{"event": "ttt", "time": 1791044621.162, "msg": "ttt_chunk:19/245 scored_loss:3.5726"}
{"event": "ttt", "time": 1791044621.298, "msg": "ttt_chunk:20/245 scored_loss:3.6436"}
{"event": "ttt", "time": 1791044621.435, "msg": "ttt_chunk:21/245 scored_loss:3.4640"}
{"event": "ttt", "time": 1791044621.571, "msg": "ttt_chunk:22/245 scored_loss:3.4221"}
{"event": "ttt", "time": 1791044621.708, "msg": "ttt_chunk:23/245 scored_loss:3.6768"}
{"event": "ttt", "time": 1791044621.845, "msg": "ttt_chunk:24/245 scored_loss:3.6242"}
{"event": "ttt", "time": 1791044621.981, "msg": "ttt_chunk:25/245 scored_loss:3.5841"}
{"event": "ttt", "time": 1791044622.118, "msg": "ttt_chunk:26/245 scored_loss:3.5629"}
{"event": "ttt", "time": 1791044622.256, "msg": "ttt_chunk:27/245 scored_loss:3.3696"}
{"event": "ttt", "time": 1791044622.395, "msg": "ttt_chunk:28/245 scored_loss:3.7245"}
{"event": "ttt", "time": 1791044622.534, "msg": "ttt_chunk:29/245 scored_loss:3.6123"}
{"event": "ttt", "time": 1791044622.67, "msg": "ttt_chunk:30/245 scored_loss:3.5311"}
{"event": "ttt", "time": 1791044622.807, "msg": "ttt_chunk:31/245 scored_loss:3.5917"}
{"event": "ttt", "time": 1791044622.945, "msg": "ttt_chunk:32/245 scored_loss:3.5714"}
{"event": "ttt", "time": 1791044623.083, "msg": "ttt_chunk:33/245 scored_loss:3.7209"}
{"event": "ttt", "time": 1791044623.222, "msg": "ttt_chunk:34/245 scored_loss:3.4981"}
{"event": "ttt", "time": 1791044623.36, "msg": "ttt_chunk:35/245 scored_loss:3.6919"}
{"event": "ttt", "time": 1791044623.498, "msg": "ttt_chunk:36/245 scored_loss:3.6249"}
{"event": "ttt", "time": 1791044623.637, "msg": "ttt_chunk:37/245 scored_loss:3.6663"}
{"event": "ttt", "time": 1791044623.775, "msg": "ttt_chunk:38/245 scored_loss:3.4289"}
{"event": "ttt", "time": 1791044623.911, "msg": "ttt_chunk:39/245 scored_loss:3.6663"}
{"event": "ttt", "time": 1791044624.049, "msg": "ttt_chunk:40/245 scored_loss:3.7769"}
{"event": "ttt", "time": 1791044624.186, "msg": "ttt_chunk:41/245 scored_loss:3.7271"}
{"event": "ttt", "time": 1791044624.323, "msg": "ttt_chunk:42/245 scored_loss:3.6134"}
{"event": "ttt", "time": 1791044624.46, "msg": "ttt_chunk:43/245 scored_loss:3.5989"}
{"event": "ttt", "time": 1791044624.596, "msg": "ttt_chunk:44/245 scored_loss:3.5462"}
{"event": "ttt", "time": 1791044624.732, "msg": "ttt_chunk:45/245 scored_loss:3.3249"}
{"event": "ttt", "time": 1791044624.87, "msg": "ttt_chunk:46/245 scored_loss:3.3087"}
{"event": "ttt", "time": 1791044625.006, "msg": "ttt_chunk:47/245 scored_loss:3.5030"}
{"event": "ttt", "time": 1791044625.143, "msg": "ttt_chunk:48/245 scored_loss:3.7208"}
{"event": "ttt", "time": 1791044625.28, "msg": "ttt_chunk:49/245 scored_loss:3.7170"}
{"event": "ttt", "time": 1791044625.418, "msg": "ttt_chunk:50/245 scored_loss:3.5963"}
{"event": "ttt", "time": 1791044625.555, "msg": "ttt_chunk:51/245 scored_loss:3.7237"}
{"event": "ttt", "time": 1791044625.693, "msg": "ttt_chunk:52/245 scored_loss:3.4077"}
{"event": "ttt", "time": 1791044625.832, "msg": "ttt_chunk:53/245 scored_loss:3.6174"}
{"event": "ttt", "time": 1791044625.969, "msg": "ttt_chunk:54/245 scored_loss:3.4661"}
{"event": "ttt", "time": 1791044626.106, "msg": "ttt_chunk:55/245 scored_loss:3.5953"}
{"event": "ttt", "time": 1791044626.245, "msg": "ttt_chunk:56/245 scored_loss:3.7183"}
{"event": "ttt", "time": 1791044626.384, "msg": "ttt_chunk:57/245 scored_loss:3.5873"}
{"event": "ttt", "time": 1791044626.522, "msg": "ttt_chunk:58/245 scored_loss:3.4952"}
{"event": "ttt", "time": 1791044626.659, "msg": "ttt_chunk:59/245 scored_loss:3.6315"}
{"event": "ttt", "time": 1791044626.797, "msg": "ttt_chunk:60/245 scored_loss:3.6637"}
{"event": "ttt", "time": 1791044626.936, "msg": "ttt_chunk:61/245 scored_loss:3.5981"}
{"event": "ttt", "time": 1791044627.074, "msg": "ttt_chunk:62/245 scored_loss:3.6550"}
{"event": "ttt", "time": 1791044627.211, "msg": "ttt_chunk:63/245 scored_loss:3.6450"}
{"event": "ttt", "time": 1791044627.348, "msg": "ttt_chunk:64/245 scored_loss:3.6262"}
{"event": "ttt", "time": 1791044627.487, "msg": "ttt_chunk:65/245 scored_loss:3.6594"}
{"event": "ttt", "time": 1791044627.623, "msg": "ttt_chunk:66/245 scored_loss:3.6331"}
{"event": "ttt", "time": 1791044627.76, "msg": "ttt_chunk:67/245 scored_loss:3.6334"}
{"event": "ttt", "time": 1791044627.898, "msg": "ttt_chunk:68/245 scored_loss:3.8377"}
{"event": "ttt", "time": 1791044628.035, "msg": "ttt_chunk:69/245 scored_loss:3.6326"}
{"event": "ttt", "time": 1791044628.172, "msg": "ttt_chunk:70/245 scored_loss:3.6811"}
{"event": "ttt", "time": 1791044628.31, "msg": "ttt_chunk:71/245 scored_loss:3.7241"}
{"event": "ttt", "time": 1791044628.448, "msg": "ttt_chunk:72/245 scored_loss:3.7605"}
{"event": "ttt", "time": 1791044628.585, "msg": "ttt_chunk:73/245 scored_loss:3.5406"}
{"event": "ttt", "time": 1791044628.722, "msg": "ttt_chunk:74/245 scored_loss:3.4878"}
{"event": "ttt", "time": 1791044628.86, "msg": "ttt_chunk:75/245 scored_loss:3.5395"}
{"event": "ttt", "time": 1791044628.997, "msg": "ttt_chunk:76/245 scored_loss:3.5253"}
{"event": "ttt", "time": 1791044629.135, "msg": "ttt_chunk:77/245 scored_loss:3.4259"}
{"event": "ttt", "time": 1791044629.272, "msg": "ttt_chunk:78/245 scored_loss:3.7767"}
{"event": "ttt", "time": 1791044629.411, "msg": "ttt_chunk:79/245 scored_loss:3.4373"}
{"event": "ttt", "time": 1791044629.549, "msg": "ttt_chunk:80/245 scored_loss:3.5348"}
{"event": "ttt", "time": 1791044629.687, "msg": "ttt_chunk:81/245 scored_loss:3.3605"}
{"event": "ttt", "time": 1791044629.824, "msg": "ttt_chunk:82/245 scored_loss:3.5993"}
{"event": "ttt", "time": 1791044629.962, "msg": "ttt_chunk:83/245 scored_loss:3.6710"}
{"event": "ttt", "time": 1791044630.099, "msg": "ttt_chunk:84/245 scored_loss:3.4579"}
{"event": "ttt", "time": 1791044630.235, "msg": "ttt_chunk:85/245 scored_loss:3.4789"}
{"event": "ttt", "time": 1791044630.372, "msg": "ttt_chunk:86/245 scored_loss:3.5870"}
{"event": "ttt", "time": 1791044630.509, "msg": "ttt_chunk:87/245 scored_loss:4.3429"}
{"event": "ttt", "time": 1791044630.648, "msg": "ttt_chunk:88/245 scored_loss:3.2361"}
{"event": "ttt", "time": 1791044630.785, "msg": "ttt_chunk:89/245 scored_loss:3.3459"}
{"event": "ttt", "time": 1791044630.924, "msg": "ttt_chunk:90/245 scored_loss:3.7078"}
{"event": "ttt", "time": 1791044631.062, "msg": "ttt_chunk:91/245 scored_loss:3.6072"}
{"event": "ttt", "time": 1791044631.2, "msg": "ttt_chunk:92/245 scored_loss:3.8014"}
{"event": "ttt", "time": 1791044631.338, "msg": "ttt_chunk:93/245 scored_loss:3.5743"}
{"event": "ttt", "time": 1791044631.475, "msg": "ttt_chunk:94/245 scored_loss:3.6152"}
{"event": "ttt", "time": 1791044631.611, "msg": "ttt_chunk:95/245 scored_loss:3.5376"}
{"event": "ttt", "time": 1791044631.748, "msg": "ttt_chunk:96/245 scored_loss:3.6455"}
{"event": "ttt", "time": 1791044631.884, "msg": "ttt_chunk:97/245 scored_loss:3.8275"}
{"event": "ttt", "time": 1791044632.022, "msg": "ttt_chunk:98/245 scored_loss:3.6075"}
{"event": "ttt", "time": 1791044632.159, "msg": "ttt_chunk:99/245 scored_loss:3.5308"}
{"event": "ttt", "time": 1791044632.298, "msg": "ttt_chunk:100/245 scored_loss:3.3656"}
{"event": "ttt", "time": 1791044632.436, "msg": "ttt_chunk:101/245 scored_loss:3.4678"}
{"event": "ttt", "time": 1791044632.573, "msg": "ttt_chunk:102/245 scored_loss:3.5224"}
{"event": "ttt", "time": 1791044632.711, "msg": "ttt_chunk:103/245 scored_loss:3.5461"}
{"event": "ttt", "time": 1791044632.847, "msg": "ttt_chunk:104/245 scored_loss:3.4218"}
{"event": "ttt", "time": 1791044632.986, "msg": "ttt_chunk:105/245 scored_loss:3.4594"}
{"event": "ttt", "time": 1791044633.123, "msg": "ttt_chunk:106/245 scored_loss:3.8507"}
{"event": "ttt", "time": 1791044633.26, "msg": "ttt_chunk:107/245 scored_loss:3.7064"}
{"event": "ttt", "time": 1791044633.396, "msg": "ttt_chunk:108/245 scored_loss:3.5562"}
{"event": "ttt", "time": 1791044633.533, "msg": "ttt_chunk:109/245 scored_loss:3.5338"}
{"event": "ttt", "time": 1791044633.671, "msg": "ttt_chunk:110/245 scored_loss:3.7802"}
{"event": "ttt", "time": 1791044633.808, "msg": "ttt_chunk:111/245 scored_loss:3.6454"}
{"event": "ttt", "time": 1791044633.945, "msg": "ttt_chunk:112/245 scored_loss:3.6335"}
{"event": "ttt", "time": 1791044634.083, "msg": "ttt_chunk:113/245 scored_loss:3.5237"}
{"event": "ttt", "time": 1791044634.221, "msg": "ttt_chunk:114/245 scored_loss:3.6238"}
{"event": "ttt", "time": 1791044634.36, "msg": "ttt_chunk:115/245 scored_loss:3.7297"}
{"event": "ttt", "time": 1791044634.499, "msg": "ttt_chunk:116/245 scored_loss:3.6915"}
{"event": "ttt", "time": 1791044634.636, "msg": "ttt_chunk:117/245 scored_loss:4.1068"}
{"event": "ttt", "time": 1791044634.774, "msg": "ttt_chunk:118/245 scored_loss:3.8165"}
{"event": "ttt", "time": 1791044634.911, "msg": "ttt_chunk:119/245 scored_loss:4.0713"}
{"event": "ttt", "time": 1791044635.05, "msg": "ttt_chunk:120/245 scored_loss:3.6576"}
{"event": "ttt", "time": 1791044635.188, "msg": "ttt_chunk:121/245 scored_loss:3.5451"}
{"event": "ttt", "time": 1791044635.325, "msg": "ttt_chunk:122/245 scored_loss:3.3871"}
{"event": "ttt", "time": 1791044635.462, "msg": "ttt_chunk:123/245 scored_loss:3.6232"}
{"event": "ttt", "time": 1791044635.6, "msg": "ttt_chunk:124/245 scored_loss:3.3607"}
{"event": "ttt", "time": 1791044635.737, "msg": "ttt_chunk:125/245 scored_loss:3.5356"}
{"event": "ttt", "time": 1791044635.873, "msg": "ttt_chunk:126/245 scored_loss:3.6362"}
{"event": "ttt", "time": 1791044636.013, "msg": "ttt_chunk:127/245 scored_loss:3.5761"}
{"event": "ttt", "time": 1791044636.15, "msg": "ttt_chunk:128/245 scored_loss:3.6569"}
{"event": "ttt", "time": 1791044636.288, "msg": "ttt_chunk:129/245 scored_loss:3.3941"}
{"event": "ttt", "time": 1791044636.424, "msg": "ttt_chunk:130/245 scored_loss:3.4486"}
{"event": "ttt", "time": 1791044636.561, "msg": "ttt_chunk:131/245 scored_loss:3.6895"}
{"event": "ttt", "time": 1791044636.699, "msg": "ttt_chunk:132/245 scored_loss:3.6417"}
{"event": "ttt", "time": 1791044636.835, "msg": "ttt_chunk:133/245 scored_loss:3.4449"}
{"event": "ttt", "time": 1791044636.971, "msg": "ttt_chunk:134/245 scored_loss:3.6081"}
{"event": "ttt", "time": 1791044637.109, "msg": "ttt_chunk:135/245 scored_loss:3.5468"}
{"event": "ttt", "time": 1791044637.246, "msg": "ttt_chunk:136/245 scored_loss:3.5319"}
{"event": "ttt", "time": 1791044637.384, "msg": "ttt_chunk:137/245 scored_loss:3.4778"}
{"event": "ttt", "time": 1791044637.522, "msg": "ttt_chunk:138/245 scored_loss:3.5869"}
{"event": "ttt", "time": 1791044637.659, "msg": "ttt_chunk:139/245 scored_loss:3.4352"}
{"event": "ttt", "time": 1791044637.796, "msg": "ttt_chunk:140/245 scored_loss:3.5190"}
{"event": "ttt", "time": 1791044637.934, "msg": "ttt_chunk:141/245 scored_loss:3.5417"}
{"event": "ttt", "time": 1791044638.073, "msg": "ttt_chunk:142/245 scored_loss:3.6201"}
{"event": "ttt", "time": 1791044638.21, "msg": "ttt_chunk:143/245 scored_loss:3.6697"}
{"event": "ttt", "time": 1791044638.347, "msg": "ttt_chunk:144/245 scored_loss:3.6848"}
{"event": "ttt", "time": 1791044638.484, "msg": "ttt_chunk:145/245 scored_loss:3.6285"}
{"event": "ttt", "time": 1791044638.624, "msg": "ttt_chunk:146/245 scored_loss:3.5982"}
{"event": "ttt", "time": 1791044638.76, "msg": "ttt_chunk:147/245 scored_loss:3.7825"}
{"event": "ttt", "time": 1791044638.898, "msg": "ttt_chunk:148/245 scored_loss:3.8602"}
{"event": "ttt", "time": 1791044639.036, "msg": "ttt_chunk:149/245 scored_loss:3.8158"}
{"event": "ttt", "time": 1791044639.172, "msg": "ttt_chunk:150/245 scored_loss:3.7522"}
{"event": "ttt", "time": 1791044639.309, "msg": "ttt_chunk:151/245 scored_loss:3.4337"}
{"event": "ttt", "time": 1791044639.445, "msg": "ttt_chunk:152/245 scored_loss:3.5433"}
{"event": "ttt", "time": 1791044639.581, "msg": "ttt_chunk:153/245 scored_loss:3.4315"}
{"event": "ttt", "time": 1791044639.719, "msg": "ttt_chunk:154/245 scored_loss:3.7007"}
{"event": "ttt", "time": 1791044639.855, "msg": "ttt_chunk:155/245 scored_loss:3.6204"}
{"event": "ttt", "time": 1791044639.991, "msg": "ttt_chunk:156/245 scored_loss:3.5521"}
{"event": "ttt", "time": 1791044640.13, "msg": "ttt_chunk:157/245 scored_loss:3.7713"}
{"event": "ttt", "time": 1791044640.267, "msg": "ttt_chunk:158/245 scored_loss:3.7108"}
{"event": "ttt", "time": 1791044640.406, "msg": "ttt_chunk:159/245 scored_loss:3.5272"}
{"event": "ttt", "time": 1791044640.543, "msg": "ttt_chunk:160/245 scored_loss:3.6297"}
{"event": "ttt", "time": 1791044640.682, "msg": "ttt_chunk:161/245 scored_loss:3.5310"}
{"event": "ttt", "time": 1791044640.82, "msg": "ttt_chunk:162/245 scored_loss:3.6526"}
{"event": "ttt", "time": 1791044640.957, "msg": "ttt_chunk:163/245 scored_loss:3.6529"}
{"event": "ttt", "time": 1791044641.095, "msg": "ttt_chunk:164/245 scored_loss:3.4453"}
{"event": "ttt", "time": 1791044641.234, "msg": "ttt_chunk:165/245 scored_loss:3.4597"}
{"event": "ttt", "time": 1791044641.372, "msg": "ttt_chunk:166/245 scored_loss:3.7548"}
{"event": "ttt", "time": 1791044641.509, "msg": "ttt_chunk:167/245 scored_loss:3.6539"}
{"event": "ttt", "time": 1791044641.648, "msg": "ttt_chunk:168/245 scored_loss:3.6263"}
{"event": "ttt", "time": 1791044641.787, "msg": "ttt_chunk:169/245 scored_loss:3.6696"}
{"event": "ttt", "time": 1791044641.924, "msg": "ttt_chunk:170/245 scored_loss:3.6861"}
{"event": "ttt", "time": 1791044642.061, "msg": "ttt_chunk:171/245 scored_loss:3.6434"}
{"event": "ttt", "time": 1791044642.198, "msg": "ttt_chunk:172/245 scored_loss:3.4604"}
{"event": "ttt", "time": 1791044642.336, "msg": "ttt_chunk:173/245 scored_loss:3.4745"}
{"event": "ttt", "time": 1791044642.472, "msg": "ttt_chunk:174/245 scored_loss:3.7296"}
{"event": "ttt", "time": 1791044642.609, "msg": "ttt_chunk:175/245 scored_loss:3.7894"}
{"event": "ttt", "time": 1791044642.747, "msg": "ttt_chunk:176/245 scored_loss:3.4970"}
{"event": "ttt", "time": 1791044642.884, "msg": "ttt_chunk:177/245 scored_loss:3.5979"}
{"event": "ttt", "time": 1791044643.019, "msg": "ttt_chunk:178/245 scored_loss:3.6070"}
{"event": "ttt", "time": 1791044643.156, "msg": "ttt_chunk:179/245 scored_loss:3.3419"}
{"event": "ttt", "time": 1791044643.295, "msg": "ttt_chunk:180/245 scored_loss:3.5408"}
{"event": "ttt", "time": 1791044643.432, "msg": "ttt_chunk:181/245 scored_loss:3.5397"}
{"event": "ttt", "time": 1791044643.57, "msg": "ttt_chunk:182/245 scored_loss:3.5129"}
{"event": "ttt", "time": 1791044643.709, "msg": "ttt_chunk:183/245 scored_loss:3.5463"}
{"event": "ttt", "time": 1791044643.849, "msg": "ttt_chunk:184/245 scored_loss:3.6286"}
{"event": "ttt", "time": 1791044643.986, "msg": "ttt_chunk:185/245 scored_loss:3.6396"}
{"event": "ttt", "time": 1791044644.123, "msg": "ttt_chunk:186/245 scored_loss:3.8231"}
{"event": "ttt", "time": 1791044644.262, "msg": "ttt_chunk:187/245 scored_loss:3.8180"}
{"event": "ttt", "time": 1791044644.4, "msg": "ttt_chunk:188/245 scored_loss:3.6002"}
{"event": "ttt", "time": 1791044644.537, "msg": "ttt_chunk:189/245 scored_loss:3.5874"}
{"event": "ttt", "time": 1791044644.674, "msg": "ttt_chunk:190/245 scored_loss:3.5559"}
{"event": "ttt", "time": 1791044644.812, "msg": "ttt_chunk:191/245 scored_loss:3.6361"}
{"event": "ttt", "time": 1791044644.95, "msg": "ttt_chunk:192/245 scored_loss:3.7202"}
{"event": "ttt", "time": 1791044645.087, "msg": "ttt_chunk:193/245 scored_loss:3.5291"}
{"event": "ttt", "time": 1791044645.224, "msg": "ttt_chunk:194/245 scored_loss:3.5123"}
{"event": "ttt", "time": 1791044645.361, "msg": "ttt_chunk:195/245 scored_loss:3.4370"}
{"event": "ttt", "time": 1791044645.497, "msg": "ttt_chunk:196/245 scored_loss:3.6750"}
{"event": "ttt", "time": 1791044645.634, "msg": "ttt_chunk:197/245 scored_loss:3.6045"}
{"event": "ttt", "time": 1791044645.771, "msg": "ttt_chunk:198/245 scored_loss:3.5808"}
{"event": "ttt", "time": 1791044645.909, "msg": "ttt_chunk:199/245 scored_loss:3.6482"}
{"event": "ttt", "time": 1791044646.047, "msg": "ttt_chunk:200/245 scored_loss:3.8050"}
{"event": "ttt", "time": 1791044646.184, "msg": "ttt_chunk:201/245 scored_loss:3.7052"}
{"event": "ttt", "time": 1791044646.323, "msg": "ttt_chunk:202/245 scored_loss:3.4067"}
{"event": "ttt", "time": 1791044646.46, "msg": "ttt_chunk:203/245 scored_loss:3.8199"}
{"event": "ttt", "time": 1791044646.599, "msg": "ttt_chunk:204/245 scored_loss:3.6178"}
{"event": "ttt", "time": 1791044646.738, "msg": "ttt_chunk:205/245 scored_loss:3.6765"}
{"event": "ttt", "time": 1791044646.876, "msg": "ttt_chunk:206/245 scored_loss:3.5068"}
{"event": "ttt", "time": 1791044647.014, "msg": "ttt_chunk:207/245 scored_loss:3.2921"}
{"event": "ttt", "time": 1791044647.15, "msg": "ttt_chunk:208/245 scored_loss:3.4249"}
{"event": "ttt", "time": 1791044647.289, "msg": "ttt_chunk:209/245 scored_loss:3.5822"}
{"event": "ttt", "time": 1791044647.426, "msg": "ttt_chunk:210/245 scored_loss:3.6024"}
{"event": "ttt", "time": 1791044647.563, "msg": "ttt_chunk:211/245 scored_loss:3.8051"}
{"event": "ttt", "time": 1791044647.701, "msg": "ttt_chunk:212/245 scored_loss:3.6466"}
{"event": "ttt", "time": 1791044647.84, "msg": "ttt_chunk:213/245 scored_loss:3.6294"}
{"event": "ttt", "time": 1791044647.977, "msg": "ttt_chunk:214/245 scored_loss:3.3995"}
{"event": "ttt", "time": 1791044648.113, "msg": "ttt_chunk:215/245 scored_loss:3.7674"}
{"event": "ttt", "time": 1791044648.249, "msg": "ttt_chunk:216/245 scored_loss:3.7647"}
{"event": "ttt", "time": 1791044648.387, "msg": "ttt_chunk:217/245 scored_loss:3.7651"}
{"event": "ttt", "time": 1791044648.524, "msg": "ttt_chunk:218/245 scored_loss:3.8496"}
{"event": "ttt", "time": 1791044648.659, "msg": "ttt_chunk:219/245 scored_loss:3.8318"}
{"event": "ttt", "time": 1791044648.796, "msg": "ttt_chunk:220/245 scored_loss:3.7035"}
{"event": "ttt", "time": 1791044648.933, "msg": "ttt_chunk:221/245 scored_loss:3.7340"}
{"event": "ttt", "time": 1791044649.069, "msg": "ttt_chunk:222/245 scored_loss:3.4710"}
{"event": "ttt", "time": 1791044649.207, "msg": "ttt_chunk:223/245 scored_loss:3.6127"}
{"event": "ttt", "time": 1791044649.345, "msg": "ttt_chunk:224/245 scored_loss:3.5943"}
{"event": "ttt", "time": 1791044649.483, "msg": "ttt_chunk:225/245 scored_loss:3.7089"}
{"event": "ttt", "time": 1791044649.62, "msg": "ttt_chunk:226/245 scored_loss:3.6615"}
{"event": "ttt", "time": 1791044649.757, "msg": "ttt_chunk:227/245 scored_loss:3.6810"}
{"event": "ttt", "time": 1791044649.897, "msg": "ttt_chunk:228/245 scored_loss:3.7444"}
{"event": "ttt", "time": 1791044650.034, "msg": "ttt_chunk:229/245 scored_loss:3.4840"}
{"event": "ttt", "time": 1791044650.171, "msg": "ttt_chunk:230/245 scored_loss:3.5003"}
{"event": "ttt", "time": 1791044650.31, "msg": "ttt_chunk:231/245 scored_loss:3.6393"}
{"event": "ttt", "time": 1791044650.448, "msg": "ttt_chunk:232/245 scored_loss:3.4586"}
{"event": "ttt", "time": 1791044650.586, "msg": "ttt_chunk:233/245 scored_loss:3.3986"}
{"event": "ttt", "time": 1791044650.723, "msg": "ttt_chunk:234/245 scored_loss:3.4999"}
{"event": "ttt", "time": 1791044650.861, "msg": "ttt_chunk:235/245 scored_loss:3.7809"}
{"event": "ttt", "time": 1791044650.999, "msg": "ttt_chunk:236/245 scored_loss:3.5078"}
{"event": "ttt", "time": 1791044651.136, "msg": "ttt_chunk:237/245 scored_loss:3.3822"}
{"event": "ttt", "time": 1791044651.273, "msg": "ttt_chunk:238/245 scored_loss:3.5879"}
{"event": "ttt", "time": 1791044651.411, "msg": "ttt_chunk:239/245 scored_loss:3.8477"}
{"event": "ttt", "time": 1791044651.547, "msg": "ttt_chunk:240/245 scored_loss:3.7288"}
{"event": "ttt", "time": 1791044651.684, "msg": "ttt_chunk:241/245 scored_loss:3.6879"}
{"event": "ttt", "time": 1791044651.821, "msg": "ttt_chunk:242/245 scored_loss:3.7408"}
{"event": "ttt", "time": 1791044651.958, "msg": "ttt_chunk:243/245 scored_loss:3.6108"}
{"event": "ttt", "time": 1791044652.097, "msg": "ttt_chunk:244/245 scored_loss:3.5451"}
{"event": "ttt", "time": 1791044652.18, "msg": "ttt_chunk:245/245 scored_loss:3.5214"}
{"event": "eval_ttt", "time": 1791044652.182, "val_loss": 3.61264, "val_bpb": 2.16476}
{"event": "artifact", "time": 1791044652.213, "path": "artifacts\\gpu_Full_int6_asdclip_s2024_submission.tar.gz", "bytes": 603294}
{"event": "done", "time": 1791044652.214, "train_time_s": 25.12}
