{"event": "start", "time": 1791044946.708, "run_id": "gpu_Full_int6_asdclip_s999", "seed": 999, "device": "cuda:0", "world_size": 1, "python": "3.11.6", "torch": "2.11.0+cu128"}
{"event": "model", "time": 1791044948.749, "params": 822680, "virtual_layers": 8, "parallel_residual": true, "depth_recurrence": true}
{"event": "train", "time": 1791044952.175, "step": 1, "loss": 6.95862, "lr_scale": 1.0, "elapsed_s": 3.42}
{"event": "train", "time": 1791044952.961, "step": 2, "loss": 6.94561, "lr_scale": 1.0, "elapsed_s": 4.21}
{"event": "train", "time": 1791044953.014, "step": 3, "loss": 6.52368, "lr_scale": 1.0, "elapsed_s": 4.26}
{"event": "train", "time": 1791044953.065, "step": 4, "loss": 6.04828, "lr_scale": 1.0, "elapsed_s": 4.31}
{"event": "train", "time": 1791044953.118, "step": 5, "loss": 5.89988, "lr_scale": 1.0, "elapsed_s": 4.36}
{"event": "train", "time": 1791044958.014, "step": 100, "loss": 4.33117, "lr_scale": 1.0, "elapsed_s": 9.26}
{"event": "train", "time": 1791044963.174, "step": 200, "loss": 4.01883, "lr_scale": 1.0, "elapsed_s": 14.42}
{"event": "train", "time": 1791044968.368, "step": 300, "loss": 3.70032, "lr_scale": 0.8417, "elapsed_s": 19.61}
{"event": "train", "time": 1791044973.518, "step": 400, "loss": 3.84204, "lr_scale": 0.0083, "elapsed_s": 24.76}
{"event": "train", "time": 1791044973.57, "step": 401, "loss": 3.28713, "lr_scale": 0.0, "elapsed_s": 24.82}
{"event": "eval_start", "time": 1791044973.576, "val_tokens": 1999872}
{"event": "eval_prequant", "time": 1791044978.01, "val_loss": 3.60117, "val_bpb": 2.15789}
{"event": "quant", "time": 1791044978.505, "scheme": "int6_asdclip", "weight_blob_bytes": 437770, "raw_bytes": 866603, "payload_bytes": 835534, "quant_tensors": 44}
{"event": "eval_postquant", "time": 1791044982.836, "val_loss": 3.69228, "val_bpb": 2.21248}
{"event": "ttt", "time": 1791044983.029, "msg": "ttt_chunk:1/245 scored_loss:3.7259"}
{"event": "ttt", "time": 1791044983.169, "msg": "ttt_chunk:2/245 scored_loss:3.9178"}
{"event": "ttt", "time": 1791044983.306, "msg": "ttt_chunk:3/245 scored_loss:3.7760"}
{"event": "ttt", "time": 1791044983.445, "msg": "ttt_chunk:4/245 scored_loss:3.8473"}
{"event": "ttt", "time": 1791044983.582, "msg": "ttt_chunk:5/245 scored_loss:3.7022"}
{"event": "ttt", "time": 1791044983.72, "msg": "ttt_chunk:6/245 scored_loss:3.5578"}
{"event": "ttt", "time": 1791044983.858, "msg": "ttt_chunk:7/245 scored_loss:3.5154"}
{"event": "ttt", "time": 1791044983.997, "msg": "ttt_chunk:8/245 scored_loss:3.7496"}
{"event": "ttt", "time": 1791044984.133, "msg": "ttt_chunk:9/245 scored_loss:3.5585"}
{"event": "ttt", "time": 1791044984.269, "msg": "ttt_chunk:10/245 scored_loss:3.5630"}
{"event": "ttt", "time": 1791044984.406, "msg": "ttt_chunk:11/245 scored_loss:3.6126"}
{"event": "ttt", "time": 1791044984.544, "msg": "ttt_chunk:12/245 scored_loss:3.8049"}
{"event": "ttt", "time": 1791044984.683, "msg": "ttt_chunk:13/245 scored_loss:3.7176"}
{"event": "ttt", "time": 1791044984.82, "msg": "ttt_chunk:14/245 scored_loss:3.6237"}
{"event": "ttt", "time": 1791044984.958, "msg": "ttt_chunk:15/245 scored_loss:3.6577"}
{"event": "ttt", "time": 1791044985.096, "msg": "ttt_chunk:16/245 scored_loss:3.7313"}
{"event": "ttt", "time": 1791044985.234, "msg": "ttt_chunk:17/245 scored_loss:3.6174"}
{"event": "ttt", "time": 1791044985.373, "msg": "ttt_chunk:18/245 scored_loss:3.5169"}
{"event": "ttt", "time": 1791044985.51, "msg": "ttt_chunk:19/245 scored_loss:3.5762"}
{"event": "ttt", "time": 1791044985.648, "msg": "ttt_chunk:20/245 scored_loss:3.6701"}
{"event": "ttt", "time": 1791044985.785, "msg": "ttt_chunk:21/245 scored_loss:3.4906"}
{"event": "ttt", "time": 1791044985.923, "msg": "ttt_chunk:22/245 scored_loss:3.4317"}
{"event": "ttt", "time": 1791044986.06, "msg": "ttt_chunk:23/245 scored_loss:3.6861"}
{"event": "ttt", "time": 1791044986.197, "msg": "ttt_chunk:24/245 scored_loss:3.6398"}
{"event": "ttt", "time": 1791044986.334, "msg": "ttt_chunk:25/245 scored_loss:3.5924"}
{"event": "ttt", "time": 1791044986.474, "msg": "ttt_chunk:26/245 scored_loss:3.5782"}
{"event": "ttt", "time": 1791044986.612, "msg": "ttt_chunk:27/245 scored_loss:3.3791"}
{"event": "ttt", "time": 1791044986.749, "msg": "ttt_chunk:28/245 scored_loss:3.7007"}
{"event": "ttt", "time": 1791044986.887, "msg": "ttt_chunk:29/245 scored_loss:3.6237"}
{"event": "ttt", "time": 1791044987.025, "msg": "ttt_chunk:30/245 scored_loss:3.5210"}
{"event": "ttt", "time": 1791044987.162, "msg": "ttt_chunk:31/245 scored_loss:3.5820"}
{"event": "ttt", "time": 1791044987.299, "msg": "ttt_chunk:32/245 scored_loss:3.5775"}
{"event": "ttt", "time": 1791044987.435, "msg": "ttt_chunk:33/245 scored_loss:3.7091"}
{"event": "ttt", "time": 1791044987.574, "msg": "ttt_chunk:34/245 scored_loss:3.4966"}
{"event": "ttt", "time": 1791044987.711, "msg": "ttt_chunk:35/245 scored_loss:3.6996"}
{"event": "ttt", "time": 1791044987.85, "msg": "ttt_chunk:36/245 scored_loss:3.6346"}
{"event": "ttt", "time": 1791044987.988, "msg": "ttt_chunk:37/245 scored_loss:3.6570"}
{"event": "ttt", "time": 1791044988.125, "msg": "ttt_chunk:38/245 scored_loss:3.4380"}
{"event": "ttt", "time": 1791044988.263, "msg": "ttt_chunk:39/245 scored_loss:3.6572"}
{"event": "ttt", "time": 1791044988.4, "msg": "ttt_chunk:40/245 scored_loss:3.7466"}
{"event": "ttt", "time": 1791044988.539, "msg": "ttt_chunk:41/245 scored_loss:3.7075"}
{"event": "ttt", "time": 1791044988.676, "msg": "ttt_chunk:42/245 scored_loss:3.5977"}
{"event": "ttt", "time": 1791044988.814, "msg": "ttt_chunk:43/245 scored_loss:3.6094"}
{"event": "ttt", "time": 1791044988.953, "msg": "ttt_chunk:44/245 scored_loss:3.5381"}
{"event": "ttt", "time": 1791044989.092, "msg": "ttt_chunk:45/245 scored_loss:3.3037"}
{"event": "ttt", "time": 1791044989.228, "msg": "ttt_chunk:46/245 scored_loss:3.2736"}
{"event": "ttt", "time": 1791044989.366, "msg": "ttt_chunk:47/245 scored_loss:3.5021"}
{"event": "ttt", "time": 1791044989.504, "msg": "ttt_chunk:48/245 scored_loss:3.7074"}
{"event": "ttt", "time": 1791044989.642, "msg": "ttt_chunk:49/245 scored_loss:3.7290"}
{"event": "ttt", "time": 1791044989.779, "msg": "ttt_chunk:50/245 scored_loss:3.5935"}
{"event": "ttt", "time": 1791044989.916, "msg": "ttt_chunk:51/245 scored_loss:3.7169"}
{"event": "ttt", "time": 1791044990.055, "msg": "ttt_chunk:52/245 scored_loss:3.3833"}
{"event": "ttt", "time": 1791044990.191, "msg": "ttt_chunk:53/245 scored_loss:3.6192"}
{"event": "ttt", "time": 1791044990.327, "msg": "ttt_chunk:54/245 scored_loss:3.4728"}
{"event": "ttt", "time": 1791044990.464, "msg": "ttt_chunk:55/245 scored_loss:3.5853"}
{"event": "ttt", "time": 1791044990.601, "msg": "ttt_chunk:56/245 scored_loss:3.7226"}
{"event": "ttt", "time": 1791044990.738, "msg": "ttt_chunk:57/245 scored_loss:3.5890"}
{"event": "ttt", "time": 1791044990.874, "msg": "ttt_chunk:58/245 scored_loss:3.5150"}
{"event": "ttt", "time": 1791044991.011, "msg": "ttt_chunk:59/245 scored_loss:3.6153"}
{"event": "ttt", "time": 1791044991.148, "msg": "ttt_chunk:60/245 scored_loss:3.6625"}
{"event": "ttt", "time": 1791044991.285, "msg": "ttt_chunk:61/245 scored_loss:3.6004"}
{"event": "ttt", "time": 1791044991.422, "msg": "ttt_chunk:62/245 scored_loss:3.6308"}
{"event": "ttt", "time": 1791044991.561, "msg": "ttt_chunk:63/245 scored_loss:3.6537"}
{"event": "ttt", "time": 1791044991.698, "msg": "ttt_chunk:64/245 scored_loss:3.6026"}
{"event": "ttt", "time": 1791044991.835, "msg": "ttt_chunk:65/245 scored_loss:3.6611"}
{"event": "ttt", "time": 1791044991.972, "msg": "ttt_chunk:66/245 scored_loss:3.6317"}
{"event": "ttt", "time": 1791044992.11, "msg": "ttt_chunk:67/245 scored_loss:3.6399"}
{"event": "ttt", "time": 1791044992.247, "msg": "ttt_chunk:68/245 scored_loss:3.8323"}
{"event": "ttt", "time": 1791044992.384, "msg": "ttt_chunk:69/245 scored_loss:3.6303"}
{"event": "ttt", "time": 1791044992.521, "msg": "ttt_chunk:70/245 scored_loss:3.6780"}
{"event": "ttt", "time": 1791044992.659, "msg": "ttt_chunk:71/245 scored_loss:3.7272"}
{"event": "ttt", "time": 1791044992.796, "msg": "ttt_chunk:72/245 scored_loss:3.7346"}
{"event": "ttt", "time": 1791044992.933, "msg": "ttt_chunk:73/245 scored_loss:3.5527"}
{"event": "ttt", "time": 1791044993.069, "msg": "ttt_chunk:74/245 scored_loss:3.4853"}
{"event": "ttt", "time": 1791044993.206, "msg": "ttt_chunk:75/245 scored_loss:3.5253"}
{"event": "ttt", "time": 1791044993.341, "msg": "ttt_chunk:76/245 scored_loss:3.5222"}
{"event": "ttt", "time": 1791044993.479, "msg": "ttt_chunk:77/245 scored_loss:3.4124"}
{"event": "ttt", "time": 1791044993.616, "msg": "ttt_chunk:78/245 scored_loss:3.7732"}
{"event": "ttt", "time": 1791044993.753, "msg": "ttt_chunk:79/245 scored_loss:3.4541"}
{"event": "ttt", "time": 1791044993.889, "msg": "ttt_chunk:80/245 scored_loss:3.5341"}
{"event": "ttt", "time": 1791044994.026, "msg": "ttt_chunk:81/245 scored_loss:3.3580"}
{"event": "ttt", "time": 1791044994.164, "msg": "ttt_chunk:82/245 scored_loss:3.6180"}
{"event": "ttt", "time": 1791044994.301, "msg": "ttt_chunk:83/245 scored_loss:3.6642"}
{"event": "ttt", "time": 1791044994.439, "msg": "ttt_chunk:84/245 scored_loss:3.4637"}
{"event": "ttt", "time": 1791044994.577, "msg": "ttt_chunk:85/245 scored_loss:3.4778"}
{"event": "ttt", "time": 1791044994.715, "msg": "ttt_chunk:86/245 scored_loss:3.5926"}
{"event": "ttt", "time": 1791044994.852, "msg": "ttt_chunk:87/245 scored_loss:4.3717"}
{"event": "ttt", "time": 1791044994.99, "msg": "ttt_chunk:88/245 scored_loss:3.2511"}
{"event": "ttt", "time": 1791044995.126, "msg": "ttt_chunk:89/245 scored_loss:3.3465"}
{"event": "ttt", "time": 1791044995.265, "msg": "ttt_chunk:90/245 scored_loss:3.7303"}
{"event": "ttt", "time": 1791044995.401, "msg": "ttt_chunk:91/245 scored_loss:3.6243"}
{"event": "ttt", "time": 1791044995.539, "msg": "ttt_chunk:92/245 scored_loss:3.8022"}
{"event": "ttt", "time": 1791044995.677, "msg": "ttt_chunk:93/245 scored_loss:3.5540"}
{"event": "ttt", "time": 1791044995.815, "msg": "ttt_chunk:94/245 scored_loss:3.6185"}
{"event": "ttt", "time": 1791044995.951, "msg": "ttt_chunk:95/245 scored_loss:3.5487"}
{"event": "ttt", "time": 1791044996.087, "msg": "ttt_chunk:96/245 scored_loss:3.6410"}
{"event": "ttt", "time": 1791044996.224, "msg": "ttt_chunk:97/245 scored_loss:3.7916"}
{"event": "ttt", "time": 1791044996.361, "msg": "ttt_chunk:98/245 scored_loss:3.6263"}
{"event": "ttt", "time": 1791044996.497, "msg": "ttt_chunk:99/245 scored_loss:3.5269"}
{"event": "ttt", "time": 1791044996.633, "msg": "ttt_chunk:100/245 scored_loss:3.3658"}
{"event": "ttt", "time": 1791044996.771, "msg": "ttt_chunk:101/245 scored_loss:3.4472"}
{"event": "ttt", "time": 1791044996.913, "msg": "ttt_chunk:102/245 scored_loss:3.5244"}
{"event": "ttt", "time": 1791044997.05, "msg": "ttt_chunk:103/245 scored_loss:3.5620"}
{"event": "ttt", "time": 1791044997.189, "msg": "ttt_chunk:104/245 scored_loss:3.4057"}
{"event": "ttt", "time": 1791044997.326, "msg": "ttt_chunk:105/245 scored_loss:3.4450"}
{"event": "ttt", "time": 1791044997.463, "msg": "ttt_chunk:106/245 scored_loss:3.8463"}
{"event": "ttt", "time": 1791044997.6, "msg": "ttt_chunk:107/245 scored_loss:3.6944"}
{"event": "ttt", "time": 1791044997.739, "msg": "ttt_chunk:108/245 scored_loss:3.5440"}
{"event": "ttt", "time": 1791044997.875, "msg": "ttt_chunk:109/245 scored_loss:3.5320"}
{"event": "ttt", "time": 1791044998.012, "msg": "ttt_chunk:110/245 scored_loss:3.7787"}
{"event": "ttt", "time": 1791044998.149, "msg": "ttt_chunk:111/245 scored_loss:3.6545"}
{"event": "ttt", "time": 1791044998.287, "msg": "ttt_chunk:112/245 scored_loss:3.6339"}
{"event": "ttt", "time": 1791044998.424, "msg": "ttt_chunk:113/245 scored_loss:3.5291"}
{"event": "ttt", "time": 1791044998.562, "msg": "ttt_chunk:114/245 scored_loss:3.6197"}
{"event": "ttt", "time": 1791044998.7, "msg": "ttt_chunk:115/245 scored_loss:3.7123"}
{"event": "ttt", "time": 1791044998.838, "msg": "ttt_chunk:116/245 scored_loss:3.6849"}
{"event": "ttt", "time": 1791044998.975, "msg": "ttt_chunk:117/245 scored_loss:4.1077"}
{"event": "ttt", "time": 1791044999.112, "msg": "ttt_chunk:118/245 scored_loss:3.8138"}
{"event": "ttt", "time": 1791044999.25, "msg": "ttt_chunk:119/245 scored_loss:4.0715"}
{"event": "ttt", "time": 1791044999.386, "msg": "ttt_chunk:120/245 scored_loss:3.6519"}
{"event": "ttt", "time": 1791044999.523, "msg": "ttt_chunk:121/245 scored_loss:3.5517"}
{"event": "ttt", "time": 1791044999.66, "msg": "ttt_chunk:122/245 scored_loss:3.3916"}
{"event": "ttt", "time": 1791044999.796, "msg": "ttt_chunk:123/245 scored_loss:3.6298"}
{"event": "ttt", "time": 1791044999.932, "msg": "ttt_chunk:124/245 scored_loss:3.3718"}
{"event": "ttt", "time": 1791045000.069, "msg": "ttt_chunk:125/245 scored_loss:3.5341"}
{"event": "ttt", "time": 1791045000.206, "msg": "ttt_chunk:126/245 scored_loss:3.6312"}
{"event": "ttt", "time": 1791045000.344, "msg": "ttt_chunk:127/245 scored_loss:3.5631"}
{"event": "ttt", "time": 1791045000.483, "msg": "ttt_chunk:128/245 scored_loss:3.6515"}
{"event": "ttt", "time": 1791045000.62, "msg": "ttt_chunk:129/245 scored_loss:3.3766"}
{"event": "ttt", "time": 1791045000.759, "msg": "ttt_chunk:130/245 scored_loss:3.4535"}
{"event": "ttt", "time": 1791045000.895, "msg": "ttt_chunk:131/245 scored_loss:3.6882"}
{"event": "ttt", "time": 1791045001.033, "msg": "ttt_chunk:132/245 scored_loss:3.6518"}
{"event": "ttt", "time": 1791045001.17, "msg": "ttt_chunk:133/245 scored_loss:3.4476"}
{"event": "ttt", "time": 1791045001.308, "msg": "ttt_chunk:134/245 scored_loss:3.6030"}
{"event": "ttt", "time": 1791045001.445, "msg": "ttt_chunk:135/245 scored_loss:3.5512"}
{"event": "ttt", "time": 1791045001.583, "msg": "ttt_chunk:136/245 scored_loss:3.5219"}
{"event": "ttt", "time": 1791045001.721, "msg": "ttt_chunk:137/245 scored_loss:3.4800"}
{"event": "ttt", "time": 1791045001.858, "msg": "ttt_chunk:138/245 scored_loss:3.5710"}
{"event": "ttt", "time": 1791045001.994, "msg": "ttt_chunk:139/245 scored_loss:3.4305"}
{"event": "ttt", "time": 1791045002.132, "msg": "ttt_chunk:140/245 scored_loss:3.5323"}
{"event": "ttt", "time": 1791045002.268, "msg": "ttt_chunk:141/245 scored_loss:3.5427"}
{"event": "ttt", "time": 1791045002.406, "msg": "ttt_chunk:142/245 scored_loss:3.6308"}
{"event": "ttt", "time": 1791045002.541, "msg": "ttt_chunk:143/245 scored_loss:3.6698"}
{"event": "ttt", "time": 1791045002.68, "msg": "ttt_chunk:144/245 scored_loss:3.6994"}
{"event": "ttt", "time": 1791045002.817, "msg": "ttt_chunk:145/245 scored_loss:3.6075"}
{"event": "ttt", "time": 1791045002.954, "msg": "ttt_chunk:146/245 scored_loss:3.6007"}
{"event": "ttt", "time": 1791045003.092, "msg": "ttt_chunk:147/245 scored_loss:3.7779"}
{"event": "ttt", "time": 1791045003.229, "msg": "ttt_chunk:148/245 scored_loss:3.8541"}
{"event": "ttt", "time": 1791045003.367, "msg": "ttt_chunk:149/245 scored_loss:3.8844"}
{"event": "ttt", "time": 1791045003.504, "msg": "ttt_chunk:150/245 scored_loss:3.7767"}
{"event": "ttt", "time": 1791045003.642, "msg": "ttt_chunk:151/245 scored_loss:3.4237"}
{"event": "ttt", "time": 1791045003.778, "msg": "ttt_chunk:152/245 scored_loss:3.5446"}
{"event": "ttt", "time": 1791045003.915, "msg": "ttt_chunk:153/245 scored_loss:3.4078"}
{"event": "ttt", "time": 1791045004.052, "msg": "ttt_chunk:154/245 scored_loss:3.6964"}
{"event": "ttt", "time": 1791045004.189, "msg": "ttt_chunk:155/245 scored_loss:3.6294"}
{"event": "ttt", "time": 1791045004.327, "msg": "ttt_chunk:156/245 scored_loss:3.5589"}
{"event": "ttt", "time": 1791045004.465, "msg": "ttt_chunk:157/245 scored_loss:3.8079"}
{"event": "ttt", "time": 1791045004.603, "msg": "ttt_chunk:158/245 scored_loss:3.7499"}
{"event": "ttt", "time": 1791045004.74, "msg": "ttt_chunk:159/245 scored_loss:3.5284"}
{"event": "ttt", "time": 1791045004.877, "msg": "ttt_chunk:160/245 scored_loss:3.6279"}
{"event": "ttt", "time": 1791045005.016, "msg": "ttt_chunk:161/245 scored_loss:3.5233"}
{"event": "ttt", "time": 1791045005.152, "msg": "ttt_chunk:162/245 scored_loss:3.6523"}
{"event": "ttt", "time": 1791045005.289, "msg": "ttt_chunk:163/245 scored_loss:3.6619"}
{"event": "ttt", "time": 1791045005.425, "msg": "ttt_chunk:164/245 scored_loss:3.4514"}
{"event": "ttt", "time": 1791045005.562, "msg": "ttt_chunk:165/245 scored_loss:3.4557"}
{"event": "ttt", "time": 1791045005.698, "msg": "ttt_chunk:166/245 scored_loss:3.7669"}
{"event": "ttt", "time": 1791045005.834, "msg": "ttt_chunk:167/245 scored_loss:3.6395"}
{"event": "ttt", "time": 1791045005.972, "msg": "ttt_chunk:168/245 scored_loss:3.6252"}
{"event": "ttt", "time": 1791045006.109, "msg": "ttt_chunk:169/245 scored_loss:3.6604"}
{"event": "ttt", "time": 1791045006.247, "msg": "ttt_chunk:170/245 scored_loss:3.6300"}
{"event": "ttt", "time": 1791045006.387, "msg": "ttt_chunk:171/245 scored_loss:3.6557"}
{"event": "ttt", "time": 1791045006.525, "msg": "ttt_chunk:172/245 scored_loss:3.4788"}
{"event": "ttt", "time": 1791045006.663, "msg": "ttt_chunk:173/245 scored_loss:3.4758"}
{"event": "ttt", "time": 1791045006.802, "msg": "ttt_chunk:174/245 scored_loss:3.7504"}
{"event": "ttt", "time": 1791045006.941, "msg": "ttt_chunk:175/245 scored_loss:3.7512"}
{"event": "ttt", "time": 1791045007.078, "msg": "ttt_chunk:176/245 scored_loss:3.4895"}
{"event": "ttt", "time": 1791045007.216, "msg": "ttt_chunk:177/245 scored_loss:3.5929"}
{"event": "ttt", "time": 1791045007.354, "msg": "ttt_chunk:178/245 scored_loss:3.6110"}
{"event": "ttt", "time": 1791045007.492, "msg": "ttt_chunk:179/245 scored_loss:3.3261"}
{"event": "ttt", "time": 1791045007.629, "msg": "ttt_chunk:180/245 scored_loss:3.5259"}
{"event": "ttt", "time": 1791045007.765, "msg": "ttt_chunk:181/245 scored_loss:3.5586"}
{"event": "ttt", "time": 1791045007.904, "msg": "ttt_chunk:182/245 scored_loss:3.4990"}
{"event": "ttt", "time": 1791045008.042, "msg": "ttt_chunk:183/245 scored_loss:3.5618"}
{"event": "ttt", "time": 1791045008.179, "msg": "ttt_chunk:184/245 scored_loss:3.6268"}
{"event": "ttt", "time": 1791045008.316, "msg": "ttt_chunk:185/245 scored_loss:3.6350"}
{"event": "ttt", "time": 1791045008.451, "msg": "ttt_chunk:186/245 scored_loss:3.8159"}
{"event": "ttt", "time": 1791045008.588, "msg": "ttt_chunk:187/245 scored_loss:3.8202"}
{"event": "ttt", "time": 1791045008.724, "msg": "ttt_chunk:188/245 scored_loss:3.6111"}
{"event": "ttt", "time": 1791045008.859, "msg": "ttt_chunk:189/245 scored_loss:3.5971"}
{"event": "ttt", "time": 1791045008.996, "msg": "ttt_chunk:190/245 scored_loss:3.5676"}
{"event": "ttt", "time": 1791045009.133, "msg": "ttt_chunk:191/245 scored_loss:3.6532"}
{"event": "ttt", "time": 1791045009.27, "msg": "ttt_chunk:192/245 scored_loss:3.7489"}
{"event": "ttt", "time": 1791045009.408, "msg": "ttt_chunk:193/245 scored_loss:3.5329"}
{"event": "ttt", "time": 1791045009.547, "msg": "ttt_chunk:194/245 scored_loss:3.5131"}
{"event": "ttt", "time": 1791045009.683, "msg": "ttt_chunk:195/245 scored_loss:3.4320"}
{"event": "ttt", "time": 1791045009.821, "msg": "ttt_chunk:196/245 scored_loss:3.7054"}
{"event": "ttt", "time": 1791045009.958, "msg": "ttt_chunk:197/245 scored_loss:3.5955"}
{"event": "ttt", "time": 1791045010.096, "msg": "ttt_chunk:198/245 scored_loss:3.5789"}
{"event": "ttt", "time": 1791045010.233, "msg": "ttt_chunk:199/245 scored_loss:3.6474"}
{"event": "ttt", "time": 1791045010.371, "msg": "ttt_chunk:200/245 scored_loss:3.8195"}
{"event": "ttt", "time": 1791045010.509, "msg": "ttt_chunk:201/245 scored_loss:3.7162"}
{"event": "ttt", "time": 1791045010.648, "msg": "ttt_chunk:202/245 scored_loss:3.4023"}
{"event": "ttt", "time": 1791045010.785, "msg": "ttt_chunk:203/245 scored_loss:3.8404"}
{"event": "ttt", "time": 1791045010.922, "msg": "ttt_chunk:204/245 scored_loss:3.6305"}
{"event": "ttt", "time": 1791045011.059, "msg": "ttt_chunk:205/245 scored_loss:3.6667"}
{"event": "ttt", "time": 1791045011.195, "msg": "ttt_chunk:206/245 scored_loss:3.5164"}
{"event": "ttt", "time": 1791045011.331, "msg": "ttt_chunk:207/245 scored_loss:3.3240"}
{"event": "ttt", "time": 1791045011.467, "msg": "ttt_chunk:208/245 scored_loss:3.4388"}
{"event": "ttt", "time": 1791045011.604, "msg": "ttt_chunk:209/245 scored_loss:3.6004"}
{"event": "ttt", "time": 1791045011.741, "msg": "ttt_chunk:210/245 scored_loss:3.6023"}
{"event": "ttt", "time": 1791045011.877, "msg": "ttt_chunk:211/245 scored_loss:3.8020"}
{"event": "ttt", "time": 1791045012.012, "msg": "ttt_chunk:212/245 scored_loss:3.6269"}
{"event": "ttt", "time": 1791045012.149, "msg": "ttt_chunk:213/245 scored_loss:3.6279"}
{"event": "ttt", "time": 1791045012.288, "msg": "ttt_chunk:214/245 scored_loss:3.3900"}
{"event": "ttt", "time": 1791045012.425, "msg": "ttt_chunk:215/245 scored_loss:3.7783"}
{"event": "ttt", "time": 1791045012.562, "msg": "ttt_chunk:216/245 scored_loss:3.7583"}
{"event": "ttt", "time": 1791045012.699, "msg": "ttt_chunk:217/245 scored_loss:3.7517"}
{"event": "ttt", "time": 1791045012.837, "msg": "ttt_chunk:218/245 scored_loss:3.8387"}
{"event": "ttt", "time": 1791045012.974, "msg": "ttt_chunk:219/245 scored_loss:3.8297"}
{"event": "ttt", "time": 1791045013.112, "msg": "ttt_chunk:220/245 scored_loss:3.6973"}
{"event": "ttt", "time": 1791045013.249, "msg": "ttt_chunk:221/245 scored_loss:3.7322"}
{"event": "ttt", "time": 1791045013.388, "msg": "ttt_chunk:222/245 scored_loss:3.4669"}
{"event": "ttt", "time": 1791045013.524, "msg": "ttt_chunk:223/245 scored_loss:3.6282"}
{"event": "ttt", "time": 1791045013.662, "msg": "ttt_chunk:224/245 scored_loss:3.5642"}
{"event": "ttt", "time": 1791045013.8, "msg": "ttt_chunk:225/245 scored_loss:3.7215"}
{"event": "ttt", "time": 1791045013.936, "msg": "ttt_chunk:226/245 scored_loss:3.6588"}
{"event": "ttt", "time": 1791045014.074, "msg": "ttt_chunk:227/245 scored_loss:3.6770"}
{"event": "ttt", "time": 1791045014.211, "msg": "ttt_chunk:228/245 scored_loss:3.7410"}
{"event": "ttt", "time": 1791045014.348, "msg": "ttt_chunk:229/245 scored_loss:3.4763"}
{"event": "ttt", "time": 1791045014.485, "msg": "ttt_chunk:230/245 scored_loss:3.4903"}
{"event": "ttt", "time": 1791045014.622, "msg": "ttt_chunk:231/245 scored_loss:3.6348"}
{"event": "ttt", "time": 1791045014.757, "msg": "ttt_chunk:232/245 scored_loss:3.4726"}
{"event": "ttt", "time": 1791045014.893, "msg": "ttt_chunk:233/245 scored_loss:3.3977"}
{"event": "ttt", "time": 1791045015.03, "msg": "ttt_chunk:234/245 scored_loss:3.5234"}
{"event": "ttt", "time": 1791045015.167, "msg": "ttt_chunk:235/245 scored_loss:3.7410"}
{"event": "ttt", "time": 1791045015.304, "msg": "ttt_chunk:236/245 scored_loss:3.5008"}
{"event": "ttt", "time": 1791045015.441, "msg": "ttt_chunk:237/245 scored_loss:3.3779"}
{"event": "ttt", "time": 1791045015.578, "msg": "ttt_chunk:238/245 scored_loss:3.6036"}
{"event": "ttt", "time": 1791045015.716, "msg": "ttt_chunk:239/245 scored_loss:3.8481"}
{"event": "ttt", "time": 1791045015.853, "msg": "ttt_chunk:240/245 scored_loss:3.7339"}
{"event": "ttt", "time": 1791045015.989, "msg": "ttt_chunk:241/245 scored_loss:3.6718"}
{"event": "ttt", "time": 1791045016.128, "msg": "ttt_chunk:242/245 scored_loss:3.7148"}
{"event": "ttt", "time": 1791045016.264, "msg": "ttt_chunk:243/245 scored_loss:3.6084"}
{"event": "ttt", "time": 1791045016.402, "msg": "ttt_chunk:244/245 scored_loss:3.5384"}
{"event": "ttt", "time": 1791045016.485, "msg": "ttt_chunk:245/245 scored_loss:3.5209"}
{"event": "eval_ttt", "time": 1791045016.486, "val_loss": 3.61265, "val_bpb": 2.16477}
{"event": "artifact", "time": 1791045016.519, "path": "artifacts\\gpu_Full_int6_asdclip_s999_submission.tar.gz", "bytes": 603471}
{"event": "done", "time": 1791045016.52, "train_time_s": 24.82}
