{"event": "start", "time": 1791044800.679, "run_id": "gpu_Full_int6_asdclip_s777", "seed": 777, "device": "cuda:0", "world_size": 1, "python": "3.11.6", "torch": "2.11.0+cu128"}
{"event": "model", "time": 1791044802.693, "params": 822680, "virtual_layers": 8, "parallel_residual": true, "depth_recurrence": true}
{"event": "train", "time": 1791044806.121, "step": 1, "loss": 6.96061, "lr_scale": 1.0, "elapsed_s": 3.42}
{"event": "train", "time": 1791044806.906, "step": 2, "loss": 6.96791, "lr_scale": 1.0, "elapsed_s": 4.21}
{"event": "train", "time": 1791044806.958, "step": 3, "loss": 6.5368, "lr_scale": 1.0, "elapsed_s": 4.26}
{"event": "train", "time": 1791044807.011, "step": 4, "loss": 6.05374, "lr_scale": 1.0, "elapsed_s": 4.31}
{"event": "train", "time": 1791044807.064, "step": 5, "loss": 5.92729, "lr_scale": 1.0, "elapsed_s": 4.36}
{"event": "train", "time": 1791044811.878, "step": 100, "loss": 4.37256, "lr_scale": 1.0, "elapsed_s": 9.18}
{"event": "train", "time": 1791044817.041, "step": 200, "loss": 4.0484, "lr_scale": 1.0, "elapsed_s": 14.34}
{"event": "train", "time": 1791044822.218, "step": 300, "loss": 3.70259, "lr_scale": 0.8417, "elapsed_s": 19.52}
{"event": "train", "time": 1791044827.404, "step": 400, "loss": 3.84176, "lr_scale": 0.0083, "elapsed_s": 24.7}
{"event": "train", "time": 1791044827.456, "step": 401, "loss": 3.30911, "lr_scale": 0.0, "elapsed_s": 24.76}
{"event": "eval_start", "time": 1791044827.461, "val_tokens": 1999872}
{"event": "eval_prequant", "time": 1791044831.894, "val_loss": 3.606, "val_bpb": 2.16079}
{"event": "quant", "time": 1791044832.443, "scheme": "int6_asdclip", "weight_blob_bytes": 437758, "raw_bytes": 866603, "payload_bytes": 835534, "quant_tensors": 44}
{"event": "eval_postquant", "time": 1791044836.781, "val_loss": 3.69674, "val_bpb": 2.21516}
{"event": "ttt", "time": 1791044836.973, "msg": "ttt_chunk:1/245 scored_loss:3.7278"}
{"event": "ttt", "time": 1791044837.112, "msg": "ttt_chunk:2/245 scored_loss:3.9075"}
{"event": "ttt", "time": 1791044837.249, "msg": "ttt_chunk:3/245 scored_loss:3.7564"}
{"event": "ttt", "time": 1791044837.386, "msg": "ttt_chunk:4/245 scored_loss:3.8379"}
{"event": "ttt", "time": 1791044837.522, "msg": "ttt_chunk:5/245 scored_loss:3.6949"}
{"event": "ttt", "time": 1791044837.658, "msg": "ttt_chunk:6/245 scored_loss:3.5946"}
{"event": "ttt", "time": 1791044837.794, "msg": "ttt_chunk:7/245 scored_loss:3.5250"}
{"event": "ttt", "time": 1791044837.93, "msg": "ttt_chunk:8/245 scored_loss:3.7615"}
{"event": "ttt", "time": 1791044838.067, "msg": "ttt_chunk:9/245 scored_loss:3.5577"}
{"event": "ttt", "time": 1791044838.205, "msg": "ttt_chunk:10/245 scored_loss:3.5681"}
{"event": "ttt", "time": 1791044838.342, "msg": "ttt_chunk:11/245 scored_loss:3.6205"}
{"event": "ttt", "time": 1791044838.479, "msg": "ttt_chunk:12/245 scored_loss:3.8127"}
{"event": "ttt", "time": 1791044838.617, "msg": "ttt_chunk:13/245 scored_loss:3.7254"}
{"event": "ttt", "time": 1791044838.753, "msg": "ttt_chunk:14/245 scored_loss:3.6341"}
{"event": "ttt", "time": 1791044838.89, "msg": "ttt_chunk:15/245 scored_loss:3.6602"}
{"event": "ttt", "time": 1791044839.027, "msg": "ttt_chunk:16/245 scored_loss:3.7354"}
{"event": "ttt", "time": 1791044839.165, "msg": "ttt_chunk:17/245 scored_loss:3.6344"}
{"event": "ttt", "time": 1791044839.303, "msg": "ttt_chunk:18/245 scored_loss:3.5114"}
{"event": "ttt", "time": 1791044839.44, "msg": "ttt_chunk:19/245 scored_loss:3.5849"}
{"event": "ttt", "time": 1791044839.577, "msg": "ttt_chunk:20/245 scored_loss:3.6357"}
{"event": "ttt", "time": 1791044839.715, "msg": "ttt_chunk:21/245 scored_loss:3.4604"}
{"event": "ttt", "time": 1791044839.852, "msg": "ttt_chunk:22/245 scored_loss:3.4111"}
{"event": "ttt", "time": 1791044839.989, "msg": "ttt_chunk:23/245 scored_loss:3.6737"}
{"event": "ttt", "time": 1791044840.126, "msg": "ttt_chunk:24/245 scored_loss:3.6509"}
{"event": "ttt", "time": 1791044840.262, "msg": "ttt_chunk:25/245 scored_loss:3.6078"}
{"event": "ttt", "time": 1791044840.398, "msg": "ttt_chunk:26/245 scored_loss:3.5758"}
{"event": "ttt", "time": 1791044840.536, "msg": "ttt_chunk:27/245 scored_loss:3.3730"}
{"event": "ttt", "time": 1791044840.672, "msg": "ttt_chunk:28/245 scored_loss:3.7018"}
{"event": "ttt", "time": 1791044840.809, "msg": "ttt_chunk:29/245 scored_loss:3.6155"}
{"event": "ttt", "time": 1791044840.946, "msg": "ttt_chunk:30/245 scored_loss:3.5576"}
{"event": "ttt", "time": 1791044841.083, "msg": "ttt_chunk:31/245 scored_loss:3.5866"}
{"event": "ttt", "time": 1791044841.222, "msg": "ttt_chunk:32/245 scored_loss:3.5776"}
{"event": "ttt", "time": 1791044841.359, "msg": "ttt_chunk:33/245 scored_loss:3.7436"}
{"event": "ttt", "time": 1791044841.496, "msg": "ttt_chunk:34/245 scored_loss:3.5044"}
{"event": "ttt", "time": 1791044841.635, "msg": "ttt_chunk:35/245 scored_loss:3.6986"}
{"event": "ttt", "time": 1791044841.773, "msg": "ttt_chunk:36/245 scored_loss:3.6381"}
{"event": "ttt", "time": 1791044841.911, "msg": "ttt_chunk:37/245 scored_loss:3.6579"}
{"event": "ttt", "time": 1791044842.048, "msg": "ttt_chunk:38/245 scored_loss:3.4465"}
{"event": "ttt", "time": 1791044842.186, "msg": "ttt_chunk:39/245 scored_loss:3.6684"}
{"event": "ttt", "time": 1791044842.324, "msg": "ttt_chunk:40/245 scored_loss:3.7647"}
{"event": "ttt", "time": 1791044842.462, "msg": "ttt_chunk:41/245 scored_loss:3.7156"}
{"event": "ttt", "time": 1791044842.599, "msg": "ttt_chunk:42/245 scored_loss:3.6045"}
{"event": "ttt", "time": 1791044842.738, "msg": "ttt_chunk:43/245 scored_loss:3.6114"}
{"event": "ttt", "time": 1791044842.876, "msg": "ttt_chunk:44/245 scored_loss:3.5407"}
{"event": "ttt", "time": 1791044843.013, "msg": "ttt_chunk:45/245 scored_loss:3.2881"}
{"event": "ttt", "time": 1791044843.148, "msg": "ttt_chunk:46/245 scored_loss:3.2682"}
{"event": "ttt", "time": 1791044843.286, "msg": "ttt_chunk:47/245 scored_loss:3.5042"}
{"event": "ttt", "time": 1791044843.422, "msg": "ttt_chunk:48/245 scored_loss:3.7119"}
{"event": "ttt", "time": 1791044843.559, "msg": "ttt_chunk:49/245 scored_loss:3.7265"}
{"event": "ttt", "time": 1791044843.697, "msg": "ttt_chunk:50/245 scored_loss:3.6167"}
{"event": "ttt", "time": 1791044843.834, "msg": "ttt_chunk:51/245 scored_loss:3.7170"}
{"event": "ttt", "time": 1791044843.97, "msg": "ttt_chunk:52/245 scored_loss:3.4019"}
{"event": "ttt", "time": 1791044844.107, "msg": "ttt_chunk:53/245 scored_loss:3.6317"}
{"event": "ttt", "time": 1791044844.246, "msg": "ttt_chunk:54/245 scored_loss:3.4668"}
{"event": "ttt", "time": 1791044844.383, "msg": "ttt_chunk:55/245 scored_loss:3.5937"}
{"event": "ttt", "time": 1791044844.519, "msg": "ttt_chunk:56/245 scored_loss:3.7303"}
{"event": "ttt", "time": 1791044844.657, "msg": "ttt_chunk:57/245 scored_loss:3.5914"}
{"event": "ttt", "time": 1791044844.796, "msg": "ttt_chunk:58/245 scored_loss:3.4899"}
{"event": "ttt", "time": 1791044844.934, "msg": "ttt_chunk:59/245 scored_loss:3.6267"}
{"event": "ttt", "time": 1791044845.071, "msg": "ttt_chunk:60/245 scored_loss:3.6903"}
{"event": "ttt", "time": 1791044845.21, "msg": "ttt_chunk:61/245 scored_loss:3.6040"}
{"event": "ttt", "time": 1791044845.347, "msg": "ttt_chunk:62/245 scored_loss:3.6303"}
{"event": "ttt", "time": 1791044845.484, "msg": "ttt_chunk:63/245 scored_loss:3.6630"}
{"event": "ttt", "time": 1791044845.622, "msg": "ttt_chunk:64/245 scored_loss:3.6068"}
{"event": "ttt", "time": 1791044845.76, "msg": "ttt_chunk:65/245 scored_loss:3.6719"}
{"event": "ttt", "time": 1791044845.898, "msg": "ttt_chunk:66/245 scored_loss:3.6481"}
{"event": "ttt", "time": 1791044846.034, "msg": "ttt_chunk:67/245 scored_loss:3.6438"}
{"event": "ttt", "time": 1791044846.17, "msg": "ttt_chunk:68/245 scored_loss:3.8411"}
{"event": "ttt", "time": 1791044846.307, "msg": "ttt_chunk:69/245 scored_loss:3.6385"}
{"event": "ttt", "time": 1791044846.444, "msg": "ttt_chunk:70/245 scored_loss:3.6880"}
{"event": "ttt", "time": 1791044846.581, "msg": "ttt_chunk:71/245 scored_loss:3.7439"}
{"event": "ttt", "time": 1791044846.718, "msg": "ttt_chunk:72/245 scored_loss:3.7566"}
{"event": "ttt", "time": 1791044846.854, "msg": "ttt_chunk:73/245 scored_loss:3.5595"}
{"event": "ttt", "time": 1791044846.991, "msg": "ttt_chunk:74/245 scored_loss:3.5048"}
{"event": "ttt", "time": 1791044847.128, "msg": "ttt_chunk:75/245 scored_loss:3.5226"}
{"event": "ttt", "time": 1791044847.265, "msg": "ttt_chunk:76/245 scored_loss:3.5201"}
{"event": "ttt", "time": 1791044847.403, "msg": "ttt_chunk:77/245 scored_loss:3.3940"}
{"event": "ttt", "time": 1791044847.541, "msg": "ttt_chunk:78/245 scored_loss:3.7766"}
{"event": "ttt", "time": 1791044847.678, "msg": "ttt_chunk:79/245 scored_loss:3.4430"}
{"event": "ttt", "time": 1791044847.817, "msg": "ttt_chunk:80/245 scored_loss:3.5420"}
{"event": "ttt", "time": 1791044847.955, "msg": "ttt_chunk:81/245 scored_loss:3.3634"}
{"event": "ttt", "time": 1791044848.092, "msg": "ttt_chunk:82/245 scored_loss:3.6265"}
{"event": "ttt", "time": 1791044848.23, "msg": "ttt_chunk:83/245 scored_loss:3.6773"}
{"event": "ttt", "time": 1791044848.368, "msg": "ttt_chunk:84/245 scored_loss:3.4595"}
{"event": "ttt", "time": 1791044848.507, "msg": "ttt_chunk:85/245 scored_loss:3.4759"}
{"event": "ttt", "time": 1791044848.644, "msg": "ttt_chunk:86/245 scored_loss:3.6023"}
{"event": "ttt", "time": 1791044848.782, "msg": "ttt_chunk:87/245 scored_loss:4.3378"}
{"event": "ttt", "time": 1791044848.92, "msg": "ttt_chunk:88/245 scored_loss:3.2580"}
{"event": "ttt", "time": 1791044849.057, "msg": "ttt_chunk:89/245 scored_loss:3.3293"}
{"event": "ttt", "time": 1791044849.194, "msg": "ttt_chunk:90/245 scored_loss:3.7146"}
{"event": "ttt", "time": 1791044849.329, "msg": "ttt_chunk:91/245 scored_loss:3.6227"}
{"event": "ttt", "time": 1791044849.468, "msg": "ttt_chunk:92/245 scored_loss:3.8027"}
{"event": "ttt", "time": 1791044849.605, "msg": "ttt_chunk:93/245 scored_loss:3.5628"}
{"event": "ttt", "time": 1791044849.742, "msg": "ttt_chunk:94/245 scored_loss:3.6261"}
{"event": "ttt", "time": 1791044849.878, "msg": "ttt_chunk:95/245 scored_loss:3.5398"}
{"event": "ttt", "time": 1791044850.015, "msg": "ttt_chunk:96/245 scored_loss:3.6563"}
{"event": "ttt", "time": 1791044850.152, "msg": "ttt_chunk:97/245 scored_loss:3.8142"}
{"event": "ttt", "time": 1791044850.29, "msg": "ttt_chunk:98/245 scored_loss:3.6000"}
{"event": "ttt", "time": 1791044850.43, "msg": "ttt_chunk:99/245 scored_loss:3.5330"}
{"event": "ttt", "time": 1791044850.567, "msg": "ttt_chunk:100/245 scored_loss:3.3732"}
{"event": "ttt", "time": 1791044850.705, "msg": "ttt_chunk:101/245 scored_loss:3.4557"}
{"event": "ttt", "time": 1791044850.842, "msg": "ttt_chunk:102/245 scored_loss:3.5215"}
{"event": "ttt", "time": 1791044850.981, "msg": "ttt_chunk:103/245 scored_loss:3.5572"}
{"event": "ttt", "time": 1791044851.119, "msg": "ttt_chunk:104/245 scored_loss:3.4205"}
{"event": "ttt", "time": 1791044851.256, "msg": "ttt_chunk:105/245 scored_loss:3.4520"}
{"event": "ttt", "time": 1791044851.396, "msg": "ttt_chunk:106/245 scored_loss:3.8291"}
{"event": "ttt", "time": 1791044851.534, "msg": "ttt_chunk:107/245 scored_loss:3.6918"}
{"event": "ttt", "time": 1791044851.672, "msg": "ttt_chunk:108/245 scored_loss:3.5666"}
{"event": "ttt", "time": 1791044851.81, "msg": "ttt_chunk:109/245 scored_loss:3.5385"}
{"event": "ttt", "time": 1791044851.949, "msg": "ttt_chunk:110/245 scored_loss:3.7893"}
{"event": "ttt", "time": 1791044852.087, "msg": "ttt_chunk:111/245 scored_loss:3.6414"}
{"event": "ttt", "time": 1791044852.225, "msg": "ttt_chunk:112/245 scored_loss:3.6388"}
{"event": "ttt", "time": 1791044852.363, "msg": "ttt_chunk:113/245 scored_loss:3.5349"}
{"event": "ttt", "time": 1791044852.5, "msg": "ttt_chunk:114/245 scored_loss:3.6353"}
{"event": "ttt", "time": 1791044852.636, "msg": "ttt_chunk:115/245 scored_loss:3.7108"}
{"event": "ttt", "time": 1791044852.773, "msg": "ttt_chunk:116/245 scored_loss:3.6911"}
{"event": "ttt", "time": 1791044852.909, "msg": "ttt_chunk:117/245 scored_loss:4.1048"}
{"event": "ttt", "time": 1791044853.046, "msg": "ttt_chunk:118/245 scored_loss:3.8240"}
{"event": "ttt", "time": 1791044853.185, "msg": "ttt_chunk:119/245 scored_loss:4.0775"}
{"event": "ttt", "time": 1791044853.322, "msg": "ttt_chunk:120/245 scored_loss:3.6515"}
{"event": "ttt", "time": 1791044853.459, "msg": "ttt_chunk:121/245 scored_loss:3.5447"}
{"event": "ttt", "time": 1791044853.597, "msg": "ttt_chunk:122/245 scored_loss:3.3730"}
{"event": "ttt", "time": 1791044853.734, "msg": "ttt_chunk:123/245 scored_loss:3.6289"}
{"event": "ttt", "time": 1791044853.872, "msg": "ttt_chunk:124/245 scored_loss:3.3748"}
{"event": "ttt", "time": 1791044854.01, "msg": "ttt_chunk:125/245 scored_loss:3.5435"}
{"event": "ttt", "time": 1791044854.148, "msg": "ttt_chunk:126/245 scored_loss:3.6338"}
{"event": "ttt", "time": 1791044854.283, "msg": "ttt_chunk:127/245 scored_loss:3.5681"}
{"event": "ttt", "time": 1791044854.421, "msg": "ttt_chunk:128/245 scored_loss:3.6460"}
{"event": "ttt", "time": 1791044854.559, "msg": "ttt_chunk:129/245 scored_loss:3.3774"}
{"event": "ttt", "time": 1791044854.696, "msg": "ttt_chunk:130/245 scored_loss:3.4598"}
{"event": "ttt", "time": 1791044854.833, "msg": "ttt_chunk:131/245 scored_loss:3.7034"}
{"event": "ttt", "time": 1791044854.971, "msg": "ttt_chunk:132/245 scored_loss:3.6499"}
{"event": "ttt", "time": 1791044855.107, "msg": "ttt_chunk:133/245 scored_loss:3.4460"}
{"event": "ttt", "time": 1791044855.244, "msg": "ttt_chunk:134/245 scored_loss:3.6095"}
{"event": "ttt", "time": 1791044855.381, "msg": "ttt_chunk:135/245 scored_loss:3.5463"}
{"event": "ttt", "time": 1791044855.518, "msg": "ttt_chunk:136/245 scored_loss:3.5292"}
{"event": "ttt", "time": 1791044855.654, "msg": "ttt_chunk:137/245 scored_loss:3.4605"}
{"event": "ttt", "time": 1791044855.79, "msg": "ttt_chunk:138/245 scored_loss:3.5978"}
{"event": "ttt", "time": 1791044855.926, "msg": "ttt_chunk:139/245 scored_loss:3.4306"}
{"event": "ttt", "time": 1791044856.065, "msg": "ttt_chunk:140/245 scored_loss:3.5214"}
{"event": "ttt", "time": 1791044856.202, "msg": "ttt_chunk:141/245 scored_loss:3.5406"}
{"event": "ttt", "time": 1791044856.339, "msg": "ttt_chunk:142/245 scored_loss:3.6399"}
{"event": "ttt", "time": 1791044856.476, "msg": "ttt_chunk:143/245 scored_loss:3.6656"}
{"event": "ttt", "time": 1791044856.612, "msg": "ttt_chunk:144/245 scored_loss:3.6880"}
{"event": "ttt", "time": 1791044856.75, "msg": "ttt_chunk:145/245 scored_loss:3.6124"}
{"event": "ttt", "time": 1791044856.887, "msg": "ttt_chunk:146/245 scored_loss:3.6034"}
{"event": "ttt", "time": 1791044857.023, "msg": "ttt_chunk:147/245 scored_loss:3.7725"}
{"event": "ttt", "time": 1791044857.161, "msg": "ttt_chunk:148/245 scored_loss:3.8307"}
{"event": "ttt", "time": 1791044857.298, "msg": "ttt_chunk:149/245 scored_loss:3.8363"}
{"event": "ttt", "time": 1791044857.437, "msg": "ttt_chunk:150/245 scored_loss:3.7516"}
{"event": "ttt", "time": 1791044857.576, "msg": "ttt_chunk:151/245 scored_loss:3.4340"}
{"event": "ttt", "time": 1791044857.713, "msg": "ttt_chunk:152/245 scored_loss:3.5342"}
{"event": "ttt", "time": 1791044857.85, "msg": "ttt_chunk:153/245 scored_loss:3.4346"}
{"event": "ttt", "time": 1791044857.987, "msg": "ttt_chunk:154/245 scored_loss:3.6974"}
{"event": "ttt", "time": 1791044858.123, "msg": "ttt_chunk:155/245 scored_loss:3.6315"}
{"event": "ttt", "time": 1791044858.259, "msg": "ttt_chunk:156/245 scored_loss:3.5425"}
{"event": "ttt", "time": 1791044858.394, "msg": "ttt_chunk:157/245 scored_loss:3.7762"}
{"event": "ttt", "time": 1791044858.532, "msg": "ttt_chunk:158/245 scored_loss:3.7067"}
{"event": "ttt", "time": 1791044858.669, "msg": "ttt_chunk:159/245 scored_loss:3.5413"}
{"event": "ttt", "time": 1791044858.807, "msg": "ttt_chunk:160/245 scored_loss:3.6281"}
{"event": "ttt", "time": 1791044858.942, "msg": "ttt_chunk:161/245 scored_loss:3.5493"}
{"event": "ttt", "time": 1791044859.079, "msg": "ttt_chunk:162/245 scored_loss:3.6660"}
{"event": "ttt", "time": 1791044859.216, "msg": "ttt_chunk:163/245 scored_loss:3.6789"}
{"event": "ttt", "time": 1791044859.353, "msg": "ttt_chunk:164/245 scored_loss:3.4532"}
{"event": "ttt", "time": 1791044859.491, "msg": "ttt_chunk:165/245 scored_loss:3.4669"}
{"event": "ttt", "time": 1791044859.629, "msg": "ttt_chunk:166/245 scored_loss:3.7697"}
{"event": "ttt", "time": 1791044859.765, "msg": "ttt_chunk:167/245 scored_loss:3.6570"}
{"event": "ttt", "time": 1791044859.902, "msg": "ttt_chunk:168/245 scored_loss:3.6359"}
{"event": "ttt", "time": 1791044860.041, "msg": "ttt_chunk:169/245 scored_loss:3.6694"}
{"event": "ttt", "time": 1791044860.177, "msg": "ttt_chunk:170/245 scored_loss:3.6538"}
{"event": "ttt", "time": 1791044860.314, "msg": "ttt_chunk:171/245 scored_loss:3.6423"}
{"event": "ttt", "time": 1791044860.451, "msg": "ttt_chunk:172/245 scored_loss:3.4925"}
{"event": "ttt", "time": 1791044860.589, "msg": "ttt_chunk:173/245 scored_loss:3.4909"}
{"event": "ttt", "time": 1791044860.725, "msg": "ttt_chunk:174/245 scored_loss:3.7624"}
{"event": "ttt", "time": 1791044860.863, "msg": "ttt_chunk:175/245 scored_loss:3.7843"}
{"event": "ttt", "time": 1791044861.0, "msg": "ttt_chunk:176/245 scored_loss:3.4974"}
{"event": "ttt", "time": 1791044861.136, "msg": "ttt_chunk:177/245 scored_loss:3.5988"}
{"event": "ttt", "time": 1791044861.273, "msg": "ttt_chunk:178/245 scored_loss:3.6043"}
{"event": "ttt", "time": 1791044861.408, "msg": "ttt_chunk:179/245 scored_loss:3.3457"}
{"event": "ttt", "time": 1791044861.544, "msg": "ttt_chunk:180/245 scored_loss:3.5227"}
{"event": "ttt", "time": 1791044861.681, "msg": "ttt_chunk:181/245 scored_loss:3.5362"}
{"event": "ttt", "time": 1791044861.817, "msg": "ttt_chunk:182/245 scored_loss:3.4859"}
{"event": "ttt", "time": 1791044861.954, "msg": "ttt_chunk:183/245 scored_loss:3.5460"}
{"event": "ttt", "time": 1791044862.091, "msg": "ttt_chunk:184/245 scored_loss:3.6425"}
{"event": "ttt", "time": 1791044862.228, "msg": "ttt_chunk:185/245 scored_loss:3.6284"}
{"event": "ttt", "time": 1791044862.365, "msg": "ttt_chunk:186/245 scored_loss:3.7813"}
{"event": "ttt", "time": 1791044862.503, "msg": "ttt_chunk:187/245 scored_loss:3.8059"}
{"event": "ttt", "time": 1791044862.64, "msg": "ttt_chunk:188/245 scored_loss:3.6108"}
{"event": "ttt", "time": 1791044862.778, "msg": "ttt_chunk:189/245 scored_loss:3.5809"}
{"event": "ttt", "time": 1791044862.915, "msg": "ttt_chunk:190/245 scored_loss:3.5634"}
{"event": "ttt", "time": 1791044863.052, "msg": "ttt_chunk:191/245 scored_loss:3.6479"}
{"event": "ttt", "time": 1791044863.192, "msg": "ttt_chunk:192/245 scored_loss:3.7570"}
{"event": "ttt", "time": 1791044863.331, "msg": "ttt_chunk:193/245 scored_loss:3.5384"}
{"event": "ttt", "time": 1791044863.467, "msg": "ttt_chunk:194/245 scored_loss:3.5032"}
{"event": "ttt", "time": 1791044863.604, "msg": "ttt_chunk:195/245 scored_loss:3.4389"}
{"event": "ttt", "time": 1791044863.744, "msg": "ttt_chunk:196/245 scored_loss:3.6941"}
{"event": "ttt", "time": 1791044863.881, "msg": "ttt_chunk:197/245 scored_loss:3.6036"}
{"event": "ttt", "time": 1791044864.02, "msg": "ttt_chunk:198/245 scored_loss:3.5869"}
{"event": "ttt", "time": 1791044864.156, "msg": "ttt_chunk:199/245 scored_loss:3.6615"}
{"event": "ttt", "time": 1791044864.294, "msg": "ttt_chunk:200/245 scored_loss:3.8068"}
{"event": "ttt", "time": 1791044864.43, "msg": "ttt_chunk:201/245 scored_loss:3.7125"}
{"event": "ttt", "time": 1791044864.565, "msg": "ttt_chunk:202/245 scored_loss:3.4124"}
{"event": "ttt", "time": 1791044864.702, "msg": "ttt_chunk:203/245 scored_loss:3.8559"}
{"event": "ttt", "time": 1791044864.838, "msg": "ttt_chunk:204/245 scored_loss:3.6394"}
{"event": "ttt", "time": 1791044864.974, "msg": "ttt_chunk:205/245 scored_loss:3.6953"}
{"event": "ttt", "time": 1791044865.111, "msg": "ttt_chunk:206/245 scored_loss:3.5083"}
{"event": "ttt", "time": 1791044865.249, "msg": "ttt_chunk:207/245 scored_loss:3.2801"}
{"event": "ttt", "time": 1791044865.386, "msg": "ttt_chunk:208/245 scored_loss:3.4339"}
{"event": "ttt", "time": 1791044865.524, "msg": "ttt_chunk:209/245 scored_loss:3.5857"}
{"event": "ttt", "time": 1791044865.661, "msg": "ttt_chunk:210/245 scored_loss:3.6118"}
{"event": "ttt", "time": 1791044865.8, "msg": "ttt_chunk:211/245 scored_loss:3.7866"}
{"event": "ttt", "time": 1791044865.938, "msg": "ttt_chunk:212/245 scored_loss:3.6302"}
{"event": "ttt", "time": 1791044866.074, "msg": "ttt_chunk:213/245 scored_loss:3.6326"}
{"event": "ttt", "time": 1791044866.211, "msg": "ttt_chunk:214/245 scored_loss:3.4019"}
{"event": "ttt", "time": 1791044866.349, "msg": "ttt_chunk:215/245 scored_loss:3.7730"}
{"event": "ttt", "time": 1791044866.487, "msg": "ttt_chunk:216/245 scored_loss:3.7588"}
{"event": "ttt", "time": 1791044866.623, "msg": "ttt_chunk:217/245 scored_loss:3.7574"}
{"event": "ttt", "time": 1791044866.761, "msg": "ttt_chunk:218/245 scored_loss:3.8848"}
{"event": "ttt", "time": 1791044866.899, "msg": "ttt_chunk:219/245 scored_loss:3.8630"}
{"event": "ttt", "time": 1791044867.036, "msg": "ttt_chunk:220/245 scored_loss:3.7266"}
{"event": "ttt", "time": 1791044867.173, "msg": "ttt_chunk:221/245 scored_loss:3.7315"}
{"event": "ttt", "time": 1791044867.31, "msg": "ttt_chunk:222/245 scored_loss:3.4899"}
{"event": "ttt", "time": 1791044867.447, "msg": "ttt_chunk:223/245 scored_loss:3.6337"}
{"event": "ttt", "time": 1791044867.583, "msg": "ttt_chunk:224/245 scored_loss:3.5758"}
{"event": "ttt", "time": 1791044867.72, "msg": "ttt_chunk:225/245 scored_loss:3.7046"}
{"event": "ttt", "time": 1791044867.857, "msg": "ttt_chunk:226/245 scored_loss:3.6520"}
{"event": "ttt", "time": 1791044867.994, "msg": "ttt_chunk:227/245 scored_loss:3.6858"}
{"event": "ttt", "time": 1791044868.132, "msg": "ttt_chunk:228/245 scored_loss:3.7450"}
{"event": "ttt", "time": 1791044868.269, "msg": "ttt_chunk:229/245 scored_loss:3.4916"}
{"event": "ttt", "time": 1791044868.407, "msg": "ttt_chunk:230/245 scored_loss:3.5098"}
{"event": "ttt", "time": 1791044868.545, "msg": "ttt_chunk:231/245 scored_loss:3.6277"}
{"event": "ttt", "time": 1791044868.682, "msg": "ttt_chunk:232/245 scored_loss:3.4508"}
{"event": "ttt", "time": 1791044868.82, "msg": "ttt_chunk:233/245 scored_loss:3.3822"}
{"event": "ttt", "time": 1791044868.958, "msg": "ttt_chunk:234/245 scored_loss:3.5077"}
{"event": "ttt", "time": 1791044869.094, "msg": "ttt_chunk:235/245 scored_loss:3.7582"}
{"event": "ttt", "time": 1791044869.232, "msg": "ttt_chunk:236/245 scored_loss:3.4928"}
{"event": "ttt", "time": 1791044869.37, "msg": "ttt_chunk:237/245 scored_loss:3.3795"}
{"event": "ttt", "time": 1791044869.507, "msg": "ttt_chunk:238/245 scored_loss:3.6094"}
{"event": "ttt", "time": 1791044869.644, "msg": "ttt_chunk:239/245 scored_loss:3.8631"}
{"event": "ttt", "time": 1791044869.782, "msg": "ttt_chunk:240/245 scored_loss:3.7201"}
{"event": "ttt", "time": 1791044869.921, "msg": "ttt_chunk:241/245 scored_loss:3.6761"}
{"event": "ttt", "time": 1791044870.058, "msg": "ttt_chunk:242/245 scored_loss:3.7256"}
{"event": "ttt", "time": 1791044870.194, "msg": "ttt_chunk:243/245 scored_loss:3.6118"}
{"event": "ttt", "time": 1791044870.332, "msg": "ttt_chunk:244/245 scored_loss:3.5478"}
{"event": "ttt", "time": 1791044870.417, "msg": "ttt_chunk:245/245 scored_loss:3.5540"}
{"event": "eval_ttt", "time": 1791044870.418, "val_loss": 3.61485, "val_bpb": 2.16608}
{"event": "artifact", "time": 1791044870.451, "path": "artifacts\\gpu_Full_int6_asdclip_s777_submission.tar.gz", "bytes": 603547}
{"event": "done", "time": 1791044870.452, "train_time_s": 24.76}
