{"event": "start", "time": 1791044655.164, "run_id": "gpu_Full_int6_asdclip_s4242", "seed": 4242, "device": "cuda:0", "world_size": 1, "python": "3.11.6", "torch": "2.11.0+cu128"}
{"event": "model", "time": 1791044657.193, "params": 822680, "virtual_layers": 8, "parallel_residual": true, "depth_recurrence": true}
{"event": "train", "time": 1791044660.609, "step": 1, "loss": 6.96353, "lr_scale": 1.0, "elapsed_s": 3.41}
{"event": "train", "time": 1791044661.392, "step": 2, "loss": 6.88416, "lr_scale": 1.0, "elapsed_s": 4.19}
{"event": "train", "time": 1791044661.445, "step": 3, "loss": 6.46048, "lr_scale": 1.0, "elapsed_s": 4.25}
{"event": "train", "time": 1791044661.499, "step": 4, "loss": 6.03222, "lr_scale": 1.0, "elapsed_s": 4.3}
{"event": "train", "time": 1791044661.551, "step": 5, "loss": 5.90277, "lr_scale": 1.0, "elapsed_s": 4.35}
{"event": "train", "time": 1791044666.447, "step": 100, "loss": 4.35181, "lr_scale": 1.0, "elapsed_s": 9.25}
{"event": "train", "time": 1791044671.6, "step": 200, "loss": 4.02763, "lr_scale": 1.0, "elapsed_s": 14.4}
{"event": "train", "time": 1791044676.789, "step": 300, "loss": 3.70872, "lr_scale": 0.8417, "elapsed_s": 19.59}
{"event": "train", "time": 1791044681.94, "step": 400, "loss": 3.839, "lr_scale": 0.0083, "elapsed_s": 24.74}
{"event": "train", "time": 1791044681.993, "step": 401, "loss": 3.3038, "lr_scale": 0.0, "elapsed_s": 24.79}
{"event": "eval_start", "time": 1791044681.999, "val_tokens": 1999872}
{"event": "eval_prequant", "time": 1791044686.42, "val_loss": 3.60082, "val_bpb": 2.15768}
{"event": "quant", "time": 1791044687.008, "scheme": "int6_asdclip", "weight_blob_bytes": 437569, "raw_bytes": 866603, "payload_bytes": 835534, "quant_tensors": 44}
{"event": "eval_postquant", "time": 1791044691.337, "val_loss": 3.70479, "val_bpb": 2.21998}
{"event": "ttt", "time": 1791044691.533, "msg": "ttt_chunk:1/245 scored_loss:3.7310"}
{"event": "ttt", "time": 1791044691.673, "msg": "ttt_chunk:2/245 scored_loss:3.9664"}
{"event": "ttt", "time": 1791044691.811, "msg": "ttt_chunk:3/245 scored_loss:3.7853"}
{"event": "ttt", "time": 1791044691.948, "msg": "ttt_chunk:4/245 scored_loss:3.8394"}
{"event": "ttt", "time": 1791044692.085, "msg": "ttt_chunk:5/245 scored_loss:3.6882"}
{"event": "ttt", "time": 1791044692.222, "msg": "ttt_chunk:6/245 scored_loss:3.5840"}
{"event": "ttt", "time": 1791044692.359, "msg": "ttt_chunk:7/245 scored_loss:3.5085"}
{"event": "ttt", "time": 1791044692.496, "msg": "ttt_chunk:8/245 scored_loss:3.7702"}
{"event": "ttt", "time": 1791044692.633, "msg": "ttt_chunk:9/245 scored_loss:3.5432"}
{"event": "ttt", "time": 1791044692.77, "msg": "ttt_chunk:10/245 scored_loss:3.5571"}
{"event": "ttt", "time": 1791044692.907, "msg": "ttt_chunk:11/245 scored_loss:3.6141"}
{"event": "ttt", "time": 1791044693.044, "msg": "ttt_chunk:12/245 scored_loss:3.8025"}
{"event": "ttt", "time": 1791044693.18, "msg": "ttt_chunk:13/245 scored_loss:3.7145"}
{"event": "ttt", "time": 1791044693.316, "msg": "ttt_chunk:14/245 scored_loss:3.6227"}
{"event": "ttt", "time": 1791044693.453, "msg": "ttt_chunk:15/245 scored_loss:3.6383"}
{"event": "ttt", "time": 1791044693.588, "msg": "ttt_chunk:16/245 scored_loss:3.7206"}
{"event": "ttt", "time": 1791044693.726, "msg": "ttt_chunk:17/245 scored_loss:3.6490"}
{"event": "ttt", "time": 1791044693.861, "msg": "ttt_chunk:18/245 scored_loss:3.4995"}
{"event": "ttt", "time": 1791044693.997, "msg": "ttt_chunk:19/245 scored_loss:3.5698"}
{"event": "ttt", "time": 1791044694.134, "msg": "ttt_chunk:20/245 scored_loss:3.6619"}
{"event": "ttt", "time": 1791044694.273, "msg": "ttt_chunk:21/245 scored_loss:3.4744"}
{"event": "ttt", "time": 1791044694.41, "msg": "ttt_chunk:22/245 scored_loss:3.4065"}
{"event": "ttt", "time": 1791044694.547, "msg": "ttt_chunk:23/245 scored_loss:3.6788"}
{"event": "ttt", "time": 1791044694.685, "msg": "ttt_chunk:24/245 scored_loss:3.6446"}
{"event": "ttt", "time": 1791044694.821, "msg": "ttt_chunk:25/245 scored_loss:3.5930"}
{"event": "ttt", "time": 1791044694.958, "msg": "ttt_chunk:26/245 scored_loss:3.5521"}
{"event": "ttt", "time": 1791044695.094, "msg": "ttt_chunk:27/245 scored_loss:3.3517"}
{"event": "ttt", "time": 1791044695.231, "msg": "ttt_chunk:28/245 scored_loss:3.7075"}
{"event": "ttt", "time": 1791044695.368, "msg": "ttt_chunk:29/245 scored_loss:3.6145"}
{"event": "ttt", "time": 1791044695.505, "msg": "ttt_chunk:30/245 scored_loss:3.5316"}
{"event": "ttt", "time": 1791044695.645, "msg": "ttt_chunk:31/245 scored_loss:3.5968"}
{"event": "ttt", "time": 1791044695.784, "msg": "ttt_chunk:32/245 scored_loss:3.5707"}
{"event": "ttt", "time": 1791044695.922, "msg": "ttt_chunk:33/245 scored_loss:3.6879"}
{"event": "ttt", "time": 1791044696.059, "msg": "ttt_chunk:34/245 scored_loss:3.4809"}
{"event": "ttt", "time": 1791044696.195, "msg": "ttt_chunk:35/245 scored_loss:3.7009"}
{"event": "ttt", "time": 1791044696.331, "msg": "ttt_chunk:36/245 scored_loss:3.6365"}
{"event": "ttt", "time": 1791044696.467, "msg": "ttt_chunk:37/245 scored_loss:3.6660"}
{"event": "ttt", "time": 1791044696.605, "msg": "ttt_chunk:38/245 scored_loss:3.4280"}
{"event": "ttt", "time": 1791044696.741, "msg": "ttt_chunk:39/245 scored_loss:3.6684"}
{"event": "ttt", "time": 1791044696.877, "msg": "ttt_chunk:40/245 scored_loss:3.7511"}
{"event": "ttt", "time": 1791044697.016, "msg": "ttt_chunk:41/245 scored_loss:3.7310"}
{"event": "ttt", "time": 1791044697.153, "msg": "ttt_chunk:42/245 scored_loss:3.5944"}
{"event": "ttt", "time": 1791044697.288, "msg": "ttt_chunk:43/245 scored_loss:3.5963"}
{"event": "ttt", "time": 1791044697.427, "msg": "ttt_chunk:44/245 scored_loss:3.5423"}
{"event": "ttt", "time": 1791044697.564, "msg": "ttt_chunk:45/245 scored_loss:3.3092"}
{"event": "ttt", "time": 1791044697.702, "msg": "ttt_chunk:46/245 scored_loss:3.2649"}
{"event": "ttt", "time": 1791044697.839, "msg": "ttt_chunk:47/245 scored_loss:3.4960"}
{"event": "ttt", "time": 1791044697.977, "msg": "ttt_chunk:48/245 scored_loss:3.7129"}
{"event": "ttt", "time": 1791044698.114, "msg": "ttt_chunk:49/245 scored_loss:3.7173"}
{"event": "ttt", "time": 1791044698.251, "msg": "ttt_chunk:50/245 scored_loss:3.5971"}
{"event": "ttt", "time": 1791044698.389, "msg": "ttt_chunk:51/245 scored_loss:3.7115"}
{"event": "ttt", "time": 1791044698.526, "msg": "ttt_chunk:52/245 scored_loss:3.4058"}
{"event": "ttt", "time": 1791044698.663, "msg": "ttt_chunk:53/245 scored_loss:3.6304"}
{"event": "ttt", "time": 1791044698.801, "msg": "ttt_chunk:54/245 scored_loss:3.4688"}
{"event": "ttt", "time": 1791044698.939, "msg": "ttt_chunk:55/245 scored_loss:3.5866"}
{"event": "ttt", "time": 1791044699.076, "msg": "ttt_chunk:56/245 scored_loss:3.7289"}
{"event": "ttt", "time": 1791044699.213, "msg": "ttt_chunk:57/245 scored_loss:3.5952"}
{"event": "ttt", "time": 1791044699.349, "msg": "ttt_chunk:58/245 scored_loss:3.4953"}
{"event": "ttt", "time": 1791044699.488, "msg": "ttt_chunk:59/245 scored_loss:3.6198"}
{"event": "ttt", "time": 1791044699.624, "msg": "ttt_chunk:60/245 scored_loss:3.6575"}
{"event": "ttt", "time": 1791044699.76, "msg": "ttt_chunk:61/245 scored_loss:3.6041"}
{"event": "ttt", "time": 1791044699.896, "msg": "ttt_chunk:62/245 scored_loss:3.6266"}
{"event": "ttt", "time": 1791044700.033, "msg": "ttt_chunk:63/245 scored_loss:3.6621"}
{"event": "ttt", "time": 1791044700.17, "msg": "ttt_chunk:64/245 scored_loss:3.5954"}
{"event": "ttt", "time": 1791044700.308, "msg": "ttt_chunk:65/245 scored_loss:3.6690"}
{"event": "ttt", "time": 1791044700.447, "msg": "ttt_chunk:66/245 scored_loss:3.6549"}
{"event": "ttt", "time": 1791044700.583, "msg": "ttt_chunk:67/245 scored_loss:3.6322"}
{"event": "ttt", "time": 1791044700.721, "msg": "ttt_chunk:68/245 scored_loss:3.8253"}
{"event": "ttt", "time": 1791044700.858, "msg": "ttt_chunk:69/245 scored_loss:3.6333"}
{"event": "ttt", "time": 1791044700.996, "msg": "ttt_chunk:70/245 scored_loss:3.6809"}
{"event": "ttt", "time": 1791044701.133, "msg": "ttt_chunk:71/245 scored_loss:3.7521"}
{"event": "ttt", "time": 1791044701.27, "msg": "ttt_chunk:72/245 scored_loss:3.7454"}
{"event": "ttt", "time": 1791044701.407, "msg": "ttt_chunk:73/245 scored_loss:3.5570"}
{"event": "ttt", "time": 1791044701.546, "msg": "ttt_chunk:74/245 scored_loss:3.4773"}
{"event": "ttt", "time": 1791044701.683, "msg": "ttt_chunk:75/245 scored_loss:3.5323"}
{"event": "ttt", "time": 1791044701.819, "msg": "ttt_chunk:76/245 scored_loss:3.5169"}
{"event": "ttt", "time": 1791044701.958, "msg": "ttt_chunk:77/245 scored_loss:3.4078"}
{"event": "ttt", "time": 1791044702.095, "msg": "ttt_chunk:78/245 scored_loss:3.7924"}
{"event": "ttt", "time": 1791044702.231, "msg": "ttt_chunk:79/245 scored_loss:3.4340"}
{"event": "ttt", "time": 1791044702.366, "msg": "ttt_chunk:80/245 scored_loss:3.5375"}
{"event": "ttt", "time": 1791044702.503, "msg": "ttt_chunk:81/245 scored_loss:3.3670"}
{"event": "ttt", "time": 1791044702.64, "msg": "ttt_chunk:82/245 scored_loss:3.6213"}
{"event": "ttt", "time": 1791044702.776, "msg": "ttt_chunk:83/245 scored_loss:3.6656"}
{"event": "ttt", "time": 1791044702.912, "msg": "ttt_chunk:84/245 scored_loss:3.4548"}
{"event": "ttt", "time": 1791044703.049, "msg": "ttt_chunk:85/245 scored_loss:3.4916"}
{"event": "ttt", "time": 1791044703.186, "msg": "ttt_chunk:86/245 scored_loss:3.5841"}
{"event": "ttt", "time": 1791044703.324, "msg": "ttt_chunk:87/245 scored_loss:4.3078"}
{"event": "ttt", "time": 1791044703.462, "msg": "ttt_chunk:88/245 scored_loss:3.2490"}
{"event": "ttt", "time": 1791044703.599, "msg": "ttt_chunk:89/245 scored_loss:3.3354"}
{"event": "ttt", "time": 1791044703.737, "msg": "ttt_chunk:90/245 scored_loss:3.7164"}
{"event": "ttt", "time": 1791044703.875, "msg": "ttt_chunk:91/245 scored_loss:3.6244"}
{"event": "ttt", "time": 1791044704.013, "msg": "ttt_chunk:92/245 scored_loss:3.8016"}
{"event": "ttt", "time": 1791044704.15, "msg": "ttt_chunk:93/245 scored_loss:3.5603"}
{"event": "ttt", "time": 1791044704.287, "msg": "ttt_chunk:94/245 scored_loss:3.6191"}
{"event": "ttt", "time": 1791044704.425, "msg": "ttt_chunk:95/245 scored_loss:3.5129"}
{"event": "ttt", "time": 1791044704.562, "msg": "ttt_chunk:96/245 scored_loss:3.6162"}
{"event": "ttt", "time": 1791044704.699, "msg": "ttt_chunk:97/245 scored_loss:3.8041"}
{"event": "ttt", "time": 1791044704.836, "msg": "ttt_chunk:98/245 scored_loss:3.6139"}
{"event": "ttt", "time": 1791044704.973, "msg": "ttt_chunk:99/245 scored_loss:3.5167"}
{"event": "ttt", "time": 1791044705.11, "msg": "ttt_chunk:100/245 scored_loss:3.3631"}
{"event": "ttt", "time": 1791044705.247, "msg": "ttt_chunk:101/245 scored_loss:3.4585"}
{"event": "ttt", "time": 1791044705.383, "msg": "ttt_chunk:102/245 scored_loss:3.5309"}
{"event": "ttt", "time": 1791044705.521, "msg": "ttt_chunk:103/245 scored_loss:3.5546"}
{"event": "ttt", "time": 1791044705.656, "msg": "ttt_chunk:104/245 scored_loss:3.4052"}
{"event": "ttt", "time": 1791044705.792, "msg": "ttt_chunk:105/245 scored_loss:3.4347"}
{"event": "ttt", "time": 1791044705.929, "msg": "ttt_chunk:106/245 scored_loss:3.8290"}
{"event": "ttt", "time": 1791044706.066, "msg": "ttt_chunk:107/245 scored_loss:3.6944"}
{"event": "ttt", "time": 1791044706.204, "msg": "ttt_chunk:108/245 scored_loss:3.5585"}
{"event": "ttt", "time": 1791044706.342, "msg": "ttt_chunk:109/245 scored_loss:3.5530"}
{"event": "ttt", "time": 1791044706.48, "msg": "ttt_chunk:110/245 scored_loss:3.7598"}
{"event": "ttt", "time": 1791044706.618, "msg": "ttt_chunk:111/245 scored_loss:3.6542"}
{"event": "ttt", "time": 1791044706.756, "msg": "ttt_chunk:112/245 scored_loss:3.6323"}
{"event": "ttt", "time": 1791044706.893, "msg": "ttt_chunk:113/245 scored_loss:3.5297"}
{"event": "ttt", "time": 1791044707.031, "msg": "ttt_chunk:114/245 scored_loss:3.6217"}
{"event": "ttt", "time": 1791044707.169, "msg": "ttt_chunk:115/245 scored_loss:3.7155"}
{"event": "ttt", "time": 1791044707.307, "msg": "ttt_chunk:116/245 scored_loss:3.6949"}
{"event": "ttt", "time": 1791044707.443, "msg": "ttt_chunk:117/245 scored_loss:4.0973"}
{"event": "ttt", "time": 1791044707.582, "msg": "ttt_chunk:118/245 scored_loss:3.8137"}
{"event": "ttt", "time": 1791044707.719, "msg": "ttt_chunk:119/245 scored_loss:4.0740"}
{"event": "ttt", "time": 1791044707.856, "msg": "ttt_chunk:120/245 scored_loss:3.6488"}
{"event": "ttt", "time": 1791044707.993, "msg": "ttt_chunk:121/245 scored_loss:3.5399"}
{"event": "ttt", "time": 1791044708.13, "msg": "ttt_chunk:122/245 scored_loss:3.3698"}
{"event": "ttt", "time": 1791044708.266, "msg": "ttt_chunk:123/245 scored_loss:3.6320"}
{"event": "ttt", "time": 1791044708.402, "msg": "ttt_chunk:124/245 scored_loss:3.3615"}
{"event": "ttt", "time": 1791044708.539, "msg": "ttt_chunk:125/245 scored_loss:3.5304"}
{"event": "ttt", "time": 1791044708.676, "msg": "ttt_chunk:126/245 scored_loss:3.6399"}
{"event": "ttt", "time": 1791044708.812, "msg": "ttt_chunk:127/245 scored_loss:3.5691"}
{"event": "ttt", "time": 1791044708.948, "msg": "ttt_chunk:128/245 scored_loss:3.6603"}
{"event": "ttt", "time": 1791044709.087, "msg": "ttt_chunk:129/245 scored_loss:3.3754"}
{"event": "ttt", "time": 1791044709.225, "msg": "ttt_chunk:130/245 scored_loss:3.4652"}
{"event": "ttt", "time": 1791044709.362, "msg": "ttt_chunk:131/245 scored_loss:3.6919"}
{"event": "ttt", "time": 1791044709.499, "msg": "ttt_chunk:132/245 scored_loss:3.6456"}
{"event": "ttt", "time": 1791044709.638, "msg": "ttt_chunk:133/245 scored_loss:3.4292"}
{"event": "ttt", "time": 1791044709.774, "msg": "ttt_chunk:134/245 scored_loss:3.6140"}
{"event": "ttt", "time": 1791044709.912, "msg": "ttt_chunk:135/245 scored_loss:3.5531"}
{"event": "ttt", "time": 1791044710.049, "msg": "ttt_chunk:136/245 scored_loss:3.5216"}
{"event": "ttt", "time": 1791044710.186, "msg": "ttt_chunk:137/245 scored_loss:3.4702"}
{"event": "ttt", "time": 1791044710.325, "msg": "ttt_chunk:138/245 scored_loss:3.5773"}
{"event": "ttt", "time": 1791044710.463, "msg": "ttt_chunk:139/245 scored_loss:3.4355"}
{"event": "ttt", "time": 1791044710.599, "msg": "ttt_chunk:140/245 scored_loss:3.5213"}
{"event": "ttt", "time": 1791044710.737, "msg": "ttt_chunk:141/245 scored_loss:3.5384"}
{"event": "ttt", "time": 1791044710.875, "msg": "ttt_chunk:142/245 scored_loss:3.6325"}
{"event": "ttt", "time": 1791044711.012, "msg": "ttt_chunk:143/245 scored_loss:3.6537"}
{"event": "ttt", "time": 1791044711.15, "msg": "ttt_chunk:144/245 scored_loss:3.6722"}
{"event": "ttt", "time": 1791044711.286, "msg": "ttt_chunk:145/245 scored_loss:3.6133"}
{"event": "ttt", "time": 1791044711.424, "msg": "ttt_chunk:146/245 scored_loss:3.6038"}
{"event": "ttt", "time": 1791044711.56, "msg": "ttt_chunk:147/245 scored_loss:3.7794"}
{"event": "ttt", "time": 1791044711.698, "msg": "ttt_chunk:148/245 scored_loss:3.8528"}
{"event": "ttt", "time": 1791044711.835, "msg": "ttt_chunk:149/245 scored_loss:3.8345"}
{"event": "ttt", "time": 1791044711.971, "msg": "ttt_chunk:150/245 scored_loss:3.7541"}
{"event": "ttt", "time": 1791044712.108, "msg": "ttt_chunk:151/245 scored_loss:3.4183"}
{"event": "ttt", "time": 1791044712.245, "msg": "ttt_chunk:152/245 scored_loss:3.5437"}
{"event": "ttt", "time": 1791044712.382, "msg": "ttt_chunk:153/245 scored_loss:3.4293"}
{"event": "ttt", "time": 1791044712.52, "msg": "ttt_chunk:154/245 scored_loss:3.6917"}
{"event": "ttt", "time": 1791044712.657, "msg": "ttt_chunk:155/245 scored_loss:3.6311"}
{"event": "ttt", "time": 1791044712.795, "msg": "ttt_chunk:156/245 scored_loss:3.5432"}
{"event": "ttt", "time": 1791044712.933, "msg": "ttt_chunk:157/245 scored_loss:3.7783"}
{"event": "ttt", "time": 1791044713.071, "msg": "ttt_chunk:158/245 scored_loss:3.7105"}
{"event": "ttt", "time": 1791044713.207, "msg": "ttt_chunk:159/245 scored_loss:3.5377"}
{"event": "ttt", "time": 1791044713.346, "msg": "ttt_chunk:160/245 scored_loss:3.6023"}
{"event": "ttt", "time": 1791044713.483, "msg": "ttt_chunk:161/245 scored_loss:3.5259"}
{"event": "ttt", "time": 1791044713.619, "msg": "ttt_chunk:162/245 scored_loss:3.6466"}
{"event": "ttt", "time": 1791044713.757, "msg": "ttt_chunk:163/245 scored_loss:3.6553"}
{"event": "ttt", "time": 1791044713.895, "msg": "ttt_chunk:164/245 scored_loss:3.4448"}
{"event": "ttt", "time": 1791044714.033, "msg": "ttt_chunk:165/245 scored_loss:3.4618"}
{"event": "ttt", "time": 1791044714.169, "msg": "ttt_chunk:166/245 scored_loss:3.7619"}
{"event": "ttt", "time": 1791044714.307, "msg": "ttt_chunk:167/245 scored_loss:3.6573"}
{"event": "ttt", "time": 1791044714.442, "msg": "ttt_chunk:168/245 scored_loss:3.6210"}
{"event": "ttt", "time": 1791044714.579, "msg": "ttt_chunk:169/245 scored_loss:3.6710"}
{"event": "ttt", "time": 1791044714.715, "msg": "ttt_chunk:170/245 scored_loss:3.6954"}
{"event": "ttt", "time": 1791044714.853, "msg": "ttt_chunk:171/245 scored_loss:3.6365"}
{"event": "ttt", "time": 1791044714.989, "msg": "ttt_chunk:172/245 scored_loss:3.4678"}
{"event": "ttt", "time": 1791044715.126, "msg": "ttt_chunk:173/245 scored_loss:3.4788"}
{"event": "ttt", "time": 1791044715.265, "msg": "ttt_chunk:174/245 scored_loss:3.7446"}
{"event": "ttt", "time": 1791044715.404, "msg": "ttt_chunk:175/245 scored_loss:3.7644"}
{"event": "ttt", "time": 1791044715.541, "msg": "ttt_chunk:176/245 scored_loss:3.4801"}
{"event": "ttt", "time": 1791044715.678, "msg": "ttt_chunk:177/245 scored_loss:3.5878"}
{"event": "ttt", "time": 1791044715.816, "msg": "ttt_chunk:178/245 scored_loss:3.6132"}
{"event": "ttt", "time": 1791044715.954, "msg": "ttt_chunk:179/245 scored_loss:3.3168"}
{"event": "ttt", "time": 1791044716.091, "msg": "ttt_chunk:180/245 scored_loss:3.5182"}
{"event": "ttt", "time": 1791044716.228, "msg": "ttt_chunk:181/245 scored_loss:3.5347"}
{"event": "ttt", "time": 1791044716.367, "msg": "ttt_chunk:182/245 scored_loss:3.5133"}
{"event": "ttt", "time": 1791044716.505, "msg": "ttt_chunk:183/245 scored_loss:3.5559"}
{"event": "ttt", "time": 1791044716.642, "msg": "ttt_chunk:184/245 scored_loss:3.6343"}
{"event": "ttt", "time": 1791044716.78, "msg": "ttt_chunk:185/245 scored_loss:3.6350"}
{"event": "ttt", "time": 1791044716.917, "msg": "ttt_chunk:186/245 scored_loss:3.8222"}
{"event": "ttt", "time": 1791044717.054, "msg": "ttt_chunk:187/245 scored_loss:3.8204"}
{"event": "ttt", "time": 1791044717.19, "msg": "ttt_chunk:188/245 scored_loss:3.6034"}
{"event": "ttt", "time": 1791044717.327, "msg": "ttt_chunk:189/245 scored_loss:3.5903"}
{"event": "ttt", "time": 1791044717.463, "msg": "ttt_chunk:190/245 scored_loss:3.5777"}
{"event": "ttt", "time": 1791044717.6, "msg": "ttt_chunk:191/245 scored_loss:3.6347"}
{"event": "ttt", "time": 1791044717.736, "msg": "ttt_chunk:192/245 scored_loss:3.7500"}
{"event": "ttt", "time": 1791044717.873, "msg": "ttt_chunk:193/245 scored_loss:3.5298"}
{"event": "ttt", "time": 1791044718.009, "msg": "ttt_chunk:194/245 scored_loss:3.4919"}
{"event": "ttt", "time": 1791044718.147, "msg": "ttt_chunk:195/245 scored_loss:3.4392"}
{"event": "ttt", "time": 1791044718.285, "msg": "ttt_chunk:196/245 scored_loss:3.6836"}
{"event": "ttt", "time": 1791044718.422, "msg": "ttt_chunk:197/245 scored_loss:3.6012"}
{"event": "ttt", "time": 1791044718.561, "msg": "ttt_chunk:198/245 scored_loss:3.5823"}
{"event": "ttt", "time": 1791044718.697, "msg": "ttt_chunk:199/245 scored_loss:3.6524"}
{"event": "ttt", "time": 1791044718.835, "msg": "ttt_chunk:200/245 scored_loss:3.8035"}
{"event": "ttt", "time": 1791044718.973, "msg": "ttt_chunk:201/245 scored_loss:3.6857"}
{"event": "ttt", "time": 1791044719.11, "msg": "ttt_chunk:202/245 scored_loss:3.4090"}
{"event": "ttt", "time": 1791044719.248, "msg": "ttt_chunk:203/245 scored_loss:3.8294"}
{"event": "ttt", "time": 1791044719.386, "msg": "ttt_chunk:204/245 scored_loss:3.6354"}
{"event": "ttt", "time": 1791044719.523, "msg": "ttt_chunk:205/245 scored_loss:3.6809"}
{"event": "ttt", "time": 1791044719.66, "msg": "ttt_chunk:206/245 scored_loss:3.4942"}
{"event": "ttt", "time": 1791044719.798, "msg": "ttt_chunk:207/245 scored_loss:3.2865"}
{"event": "ttt", "time": 1791044719.935, "msg": "ttt_chunk:208/245 scored_loss:3.4207"}
{"event": "ttt", "time": 1791044720.072, "msg": "ttt_chunk:209/245 scored_loss:3.5954"}
{"event": "ttt", "time": 1791044720.209, "msg": "ttt_chunk:210/245 scored_loss:3.6034"}
{"event": "ttt", "time": 1791044720.345, "msg": "ttt_chunk:211/245 scored_loss:3.8138"}
{"event": "ttt", "time": 1791044720.482, "msg": "ttt_chunk:212/245 scored_loss:3.6426"}
{"event": "ttt", "time": 1791044720.618, "msg": "ttt_chunk:213/245 scored_loss:3.6127"}
{"event": "ttt", "time": 1791044720.754, "msg": "ttt_chunk:214/245 scored_loss:3.4029"}
{"event": "ttt", "time": 1791044720.901, "msg": "ttt_chunk:215/245 scored_loss:3.7732"}
{"event": "ttt", "time": 1791044721.038, "msg": "ttt_chunk:216/245 scored_loss:3.7492"}
{"event": "ttt", "time": 1791044721.175, "msg": "ttt_chunk:217/245 scored_loss:3.7685"}
{"event": "ttt", "time": 1791044721.312, "msg": "ttt_chunk:218/245 scored_loss:3.8536"}
{"event": "ttt", "time": 1791044721.449, "msg": "ttt_chunk:219/245 scored_loss:3.8340"}
{"event": "ttt", "time": 1791044721.588, "msg": "ttt_chunk:220/245 scored_loss:3.7032"}
{"event": "ttt", "time": 1791044721.724, "msg": "ttt_chunk:221/245 scored_loss:3.7207"}
{"event": "ttt", "time": 1791044721.862, "msg": "ttt_chunk:222/245 scored_loss:3.4770"}
{"event": "ttt", "time": 1791044721.999, "msg": "ttt_chunk:223/245 scored_loss:3.6168"}
{"event": "ttt", "time": 1791044722.137, "msg": "ttt_chunk:224/245 scored_loss:3.5642"}
{"event": "ttt", "time": 1791044722.275, "msg": "ttt_chunk:225/245 scored_loss:3.7006"}
{"event": "ttt", "time": 1791044722.413, "msg": "ttt_chunk:226/245 scored_loss:3.6682"}
{"event": "ttt", "time": 1791044722.551, "msg": "ttt_chunk:227/245 scored_loss:3.6833"}
{"event": "ttt", "time": 1791044722.688, "msg": "ttt_chunk:228/245 scored_loss:3.7359"}
{"event": "ttt", "time": 1791044722.824, "msg": "ttt_chunk:229/245 scored_loss:3.4729"}
{"event": "ttt", "time": 1791044722.963, "msg": "ttt_chunk:230/245 scored_loss:3.4821"}
{"event": "ttt", "time": 1791044723.1, "msg": "ttt_chunk:231/245 scored_loss:3.6391"}
{"event": "ttt", "time": 1791044723.238, "msg": "ttt_chunk:232/245 scored_loss:3.4789"}
{"event": "ttt", "time": 1791044723.374, "msg": "ttt_chunk:233/245 scored_loss:3.3964"}
{"event": "ttt", "time": 1791044723.511, "msg": "ttt_chunk:234/245 scored_loss:3.5045"}
{"event": "ttt", "time": 1791044723.647, "msg": "ttt_chunk:235/245 scored_loss:3.7388"}
{"event": "ttt", "time": 1791044723.785, "msg": "ttt_chunk:236/245 scored_loss:3.5057"}
{"event": "ttt", "time": 1791044723.923, "msg": "ttt_chunk:237/245 scored_loss:3.3642"}
{"event": "ttt", "time": 1791044724.06, "msg": "ttt_chunk:238/245 scored_loss:3.5998"}
{"event": "ttt", "time": 1791044724.197, "msg": "ttt_chunk:239/245 scored_loss:3.8409"}
{"event": "ttt", "time": 1791044724.335, "msg": "ttt_chunk:240/245 scored_loss:3.7010"}
{"event": "ttt", "time": 1791044724.473, "msg": "ttt_chunk:241/245 scored_loss:3.6781"}
{"event": "ttt", "time": 1791044724.611, "msg": "ttt_chunk:242/245 scored_loss:3.7616"}
{"event": "ttt", "time": 1791044724.749, "msg": "ttt_chunk:243/245 scored_loss:3.6054"}
{"event": "ttt", "time": 1791044724.887, "msg": "ttt_chunk:244/245 scored_loss:3.5395"}
{"event": "ttt", "time": 1791044724.972, "msg": "ttt_chunk:245/245 scored_loss:3.5472"}
{"event": "eval_ttt", "time": 1791044724.973, "val_loss": 3.61059, "val_bpb": 2.16353}
{"event": "artifact", "time": 1791044725.008, "path": "artifacts\\gpu_Full_int6_asdclip_s4242_submission.tar.gz", "bytes": 603350}
{"event": "done", "time": 1791044725.009, "train_time_s": 24.8}
