{"event": "start", "time": 1791044727.956, "run_id": "gpu_Full_int6_asdclip_s555", "seed": 555, "device": "cuda:0", "world_size": 1, "python": "3.11.6", "torch": "2.11.0+cu128"}
{"event": "model", "time": 1791044730.004, "params": 822680, "virtual_layers": 8, "parallel_residual": true, "depth_recurrence": true}
{"event": "train", "time": 1791044733.443, "step": 1, "loss": 6.96032, "lr_scale": 1.0, "elapsed_s": 3.43}
{"event": "train", "time": 1791044734.235, "step": 2, "loss": 6.91133, "lr_scale": 1.0, "elapsed_s": 4.23}
{"event": "train", "time": 1791044734.295, "step": 3, "loss": 6.47234, "lr_scale": 1.0, "elapsed_s": 4.29}
{"event": "train", "time": 1791044734.353, "step": 4, "loss": 6.00556, "lr_scale": 1.0, "elapsed_s": 4.34}
{"event": "train", "time": 1791044734.412, "step": 5, "loss": 5.90065, "lr_scale": 1.0, "elapsed_s": 4.4}
{"event": "train", "time": 1791044739.289, "step": 100, "loss": 4.33312, "lr_scale": 1.0, "elapsed_s": 9.28}
{"event": "train", "time": 1791044744.418, "step": 200, "loss": 4.04544, "lr_scale": 1.0, "elapsed_s": 14.41}
{"event": "train", "time": 1791044749.545, "step": 300, "loss": 3.69981, "lr_scale": 0.8417, "elapsed_s": 19.54}
{"event": "train", "time": 1791044754.668, "step": 400, "loss": 3.83345, "lr_scale": 0.0083, "elapsed_s": 24.66}
{"event": "train", "time": 1791044754.719, "step": 401, "loss": 3.2998, "lr_scale": 0.0, "elapsed_s": 24.71}
{"event": "eval_start", "time": 1791044754.725, "val_tokens": 1999872}
{"event": "eval_prequant", "time": 1791044759.142, "val_loss": 3.60088, "val_bpb": 2.15772}
{"event": "quant", "time": 1791044759.763, "scheme": "int6_asdclip", "weight_blob_bytes": 437800, "raw_bytes": 866603, "payload_bytes": 835534, "quant_tensors": 44}
{"event": "eval_postquant", "time": 1791044764.094, "val_loss": 3.69447, "val_bpb": 2.21379}
{"event": "ttt", "time": 1791044764.284, "msg": "ttt_chunk:1/245 scored_loss:3.7159"}
{"event": "ttt", "time": 1791044764.423, "msg": "ttt_chunk:2/245 scored_loss:3.9078"}
{"event": "ttt", "time": 1791044764.56, "msg": "ttt_chunk:3/245 scored_loss:3.7356"}
{"event": "ttt", "time": 1791044764.697, "msg": "ttt_chunk:4/245 scored_loss:3.8378"}
{"event": "ttt", "time": 1791044764.834, "msg": "ttt_chunk:5/245 scored_loss:3.6867"}
{"event": "ttt", "time": 1791044764.972, "msg": "ttt_chunk:6/245 scored_loss:3.5808"}
{"event": "ttt", "time": 1791044765.11, "msg": "ttt_chunk:7/245 scored_loss:3.5267"}
{"event": "ttt", "time": 1791044765.247, "msg": "ttt_chunk:8/245 scored_loss:3.7711"}
{"event": "ttt", "time": 1791044765.383, "msg": "ttt_chunk:9/245 scored_loss:3.5348"}
{"event": "ttt", "time": 1791044765.518, "msg": "ttt_chunk:10/245 scored_loss:3.5500"}
{"event": "ttt", "time": 1791044765.656, "msg": "ttt_chunk:11/245 scored_loss:3.6092"}
{"event": "ttt", "time": 1791044765.791, "msg": "ttt_chunk:12/245 scored_loss:3.8153"}
{"event": "ttt", "time": 1791044765.928, "msg": "ttt_chunk:13/245 scored_loss:3.7163"}
{"event": "ttt", "time": 1791044766.065, "msg": "ttt_chunk:14/245 scored_loss:3.6207"}
{"event": "ttt", "time": 1791044766.204, "msg": "ttt_chunk:15/245 scored_loss:3.6373"}
{"event": "ttt", "time": 1791044766.342, "msg": "ttt_chunk:16/245 scored_loss:3.7156"}
{"event": "ttt", "time": 1791044766.48, "msg": "ttt_chunk:17/245 scored_loss:3.6306"}
{"event": "ttt", "time": 1791044766.618, "msg": "ttt_chunk:18/245 scored_loss:3.5179"}
{"event": "ttt", "time": 1791044766.754, "msg": "ttt_chunk:19/245 scored_loss:3.5788"}
{"event": "ttt", "time": 1791044766.892, "msg": "ttt_chunk:20/245 scored_loss:3.6646"}
{"event": "ttt", "time": 1791044767.03, "msg": "ttt_chunk:21/245 scored_loss:3.4851"}
{"event": "ttt", "time": 1791044767.166, "msg": "ttt_chunk:22/245 scored_loss:3.4336"}
{"event": "ttt", "time": 1791044767.304, "msg": "ttt_chunk:23/245 scored_loss:3.6825"}
{"event": "ttt", "time": 1791044767.441, "msg": "ttt_chunk:24/245 scored_loss:3.6475"}
{"event": "ttt", "time": 1791044767.579, "msg": "ttt_chunk:25/245 scored_loss:3.5814"}
{"event": "ttt", "time": 1791044767.717, "msg": "ttt_chunk:26/245 scored_loss:3.5610"}
{"event": "ttt", "time": 1791044767.854, "msg": "ttt_chunk:27/245 scored_loss:3.3706"}
{"event": "ttt", "time": 1791044767.991, "msg": "ttt_chunk:28/245 scored_loss:3.7071"}
{"event": "ttt", "time": 1791044768.127, "msg": "ttt_chunk:29/245 scored_loss:3.6237"}
{"event": "ttt", "time": 1791044768.264, "msg": "ttt_chunk:30/245 scored_loss:3.5454"}
{"event": "ttt", "time": 1791044768.401, "msg": "ttt_chunk:31/245 scored_loss:3.5910"}
{"event": "ttt", "time": 1791044768.537, "msg": "ttt_chunk:32/245 scored_loss:3.5823"}
{"event": "ttt", "time": 1791044768.673, "msg": "ttt_chunk:33/245 scored_loss:3.7201"}
{"event": "ttt", "time": 1791044768.81, "msg": "ttt_chunk:34/245 scored_loss:3.4974"}
{"event": "ttt", "time": 1791044768.946, "msg": "ttt_chunk:35/245 scored_loss:3.6878"}
{"event": "ttt", "time": 1791044769.084, "msg": "ttt_chunk:36/245 scored_loss:3.6282"}
{"event": "ttt", "time": 1791044769.221, "msg": "ttt_chunk:37/245 scored_loss:3.6529"}
{"event": "ttt", "time": 1791044769.358, "msg": "ttt_chunk:38/245 scored_loss:3.4353"}
{"event": "ttt", "time": 1791044769.495, "msg": "ttt_chunk:39/245 scored_loss:3.6793"}
{"event": "ttt", "time": 1791044769.632, "msg": "ttt_chunk:40/245 scored_loss:3.7651"}
{"event": "ttt", "time": 1791044769.77, "msg": "ttt_chunk:41/245 scored_loss:3.7197"}
{"event": "ttt", "time": 1791044769.907, "msg": "ttt_chunk:42/245 scored_loss:3.6081"}
{"event": "ttt", "time": 1791044770.045, "msg": "ttt_chunk:43/245 scored_loss:3.6146"}
{"event": "ttt", "time": 1791044770.183, "msg": "ttt_chunk:44/245 scored_loss:3.5390"}
{"event": "ttt", "time": 1791044770.321, "msg": "ttt_chunk:45/245 scored_loss:3.2691"}
{"event": "ttt", "time": 1791044770.458, "msg": "ttt_chunk:46/245 scored_loss:3.2561"}
{"event": "ttt", "time": 1791044770.596, "msg": "ttt_chunk:47/245 scored_loss:3.4781"}
{"event": "ttt", "time": 1791044770.733, "msg": "ttt_chunk:48/245 scored_loss:3.7073"}
{"event": "ttt", "time": 1791044770.87, "msg": "ttt_chunk:49/245 scored_loss:3.7249"}
{"event": "ttt", "time": 1791044771.007, "msg": "ttt_chunk:50/245 scored_loss:3.5971"}
{"event": "ttt", "time": 1791044771.144, "msg": "ttt_chunk:51/245 scored_loss:3.6993"}
{"event": "ttt", "time": 1791044771.281, "msg": "ttt_chunk:52/245 scored_loss:3.4172"}
{"event": "ttt", "time": 1791044771.417, "msg": "ttt_chunk:53/245 scored_loss:3.6202"}
{"event": "ttt", "time": 1791044771.553, "msg": "ttt_chunk:54/245 scored_loss:3.4793"}
{"event": "ttt", "time": 1791044771.689, "msg": "ttt_chunk:55/245 scored_loss:3.5905"}
{"event": "ttt", "time": 1791044771.825, "msg": "ttt_chunk:56/245 scored_loss:3.7147"}
{"event": "ttt", "time": 1791044771.96, "msg": "ttt_chunk:57/245 scored_loss:3.5671"}
{"event": "ttt", "time": 1791044772.096, "msg": "ttt_chunk:58/245 scored_loss:3.4920"}
{"event": "ttt", "time": 1791044772.234, "msg": "ttt_chunk:59/245 scored_loss:3.6288"}
{"event": "ttt", "time": 1791044772.371, "msg": "ttt_chunk:60/245 scored_loss:3.6914"}
{"event": "ttt", "time": 1791044772.509, "msg": "ttt_chunk:61/245 scored_loss:3.5824"}
{"event": "ttt", "time": 1791044772.646, "msg": "ttt_chunk:62/245 scored_loss:3.6281"}
{"event": "ttt", "time": 1791044772.783, "msg": "ttt_chunk:63/245 scored_loss:3.6521"}
{"event": "ttt", "time": 1791044772.92, "msg": "ttt_chunk:64/245 scored_loss:3.6101"}
{"event": "ttt", "time": 1791044773.058, "msg": "ttt_chunk:65/245 scored_loss:3.6788"}
{"event": "ttt", "time": 1791044773.195, "msg": "ttt_chunk:66/245 scored_loss:3.6482"}
{"event": "ttt", "time": 1791044773.331, "msg": "ttt_chunk:67/245 scored_loss:3.6496"}
{"event": "ttt", "time": 1791044773.469, "msg": "ttt_chunk:68/245 scored_loss:3.8180"}
{"event": "ttt", "time": 1791044773.605, "msg": "ttt_chunk:69/245 scored_loss:3.6301"}
{"event": "ttt", "time": 1791044773.743, "msg": "ttt_chunk:70/245 scored_loss:3.6860"}
{"event": "ttt", "time": 1791044773.881, "msg": "ttt_chunk:71/245 scored_loss:3.7317"}
{"event": "ttt", "time": 1791044774.018, "msg": "ttt_chunk:72/245 scored_loss:3.7348"}
{"event": "ttt", "time": 1791044774.155, "msg": "ttt_chunk:73/245 scored_loss:3.5590"}
{"event": "ttt", "time": 1791044774.291, "msg": "ttt_chunk:74/245 scored_loss:3.5023"}
{"event": "ttt", "time": 1791044774.428, "msg": "ttt_chunk:75/245 scored_loss:3.5425"}
{"event": "ttt", "time": 1791044774.564, "msg": "ttt_chunk:76/245 scored_loss:3.5041"}
{"event": "ttt", "time": 1791044774.702, "msg": "ttt_chunk:77/245 scored_loss:3.4087"}
{"event": "ttt", "time": 1791044774.837, "msg": "ttt_chunk:78/245 scored_loss:3.7718"}
{"event": "ttt", "time": 1791044774.973, "msg": "ttt_chunk:79/245 scored_loss:3.4253"}
{"event": "ttt", "time": 1791044775.112, "msg": "ttt_chunk:80/245 scored_loss:3.5317"}
{"event": "ttt", "time": 1791044775.248, "msg": "ttt_chunk:81/245 scored_loss:3.3544"}
{"event": "ttt", "time": 1791044775.385, "msg": "ttt_chunk:82/245 scored_loss:3.6096"}
{"event": "ttt", "time": 1791044775.523, "msg": "ttt_chunk:83/245 scored_loss:3.6705"}
{"event": "ttt", "time": 1791044775.66, "msg": "ttt_chunk:84/245 scored_loss:3.4605"}
{"event": "ttt", "time": 1791044775.798, "msg": "ttt_chunk:85/245 scored_loss:3.4780"}
{"event": "ttt", "time": 1791044775.934, "msg": "ttt_chunk:86/245 scored_loss:3.5948"}
{"event": "ttt", "time": 1791044776.072, "msg": "ttt_chunk:87/245 scored_loss:4.3101"}
{"event": "ttt", "time": 1791044776.211, "msg": "ttt_chunk:88/245 scored_loss:3.2669"}
{"event": "ttt", "time": 1791044776.348, "msg": "ttt_chunk:89/245 scored_loss:3.3584"}
{"event": "ttt", "time": 1791044776.485, "msg": "ttt_chunk:90/245 scored_loss:3.7324"}
{"event": "ttt", "time": 1791044776.623, "msg": "ttt_chunk:91/245 scored_loss:3.6011"}
{"event": "ttt", "time": 1791044776.761, "msg": "ttt_chunk:92/245 scored_loss:3.7947"}
{"event": "ttt", "time": 1791044776.897, "msg": "ttt_chunk:93/245 scored_loss:3.5711"}
{"event": "ttt", "time": 1791044777.035, "msg": "ttt_chunk:94/245 scored_loss:3.6227"}
{"event": "ttt", "time": 1791044777.171, "msg": "ttt_chunk:95/245 scored_loss:3.5358"}
{"event": "ttt", "time": 1791044777.308, "msg": "ttt_chunk:96/245 scored_loss:3.6380"}
{"event": "ttt", "time": 1791044777.444, "msg": "ttt_chunk:97/245 scored_loss:3.8238"}
{"event": "ttt", "time": 1791044777.582, "msg": "ttt_chunk:98/245 scored_loss:3.6207"}
{"event": "ttt", "time": 1791044777.718, "msg": "ttt_chunk:99/245 scored_loss:3.5220"}
{"event": "ttt", "time": 1791044777.855, "msg": "ttt_chunk:100/245 scored_loss:3.3746"}
{"event": "ttt", "time": 1791044777.991, "msg": "ttt_chunk:101/245 scored_loss:3.4579"}
{"event": "ttt", "time": 1791044778.126, "msg": "ttt_chunk:102/245 scored_loss:3.5172"}
{"event": "ttt", "time": 1791044778.264, "msg": "ttt_chunk:103/245 scored_loss:3.5711"}
{"event": "ttt", "time": 1791044778.401, "msg": "ttt_chunk:104/245 scored_loss:3.4176"}
{"event": "ttt", "time": 1791044778.54, "msg": "ttt_chunk:105/245 scored_loss:3.4316"}
{"event": "ttt", "time": 1791044778.678, "msg": "ttt_chunk:106/245 scored_loss:3.8450"}
{"event": "ttt", "time": 1791044778.815, "msg": "ttt_chunk:107/245 scored_loss:3.7083"}
{"event": "ttt", "time": 1791044778.952, "msg": "ttt_chunk:108/245 scored_loss:3.5471"}
{"event": "ttt", "time": 1791044779.089, "msg": "ttt_chunk:109/245 scored_loss:3.5485"}
{"event": "ttt", "time": 1791044779.228, "msg": "ttt_chunk:110/245 scored_loss:3.7787"}
{"event": "ttt", "time": 1791044779.365, "msg": "ttt_chunk:111/245 scored_loss:3.6424"}
{"event": "ttt", "time": 1791044779.503, "msg": "ttt_chunk:112/245 scored_loss:3.6152"}
{"event": "ttt", "time": 1791044779.64, "msg": "ttt_chunk:113/245 scored_loss:3.5195"}
{"event": "ttt", "time": 1791044779.778, "msg": "ttt_chunk:114/245 scored_loss:3.6193"}
{"event": "ttt", "time": 1791044779.915, "msg": "ttt_chunk:115/245 scored_loss:3.7062"}
{"event": "ttt", "time": 1791044780.053, "msg": "ttt_chunk:116/245 scored_loss:3.6899"}
{"event": "ttt", "time": 1791044780.189, "msg": "ttt_chunk:117/245 scored_loss:4.1091"}
{"event": "ttt", "time": 1791044780.325, "msg": "ttt_chunk:118/245 scored_loss:3.8134"}
{"event": "ttt", "time": 1791044780.461, "msg": "ttt_chunk:119/245 scored_loss:4.0883"}
{"event": "ttt", "time": 1791044780.597, "msg": "ttt_chunk:120/245 scored_loss:3.6659"}
{"event": "ttt", "time": 1791044780.733, "msg": "ttt_chunk:121/245 scored_loss:3.5486"}
{"event": "ttt", "time": 1791044780.869, "msg": "ttt_chunk:122/245 scored_loss:3.4031"}
{"event": "ttt", "time": 1791044781.005, "msg": "ttt_chunk:123/245 scored_loss:3.6382"}
{"event": "ttt", "time": 1791044781.143, "msg": "ttt_chunk:124/245 scored_loss:3.3737"}
{"event": "ttt", "time": 1791044781.281, "msg": "ttt_chunk:125/245 scored_loss:3.5270"}
{"event": "ttt", "time": 1791044781.418, "msg": "ttt_chunk:126/245 scored_loss:3.6384"}
{"event": "ttt", "time": 1791044781.555, "msg": "ttt_chunk:127/245 scored_loss:3.5677"}
{"event": "ttt", "time": 1791044781.693, "msg": "ttt_chunk:128/245 scored_loss:3.6443"}
{"event": "ttt", "time": 1791044781.832, "msg": "ttt_chunk:129/245 scored_loss:3.3819"}
{"event": "ttt", "time": 1791044781.969, "msg": "ttt_chunk:130/245 scored_loss:3.4463"}
{"event": "ttt", "time": 1791044782.106, "msg": "ttt_chunk:131/245 scored_loss:3.6981"}
{"event": "ttt", "time": 1791044782.244, "msg": "ttt_chunk:132/245 scored_loss:3.6496"}
{"event": "ttt", "time": 1791044782.382, "msg": "ttt_chunk:133/245 scored_loss:3.4473"}
{"event": "ttt", "time": 1791044782.52, "msg": "ttt_chunk:134/245 scored_loss:3.6041"}
{"event": "ttt", "time": 1791044782.658, "msg": "ttt_chunk:135/245 scored_loss:3.5483"}
{"event": "ttt", "time": 1791044782.796, "msg": "ttt_chunk:136/245 scored_loss:3.5314"}
{"event": "ttt", "time": 1791044782.934, "msg": "ttt_chunk:137/245 scored_loss:3.4684"}
{"event": "ttt", "time": 1791044783.071, "msg": "ttt_chunk:138/245 scored_loss:3.6038"}
{"event": "ttt", "time": 1791044783.206, "msg": "ttt_chunk:139/245 scored_loss:3.4489"}
{"event": "ttt", "time": 1791044783.345, "msg": "ttt_chunk:140/245 scored_loss:3.5220"}
{"event": "ttt", "time": 1791044783.48, "msg": "ttt_chunk:141/245 scored_loss:3.5382"}
{"event": "ttt", "time": 1791044783.617, "msg": "ttt_chunk:142/245 scored_loss:3.6360"}
{"event": "ttt", "time": 1791044783.752, "msg": "ttt_chunk:143/245 scored_loss:3.6530"}
{"event": "ttt", "time": 1791044783.888, "msg": "ttt_chunk:144/245 scored_loss:3.6873"}
{"event": "ttt", "time": 1791044784.025, "msg": "ttt_chunk:145/245 scored_loss:3.6122"}
{"event": "ttt", "time": 1791044784.163, "msg": "ttt_chunk:146/245 scored_loss:3.5861"}
{"event": "ttt", "time": 1791044784.3, "msg": "ttt_chunk:147/245 scored_loss:3.7836"}
{"event": "ttt", "time": 1791044784.438, "msg": "ttt_chunk:148/245 scored_loss:3.8562"}
{"event": "ttt", "time": 1791044784.576, "msg": "ttt_chunk:149/245 scored_loss:3.8768"}
{"event": "ttt", "time": 1791044784.713, "msg": "ttt_chunk:150/245 scored_loss:3.7819"}
{"event": "ttt", "time": 1791044784.85, "msg": "ttt_chunk:151/245 scored_loss:3.4217"}
{"event": "ttt", "time": 1791044784.988, "msg": "ttt_chunk:152/245 scored_loss:3.5471"}
{"event": "ttt", "time": 1791044785.125, "msg": "ttt_chunk:153/245 scored_loss:3.4249"}
{"event": "ttt", "time": 1791044785.262, "msg": "ttt_chunk:154/245 scored_loss:3.6840"}
{"event": "ttt", "time": 1791044785.401, "msg": "ttt_chunk:155/245 scored_loss:3.6119"}
{"event": "ttt", "time": 1791044785.538, "msg": "ttt_chunk:156/245 scored_loss:3.5588"}
{"event": "ttt", "time": 1791044785.675, "msg": "ttt_chunk:157/245 scored_loss:3.7762"}
{"event": "ttt", "time": 1791044785.813, "msg": "ttt_chunk:158/245 scored_loss:3.7055"}
{"event": "ttt", "time": 1791044785.95, "msg": "ttt_chunk:159/245 scored_loss:3.5547"}
{"event": "ttt", "time": 1791044786.087, "msg": "ttt_chunk:160/245 scored_loss:3.6118"}
{"event": "ttt", "time": 1791044786.224, "msg": "ttt_chunk:161/245 scored_loss:3.5458"}
{"event": "ttt", "time": 1791044786.36, "msg": "ttt_chunk:162/245 scored_loss:3.6552"}
{"event": "ttt", "time": 1791044786.499, "msg": "ttt_chunk:163/245 scored_loss:3.6554"}
{"event": "ttt", "time": 1791044786.635, "msg": "ttt_chunk:164/245 scored_loss:3.4496"}
{"event": "ttt", "time": 1791044786.772, "msg": "ttt_chunk:165/245 scored_loss:3.4492"}
{"event": "ttt", "time": 1791044786.908, "msg": "ttt_chunk:166/245 scored_loss:3.7503"}
{"event": "ttt", "time": 1791044787.044, "msg": "ttt_chunk:167/245 scored_loss:3.6648"}
{"event": "ttt", "time": 1791044787.181, "msg": "ttt_chunk:168/245 scored_loss:3.6274"}
{"event": "ttt", "time": 1791044787.319, "msg": "ttt_chunk:169/245 scored_loss:3.6739"}
{"event": "ttt", "time": 1791044787.458, "msg": "ttt_chunk:170/245 scored_loss:3.6926"}
{"event": "ttt", "time": 1791044787.596, "msg": "ttt_chunk:171/245 scored_loss:3.6428"}
{"event": "ttt", "time": 1791044787.734, "msg": "ttt_chunk:172/245 scored_loss:3.4687"}
{"event": "ttt", "time": 1791044787.87, "msg": "ttt_chunk:173/245 scored_loss:3.4816"}
{"event": "ttt", "time": 1791044788.008, "msg": "ttt_chunk:174/245 scored_loss:3.7421"}
{"event": "ttt", "time": 1791044788.146, "msg": "ttt_chunk:175/245 scored_loss:3.7523"}
{"event": "ttt", "time": 1791044788.283, "msg": "ttt_chunk:176/245 scored_loss:3.4772"}
{"event": "ttt", "time": 1791044788.421, "msg": "ttt_chunk:177/245 scored_loss:3.5846"}
{"event": "ttt", "time": 1791044788.558, "msg": "ttt_chunk:178/245 scored_loss:3.6139"}
{"event": "ttt", "time": 1791044788.696, "msg": "ttt_chunk:179/245 scored_loss:3.3163"}
{"event": "ttt", "time": 1791044788.834, "msg": "ttt_chunk:180/245 scored_loss:3.5329"}
{"event": "ttt", "time": 1791044788.97, "msg": "ttt_chunk:181/245 scored_loss:3.5371"}
{"event": "ttt", "time": 1791044789.108, "msg": "ttt_chunk:182/245 scored_loss:3.5069"}
{"event": "ttt", "time": 1791044789.243, "msg": "ttt_chunk:183/245 scored_loss:3.5562"}
{"event": "ttt", "time": 1791044789.38, "msg": "ttt_chunk:184/245 scored_loss:3.6294"}
{"event": "ttt", "time": 1791044789.516, "msg": "ttt_chunk:185/245 scored_loss:3.6375"}
{"event": "ttt", "time": 1791044789.652, "msg": "ttt_chunk:186/245 scored_loss:3.8059"}
{"event": "ttt", "time": 1791044789.789, "msg": "ttt_chunk:187/245 scored_loss:3.8038"}
{"event": "ttt", "time": 1791044789.926, "msg": "ttt_chunk:188/245 scored_loss:3.6120"}
{"event": "ttt", "time": 1791044790.064, "msg": "ttt_chunk:189/245 scored_loss:3.5829"}
{"event": "ttt", "time": 1791044790.201, "msg": "ttt_chunk:190/245 scored_loss:3.5608"}
{"event": "ttt", "time": 1791044790.338, "msg": "ttt_chunk:191/245 scored_loss:3.6518"}
{"event": "ttt", "time": 1791044790.475, "msg": "ttt_chunk:192/245 scored_loss:3.7363"}
{"event": "ttt", "time": 1791044790.613, "msg": "ttt_chunk:193/245 scored_loss:3.5316"}
{"event": "ttt", "time": 1791044790.75, "msg": "ttt_chunk:194/245 scored_loss:3.5085"}
{"event": "ttt", "time": 1791044790.888, "msg": "ttt_chunk:195/245 scored_loss:3.4389"}
{"event": "ttt", "time": 1791044791.027, "msg": "ttt_chunk:196/245 scored_loss:3.6856"}
{"event": "ttt", "time": 1791044791.163, "msg": "ttt_chunk:197/245 scored_loss:3.5984"}
{"event": "ttt", "time": 1791044791.3, "msg": "ttt_chunk:198/245 scored_loss:3.5900"}
{"event": "ttt", "time": 1791044791.437, "msg": "ttt_chunk:199/245 scored_loss:3.6558"}
{"event": "ttt", "time": 1791044791.575, "msg": "ttt_chunk:200/245 scored_loss:3.8086"}
{"event": "ttt", "time": 1791044791.713, "msg": "ttt_chunk:201/245 scored_loss:3.6988"}
{"event": "ttt", "time": 1791044791.851, "msg": "ttt_chunk:202/245 scored_loss:3.4193"}
{"event": "ttt", "time": 1791044791.987, "msg": "ttt_chunk:203/245 scored_loss:3.8190"}
{"event": "ttt", "time": 1791044792.125, "msg": "ttt_chunk:204/245 scored_loss:3.6253"}
{"event": "ttt", "time": 1791044792.261, "msg": "ttt_chunk:205/245 scored_loss:3.6744"}
{"event": "ttt", "time": 1791044792.397, "msg": "ttt_chunk:206/245 scored_loss:3.5144"}
{"event": "ttt", "time": 1791044792.535, "msg": "ttt_chunk:207/245 scored_loss:3.2656"}
{"event": "ttt", "time": 1791044792.673, "msg": "ttt_chunk:208/245 scored_loss:3.4392"}
{"event": "ttt", "time": 1791044792.808, "msg": "ttt_chunk:209/245 scored_loss:3.6047"}
{"event": "ttt", "time": 1791044792.944, "msg": "ttt_chunk:210/245 scored_loss:3.5957"}
{"event": "ttt", "time": 1791044793.082, "msg": "ttt_chunk:211/245 scored_loss:3.7941"}
{"event": "ttt", "time": 1791044793.219, "msg": "ttt_chunk:212/245 scored_loss:3.6281"}
{"event": "ttt", "time": 1791044793.357, "msg": "ttt_chunk:213/245 scored_loss:3.6365"}
{"event": "ttt", "time": 1791044793.494, "msg": "ttt_chunk:214/245 scored_loss:3.3997"}
{"event": "ttt", "time": 1791044793.631, "msg": "ttt_chunk:215/245 scored_loss:3.7658"}
{"event": "ttt", "time": 1791044793.769, "msg": "ttt_chunk:216/245 scored_loss:3.7487"}
{"event": "ttt", "time": 1791044793.906, "msg": "ttt_chunk:217/245 scored_loss:3.7536"}
{"event": "ttt", "time": 1791044794.044, "msg": "ttt_chunk:218/245 scored_loss:3.8400"}
{"event": "ttt", "time": 1791044794.182, "msg": "ttt_chunk:219/245 scored_loss:3.8280"}
{"event": "ttt", "time": 1791044794.319, "msg": "ttt_chunk:220/245 scored_loss:3.6936"}
{"event": "ttt", "time": 1791044794.457, "msg": "ttt_chunk:221/245 scored_loss:3.7366"}
{"event": "ttt", "time": 1791044794.594, "msg": "ttt_chunk:222/245 scored_loss:3.4557"}
{"event": "ttt", "time": 1791044794.731, "msg": "ttt_chunk:223/245 scored_loss:3.6430"}
{"event": "ttt", "time": 1791044794.868, "msg": "ttt_chunk:224/245 scored_loss:3.5662"}
{"event": "ttt", "time": 1791044795.006, "msg": "ttt_chunk:225/245 scored_loss:3.7098"}
{"event": "ttt", "time": 1791044795.144, "msg": "ttt_chunk:226/245 scored_loss:3.6601"}
{"event": "ttt", "time": 1791044795.28, "msg": "ttt_chunk:227/245 scored_loss:3.6817"}
{"event": "ttt", "time": 1791044795.416, "msg": "ttt_chunk:228/245 scored_loss:3.7436"}
{"event": "ttt", "time": 1791044795.552, "msg": "ttt_chunk:229/245 scored_loss:3.5006"}
{"event": "ttt", "time": 1791044795.69, "msg": "ttt_chunk:230/245 scored_loss:3.5089"}
{"event": "ttt", "time": 1791044795.825, "msg": "ttt_chunk:231/245 scored_loss:3.6293"}
{"event": "ttt", "time": 1791044795.961, "msg": "ttt_chunk:232/245 scored_loss:3.4554"}
{"event": "ttt", "time": 1791044796.098, "msg": "ttt_chunk:233/245 scored_loss:3.4104"}
{"event": "ttt", "time": 1791044796.235, "msg": "ttt_chunk:234/245 scored_loss:3.5096"}
{"event": "ttt", "time": 1791044796.373, "msg": "ttt_chunk:235/245 scored_loss:3.7371"}
{"event": "ttt", "time": 1791044796.51, "msg": "ttt_chunk:236/245 scored_loss:3.5031"}
{"event": "ttt", "time": 1791044796.648, "msg": "ttt_chunk:237/245 scored_loss:3.3787"}
{"event": "ttt", "time": 1791044796.786, "msg": "ttt_chunk:238/245 scored_loss:3.5918"}
{"event": "ttt", "time": 1791044796.923, "msg": "ttt_chunk:239/245 scored_loss:3.8369"}
{"event": "ttt", "time": 1791044797.06, "msg": "ttt_chunk:240/245 scored_loss:3.7043"}
{"event": "ttt", "time": 1791044797.2, "msg": "ttt_chunk:241/245 scored_loss:3.6843"}
{"event": "ttt", "time": 1791044797.338, "msg": "ttt_chunk:242/245 scored_loss:3.7388"}
{"event": "ttt", "time": 1791044797.476, "msg": "ttt_chunk:243/245 scored_loss:3.5956"}
{"event": "ttt", "time": 1791044797.613, "msg": "ttt_chunk:244/245 scored_loss:3.5576"}
{"event": "ttt", "time": 1791044797.704, "msg": "ttt_chunk:245/245 scored_loss:3.5536"}
{"event": "eval_ttt", "time": 1791044797.705, "val_loss": 3.61173, "val_bpb": 2.16422}
{"event": "artifact", "time": 1791044797.737, "path": "artifacts\\gpu_Full_int6_asdclip_s555_submission.tar.gz", "bytes": 603557}
{"event": "done", "time": 1791044797.738, "train_time_s": 24.71}
