{"event": "start", "time": 1791045019.498, "run_id": "gpu_Full_int6_asdclip_s1234", "seed": 1234, "device": "cuda:0", "world_size": 1, "python": "3.11.6", "torch": "2.11.0+cu128"}
{"event": "model", "time": 1791045021.526, "params": 822680, "virtual_layers": 8, "parallel_residual": true, "depth_recurrence": true}
{"event": "train", "time": 1791045024.995, "step": 1, "loss": 6.9646, "lr_scale": 1.0, "elapsed_s": 3.46}
{"event": "train", "time": 1791045025.78, "step": 2, "loss": 6.94114, "lr_scale": 1.0, "elapsed_s": 4.25}
{"event": "train", "time": 1791045025.832, "step": 3, "loss": 6.50063, "lr_scale": 1.0, "elapsed_s": 4.3}
{"event": "train", "time": 1791045025.884, "step": 4, "loss": 5.99941, "lr_scale": 1.0, "elapsed_s": 4.35}
{"event": "train", "time": 1791045025.936, "step": 5, "loss": 5.89199, "lr_scale": 1.0, "elapsed_s": 4.4}
{"event": "train", "time": 1791045030.853, "step": 100, "loss": 4.37778, "lr_scale": 1.0, "elapsed_s": 9.32}
{"event": "train", "time": 1791045036.009, "step": 200, "loss": 4.03236, "lr_scale": 1.0, "elapsed_s": 14.48}
{"event": "train", "time": 1791045041.177, "step": 300, "loss": 3.7083, "lr_scale": 0.8417, "elapsed_s": 19.65}
{"event": "train", "time": 1791045046.328, "step": 400, "loss": 3.84004, "lr_scale": 0.0083, "elapsed_s": 24.8}
{"event": "train", "time": 1791045046.38, "step": 401, "loss": 3.2998, "lr_scale": 0.0, "elapsed_s": 24.85}
{"event": "eval_start", "time": 1791045046.386, "val_tokens": 1999872}
{"event": "eval_prequant", "time": 1791045050.812, "val_loss": 3.60184, "val_bpb": 2.15829}
{"event": "quant", "time": 1791045051.344, "scheme": "int6_asdclip", "weight_blob_bytes": 437611, "raw_bytes": 866603, "payload_bytes": 835534, "quant_tensors": 44}
{"event": "eval_postquant", "time": 1791045055.679, "val_loss": 3.68472, "val_bpb": 2.20795}
{"event": "ttt", "time": 1791045055.872, "msg": "ttt_chunk:1/245 scored_loss:3.7079"}
{"event": "ttt", "time": 1791045056.011, "msg": "ttt_chunk:2/245 scored_loss:3.9323"}
{"event": "ttt", "time": 1791045056.147, "msg": "ttt_chunk:3/245 scored_loss:3.7555"}
{"event": "ttt", "time": 1791045056.283, "msg": "ttt_chunk:4/245 scored_loss:3.8380"}
{"event": "ttt", "time": 1791045056.42, "msg": "ttt_chunk:5/245 scored_loss:3.6949"}
{"event": "ttt", "time": 1791045056.556, "msg": "ttt_chunk:6/245 scored_loss:3.5650"}
{"event": "ttt", "time": 1791045056.691, "msg": "ttt_chunk:7/245 scored_loss:3.5129"}
{"event": "ttt", "time": 1791045056.827, "msg": "ttt_chunk:8/245 scored_loss:3.7517"}
{"event": "ttt", "time": 1791045056.963, "msg": "ttt_chunk:9/245 scored_loss:3.5221"}
{"event": "ttt", "time": 1791045057.1, "msg": "ttt_chunk:10/245 scored_loss:3.5337"}
{"event": "ttt", "time": 1791045057.237, "msg": "ttt_chunk:11/245 scored_loss:3.5701"}
{"event": "ttt", "time": 1791045057.375, "msg": "ttt_chunk:12/245 scored_loss:3.8130"}
{"event": "ttt", "time": 1791045057.513, "msg": "ttt_chunk:13/245 scored_loss:3.7148"}
{"event": "ttt", "time": 1791045057.65, "msg": "ttt_chunk:14/245 scored_loss:3.6306"}
{"event": "ttt", "time": 1791045057.787, "msg": "ttt_chunk:15/245 scored_loss:3.6396"}
{"event": "ttt", "time": 1791045057.923, "msg": "ttt_chunk:16/245 scored_loss:3.7303"}
{"event": "ttt", "time": 1791045058.061, "msg": "ttt_chunk:17/245 scored_loss:3.6307"}
{"event": "ttt", "time": 1791045058.198, "msg": "ttt_chunk:18/245 scored_loss:3.5144"}
{"event": "ttt", "time": 1791045058.336, "msg": "ttt_chunk:19/245 scored_loss:3.5860"}
{"event": "ttt", "time": 1791045058.473, "msg": "ttt_chunk:20/245 scored_loss:3.6565"}
{"event": "ttt", "time": 1791045058.611, "msg": "ttt_chunk:21/245 scored_loss:3.4738"}
{"event": "ttt", "time": 1791045058.748, "msg": "ttt_chunk:22/245 scored_loss:3.4061"}
{"event": "ttt", "time": 1791045058.886, "msg": "ttt_chunk:23/245 scored_loss:3.6813"}
{"event": "ttt", "time": 1791045059.023, "msg": "ttt_chunk:24/245 scored_loss:3.6224"}
{"event": "ttt", "time": 1791045059.159, "msg": "ttt_chunk:25/245 scored_loss:3.5906"}
{"event": "ttt", "time": 1791045059.295, "msg": "ttt_chunk:26/245 scored_loss:3.5722"}
{"event": "ttt", "time": 1791045059.431, "msg": "ttt_chunk:27/245 scored_loss:3.3555"}
{"event": "ttt", "time": 1791045059.568, "msg": "ttt_chunk:28/245 scored_loss:3.6985"}
{"event": "ttt", "time": 1791045059.704, "msg": "ttt_chunk:29/245 scored_loss:3.6088"}
{"event": "ttt", "time": 1791045059.84, "msg": "ttt_chunk:30/245 scored_loss:3.5332"}
{"event": "ttt", "time": 1791045059.978, "msg": "ttt_chunk:31/245 scored_loss:3.6067"}
{"event": "ttt", "time": 1791045060.115, "msg": "ttt_chunk:32/245 scored_loss:3.5694"}
{"event": "ttt", "time": 1791045060.252, "msg": "ttt_chunk:33/245 scored_loss:3.7181"}
{"event": "ttt", "time": 1791045060.389, "msg": "ttt_chunk:34/245 scored_loss:3.4956"}
{"event": "ttt", "time": 1791045060.527, "msg": "ttt_chunk:35/245 scored_loss:3.6996"}
{"event": "ttt", "time": 1791045060.665, "msg": "ttt_chunk:36/245 scored_loss:3.6323"}
{"event": "ttt", "time": 1791045060.803, "msg": "ttt_chunk:37/245 scored_loss:3.6444"}
{"event": "ttt", "time": 1791045060.94, "msg": "ttt_chunk:38/245 scored_loss:3.4092"}
{"event": "ttt", "time": 1791045061.078, "msg": "ttt_chunk:39/245 scored_loss:3.6605"}
{"event": "ttt", "time": 1791045061.216, "msg": "ttt_chunk:40/245 scored_loss:3.7699"}
{"event": "ttt", "time": 1791045061.353, "msg": "ttt_chunk:41/245 scored_loss:3.7165"}
{"event": "ttt", "time": 1791045061.49, "msg": "ttt_chunk:42/245 scored_loss:3.5841"}
{"event": "ttt", "time": 1791045061.628, "msg": "ttt_chunk:43/245 scored_loss:3.6067"}
{"event": "ttt", "time": 1791045061.765, "msg": "ttt_chunk:44/245 scored_loss:3.5410"}
{"event": "ttt", "time": 1791045061.902, "msg": "ttt_chunk:45/245 scored_loss:3.3140"}
{"event": "ttt", "time": 1791045062.04, "msg": "ttt_chunk:46/245 scored_loss:3.3008"}
{"event": "ttt", "time": 1791045062.175, "msg": "ttt_chunk:47/245 scored_loss:3.5087"}
{"event": "ttt", "time": 1791045062.312, "msg": "ttt_chunk:48/245 scored_loss:3.7191"}
{"event": "ttt", "time": 1791045062.448, "msg": "ttt_chunk:49/245 scored_loss:3.6998"}
{"event": "ttt", "time": 1791045062.584, "msg": "ttt_chunk:50/245 scored_loss:3.5991"}
{"event": "ttt", "time": 1791045062.72, "msg": "ttt_chunk:51/245 scored_loss:3.7083"}
{"event": "ttt", "time": 1791045062.857, "msg": "ttt_chunk:52/245 scored_loss:3.4050"}
{"event": "ttt", "time": 1791045062.993, "msg": "ttt_chunk:53/245 scored_loss:3.6076"}
{"event": "ttt", "time": 1791045063.131, "msg": "ttt_chunk:54/245 scored_loss:3.4562"}
{"event": "ttt", "time": 1791045063.269, "msg": "ttt_chunk:55/245 scored_loss:3.5762"}
{"event": "ttt", "time": 1791045063.405, "msg": "ttt_chunk:56/245 scored_loss:3.7228"}
{"event": "ttt", "time": 1791045063.542, "msg": "ttt_chunk:57/245 scored_loss:3.5755"}
{"event": "ttt", "time": 1791045063.68, "msg": "ttt_chunk:58/245 scored_loss:3.4848"}
{"event": "ttt", "time": 1791045063.816, "msg": "ttt_chunk:59/245 scored_loss:3.6310"}
{"event": "ttt", "time": 1791045063.954, "msg": "ttt_chunk:60/245 scored_loss:3.6732"}
{"event": "ttt", "time": 1791045064.09, "msg": "ttt_chunk:61/245 scored_loss:3.5980"}
{"event": "ttt", "time": 1791045064.228, "msg": "ttt_chunk:62/245 scored_loss:3.6339"}
{"event": "ttt", "time": 1791045064.365, "msg": "ttt_chunk:63/245 scored_loss:3.6696"}
{"event": "ttt", "time": 1791045064.503, "msg": "ttt_chunk:64/245 scored_loss:3.6021"}
{"event": "ttt", "time": 1791045064.641, "msg": "ttt_chunk:65/245 scored_loss:3.6783"}
{"event": "ttt", "time": 1791045064.778, "msg": "ttt_chunk:66/245 scored_loss:3.6382"}
{"event": "ttt", "time": 1791045064.914, "msg": "ttt_chunk:67/245 scored_loss:3.6298"}
{"event": "ttt", "time": 1791045065.052, "msg": "ttt_chunk:68/245 scored_loss:3.8371"}
{"event": "ttt", "time": 1791045065.189, "msg": "ttt_chunk:69/245 scored_loss:3.6247"}
{"event": "ttt", "time": 1791045065.325, "msg": "ttt_chunk:70/245 scored_loss:3.6711"}
{"event": "ttt", "time": 1791045065.461, "msg": "ttt_chunk:71/245 scored_loss:3.7345"}
{"event": "ttt", "time": 1791045065.598, "msg": "ttt_chunk:72/245 scored_loss:3.7442"}
{"event": "ttt", "time": 1791045065.733, "msg": "ttt_chunk:73/245 scored_loss:3.5608"}
{"event": "ttt", "time": 1791045065.87, "msg": "ttt_chunk:74/245 scored_loss:3.5011"}
{"event": "ttt", "time": 1791045066.006, "msg": "ttt_chunk:75/245 scored_loss:3.5293"}
{"event": "ttt", "time": 1791045066.142, "msg": "ttt_chunk:76/245 scored_loss:3.5189"}
{"event": "ttt", "time": 1791045066.28, "msg": "ttt_chunk:77/245 scored_loss:3.4209"}
{"event": "ttt", "time": 1791045066.417, "msg": "ttt_chunk:78/245 scored_loss:3.7652"}
{"event": "ttt", "time": 1791045066.554, "msg": "ttt_chunk:79/245 scored_loss:3.4408"}
{"event": "ttt", "time": 1791045066.692, "msg": "ttt_chunk:80/245 scored_loss:3.5278"}
{"event": "ttt", "time": 1791045066.829, "msg": "ttt_chunk:81/245 scored_loss:3.3612"}
{"event": "ttt", "time": 1791045066.966, "msg": "ttt_chunk:82/245 scored_loss:3.6246"}
{"event": "ttt", "time": 1791045067.104, "msg": "ttt_chunk:83/245 scored_loss:3.6748"}
{"event": "ttt", "time": 1791045067.242, "msg": "ttt_chunk:84/245 scored_loss:3.4672"}
{"event": "ttt", "time": 1791045067.379, "msg": "ttt_chunk:85/245 scored_loss:3.4751"}
{"event": "ttt", "time": 1791045067.516, "msg": "ttt_chunk:86/245 scored_loss:3.5912"}
{"event": "ttt", "time": 1791045067.654, "msg": "ttt_chunk:87/245 scored_loss:4.3238"}
{"event": "ttt", "time": 1791045067.793, "msg": "ttt_chunk:88/245 scored_loss:3.2613"}
{"event": "ttt", "time": 1791045067.93, "msg": "ttt_chunk:89/245 scored_loss:3.3482"}
{"event": "ttt", "time": 1791045068.066, "msg": "ttt_chunk:90/245 scored_loss:3.7039"}
{"event": "ttt", "time": 1791045068.202, "msg": "ttt_chunk:91/245 scored_loss:3.6145"}
{"event": "ttt", "time": 1791045068.339, "msg": "ttt_chunk:92/245 scored_loss:3.8150"}
{"event": "ttt", "time": 1791045068.475, "msg": "ttt_chunk:93/245 scored_loss:3.5827"}
{"event": "ttt", "time": 1791045068.611, "msg": "ttt_chunk:94/245 scored_loss:3.6352"}
{"event": "ttt", "time": 1791045068.748, "msg": "ttt_chunk:95/245 scored_loss:3.5626"}
{"event": "ttt", "time": 1791045068.883, "msg": "ttt_chunk:96/245 scored_loss:3.6188"}
{"event": "ttt", "time": 1791045069.02, "msg": "ttt_chunk:97/245 scored_loss:3.8156"}
{"event": "ttt", "time": 1791045069.157, "msg": "ttt_chunk:98/245 scored_loss:3.6035"}
{"event": "ttt", "time": 1791045069.296, "msg": "ttt_chunk:99/245 scored_loss:3.5323"}
{"event": "ttt", "time": 1791045069.431, "msg": "ttt_chunk:100/245 scored_loss:3.3767"}
{"event": "ttt", "time": 1791045069.569, "msg": "ttt_chunk:101/245 scored_loss:3.4672"}
{"event": "ttt", "time": 1791045069.706, "msg": "ttt_chunk:102/245 scored_loss:3.5333"}
{"event": "ttt", "time": 1791045069.844, "msg": "ttt_chunk:103/245 scored_loss:3.5740"}
{"event": "ttt", "time": 1791045069.98, "msg": "ttt_chunk:104/245 scored_loss:3.4147"}
{"event": "ttt", "time": 1791045070.117, "msg": "ttt_chunk:105/245 scored_loss:3.4494"}
{"event": "ttt", "time": 1791045070.254, "msg": "ttt_chunk:106/245 scored_loss:3.8427"}
{"event": "ttt", "time": 1791045070.392, "msg": "ttt_chunk:107/245 scored_loss:3.6844"}
{"event": "ttt", "time": 1791045070.529, "msg": "ttt_chunk:108/245 scored_loss:3.5297"}
{"event": "ttt", "time": 1791045070.667, "msg": "ttt_chunk:109/245 scored_loss:3.5456"}
{"event": "ttt", "time": 1791045070.805, "msg": "ttt_chunk:110/245 scored_loss:3.7727"}
{"event": "ttt", "time": 1791045070.942, "msg": "ttt_chunk:111/245 scored_loss:3.6557"}
{"event": "ttt", "time": 1791045071.078, "msg": "ttt_chunk:112/245 scored_loss:3.6342"}
{"event": "ttt", "time": 1791045071.214, "msg": "ttt_chunk:113/245 scored_loss:3.5235"}
{"event": "ttt", "time": 1791045071.351, "msg": "ttt_chunk:114/245 scored_loss:3.6223"}
{"event": "ttt", "time": 1791045071.487, "msg": "ttt_chunk:115/245 scored_loss:3.7296"}
{"event": "ttt", "time": 1791045071.624, "msg": "ttt_chunk:116/245 scored_loss:3.6886"}
{"event": "ttt", "time": 1791045071.76, "msg": "ttt_chunk:117/245 scored_loss:4.0856"}
{"event": "ttt", "time": 1791045071.896, "msg": "ttt_chunk:118/245 scored_loss:3.8010"}
{"event": "ttt", "time": 1791045072.033, "msg": "ttt_chunk:119/245 scored_loss:4.0699"}
{"event": "ttt", "time": 1791045072.171, "msg": "ttt_chunk:120/245 scored_loss:3.6541"}
{"event": "ttt", "time": 1791045072.308, "msg": "ttt_chunk:121/245 scored_loss:3.5440"}
{"event": "ttt", "time": 1791045072.446, "msg": "ttt_chunk:122/245 scored_loss:3.3838"}
{"event": "ttt", "time": 1791045072.583, "msg": "ttt_chunk:123/245 scored_loss:3.6103"}
{"event": "ttt", "time": 1791045072.72, "msg": "ttt_chunk:124/245 scored_loss:3.3633"}
{"event": "ttt", "time": 1791045072.857, "msg": "ttt_chunk:125/245 scored_loss:3.5205"}
{"event": "ttt", "time": 1791045072.994, "msg": "ttt_chunk:126/245 scored_loss:3.6278"}
{"event": "ttt", "time": 1791045073.131, "msg": "ttt_chunk:127/245 scored_loss:3.5790"}
{"event": "ttt", "time": 1791045073.269, "msg": "ttt_chunk:128/245 scored_loss:3.6436"}
{"event": "ttt", "time": 1791045073.408, "msg": "ttt_chunk:129/245 scored_loss:3.3649"}
{"event": "ttt", "time": 1791045073.546, "msg": "ttt_chunk:130/245 scored_loss:3.4418"}
{"event": "ttt", "time": 1791045073.684, "msg": "ttt_chunk:131/245 scored_loss:3.6895"}
{"event": "ttt", "time": 1791045073.822, "msg": "ttt_chunk:132/245 scored_loss:3.6464"}
{"event": "ttt", "time": 1791045073.958, "msg": "ttt_chunk:133/245 scored_loss:3.4345"}
{"event": "ttt", "time": 1791045074.097, "msg": "ttt_chunk:134/245 scored_loss:3.6132"}
{"event": "ttt", "time": 1791045074.233, "msg": "ttt_chunk:135/245 scored_loss:3.5386"}
{"event": "ttt", "time": 1791045074.37, "msg": "ttt_chunk:136/245 scored_loss:3.5254"}
{"event": "ttt", "time": 1791045074.507, "msg": "ttt_chunk:137/245 scored_loss:3.4625"}
{"event": "ttt", "time": 1791045074.644, "msg": "ttt_chunk:138/245 scored_loss:3.5697"}
{"event": "ttt", "time": 1791045074.782, "msg": "ttt_chunk:139/245 scored_loss:3.4342"}
{"event": "ttt", "time": 1791045074.919, "msg": "ttt_chunk:140/245 scored_loss:3.5231"}
{"event": "ttt", "time": 1791045075.057, "msg": "ttt_chunk:141/245 scored_loss:3.5338"}
{"event": "ttt", "time": 1791045075.193, "msg": "ttt_chunk:142/245 scored_loss:3.6397"}
{"event": "ttt", "time": 1791045075.33, "msg": "ttt_chunk:143/245 scored_loss:3.6829"}
{"event": "ttt", "time": 1791045075.468, "msg": "ttt_chunk:144/245 scored_loss:3.6858"}
{"event": "ttt", "time": 1791045075.605, "msg": "ttt_chunk:145/245 scored_loss:3.6045"}
{"event": "ttt", "time": 1791045075.742, "msg": "ttt_chunk:146/245 scored_loss:3.5980"}
{"event": "ttt", "time": 1791045075.88, "msg": "ttt_chunk:147/245 scored_loss:3.7917"}
{"event": "ttt", "time": 1791045076.017, "msg": "ttt_chunk:148/245 scored_loss:3.8554"}
{"event": "ttt", "time": 1791045076.154, "msg": "ttt_chunk:149/245 scored_loss:3.8578"}
{"event": "ttt", "time": 1791045076.292, "msg": "ttt_chunk:150/245 scored_loss:3.7771"}
{"event": "ttt", "time": 1791045076.43, "msg": "ttt_chunk:151/245 scored_loss:3.4307"}
{"event": "ttt", "time": 1791045076.567, "msg": "ttt_chunk:152/245 scored_loss:3.5284"}
{"event": "ttt", "time": 1791045076.704, "msg": "ttt_chunk:153/245 scored_loss:3.4269"}
{"event": "ttt", "time": 1791045076.842, "msg": "ttt_chunk:154/245 scored_loss:3.6826"}
{"event": "ttt", "time": 1791045076.983, "msg": "ttt_chunk:155/245 scored_loss:3.6179"}
{"event": "ttt", "time": 1791045077.12, "msg": "ttt_chunk:156/245 scored_loss:3.5446"}
{"event": "ttt", "time": 1791045077.256, "msg": "ttt_chunk:157/245 scored_loss:3.7796"}
{"event": "ttt", "time": 1791045077.391, "msg": "ttt_chunk:158/245 scored_loss:3.7126"}
{"event": "ttt", "time": 1791045077.53, "msg": "ttt_chunk:159/245 scored_loss:3.5508"}
{"event": "ttt", "time": 1791045077.666, "msg": "ttt_chunk:160/245 scored_loss:3.6286"}
{"event": "ttt", "time": 1791045077.802, "msg": "ttt_chunk:161/245 scored_loss:3.5324"}
{"event": "ttt", "time": 1791045077.937, "msg": "ttt_chunk:162/245 scored_loss:3.6335"}
{"event": "ttt", "time": 1791045078.075, "msg": "ttt_chunk:163/245 scored_loss:3.6551"}
{"event": "ttt", "time": 1791045078.213, "msg": "ttt_chunk:164/245 scored_loss:3.4421"}
{"event": "ttt", "time": 1791045078.35, "msg": "ttt_chunk:165/245 scored_loss:3.4627"}
{"event": "ttt", "time": 1791045078.487, "msg": "ttt_chunk:166/245 scored_loss:3.7577"}
{"event": "ttt", "time": 1791045078.625, "msg": "ttt_chunk:167/245 scored_loss:3.6473"}
{"event": "ttt", "time": 1791045078.763, "msg": "ttt_chunk:168/245 scored_loss:3.6254"}
{"event": "ttt", "time": 1791045078.901, "msg": "ttt_chunk:169/245 scored_loss:3.6810"}
{"event": "ttt", "time": 1791045079.038, "msg": "ttt_chunk:170/245 scored_loss:3.7122"}
{"event": "ttt", "time": 1791045079.175, "msg": "ttt_chunk:171/245 scored_loss:3.6402"}
{"event": "ttt", "time": 1791045079.313, "msg": "ttt_chunk:172/245 scored_loss:3.4687"}
{"event": "ttt", "time": 1791045079.45, "msg": "ttt_chunk:173/245 scored_loss:3.4812"}
{"event": "ttt", "time": 1791045079.588, "msg": "ttt_chunk:174/245 scored_loss:3.7411"}
{"event": "ttt", "time": 1791045079.726, "msg": "ttt_chunk:175/245 scored_loss:3.7364"}
{"event": "ttt", "time": 1791045079.863, "msg": "ttt_chunk:176/245 scored_loss:3.4819"}
{"event": "ttt", "time": 1791045080.001, "msg": "ttt_chunk:177/245 scored_loss:3.5863"}
{"event": "ttt", "time": 1791045080.137, "msg": "ttt_chunk:178/245 scored_loss:3.6040"}
{"event": "ttt", "time": 1791045080.276, "msg": "ttt_chunk:179/245 scored_loss:3.3447"}
{"event": "ttt", "time": 1791045080.411, "msg": "ttt_chunk:180/245 scored_loss:3.5331"}
{"event": "ttt", "time": 1791045080.548, "msg": "ttt_chunk:181/245 scored_loss:3.5450"}
{"event": "ttt", "time": 1791045080.684, "msg": "ttt_chunk:182/245 scored_loss:3.5011"}
{"event": "ttt", "time": 1791045080.82, "msg": "ttt_chunk:183/245 scored_loss:3.5553"}
{"event": "ttt", "time": 1791045080.955, "msg": "ttt_chunk:184/245 scored_loss:3.6412"}
{"event": "ttt", "time": 1791045081.092, "msg": "ttt_chunk:185/245 scored_loss:3.6245"}
{"event": "ttt", "time": 1791045081.229, "msg": "ttt_chunk:186/245 scored_loss:3.7858"}
{"event": "ttt", "time": 1791045081.367, "msg": "ttt_chunk:187/245 scored_loss:3.7985"}
{"event": "ttt", "time": 1791045081.503, "msg": "ttt_chunk:188/245 scored_loss:3.5997"}
{"event": "ttt", "time": 1791045081.64, "msg": "ttt_chunk:189/245 scored_loss:3.5789"}
{"event": "ttt", "time": 1791045081.777, "msg": "ttt_chunk:190/245 scored_loss:3.5656"}
{"event": "ttt", "time": 1791045081.915, "msg": "ttt_chunk:191/245 scored_loss:3.6322"}
{"event": "ttt", "time": 1791045082.053, "msg": "ttt_chunk:192/245 scored_loss:3.7365"}
{"event": "ttt", "time": 1791045082.19, "msg": "ttt_chunk:193/245 scored_loss:3.5343"}
{"event": "ttt", "time": 1791045082.327, "msg": "ttt_chunk:194/245 scored_loss:3.5081"}
{"event": "ttt", "time": 1791045082.467, "msg": "ttt_chunk:195/245 scored_loss:3.4239"}
{"event": "ttt", "time": 1791045082.605, "msg": "ttt_chunk:196/245 scored_loss:3.6912"}
{"event": "ttt", "time": 1791045082.742, "msg": "ttt_chunk:197/245 scored_loss:3.5913"}
{"event": "ttt", "time": 1791045082.88, "msg": "ttt_chunk:198/245 scored_loss:3.5914"}
{"event": "ttt", "time": 1791045083.017, "msg": "ttt_chunk:199/245 scored_loss:3.6508"}
{"event": "ttt", "time": 1791045083.154, "msg": "ttt_chunk:200/245 scored_loss:3.7872"}
{"event": "ttt", "time": 1791045083.291, "msg": "ttt_chunk:201/245 scored_loss:3.6915"}
{"event": "ttt", "time": 1791045083.427, "msg": "ttt_chunk:202/245 scored_loss:3.4045"}
{"event": "ttt", "time": 1791045083.563, "msg": "ttt_chunk:203/245 scored_loss:3.7999"}
{"event": "ttt", "time": 1791045083.7, "msg": "ttt_chunk:204/245 scored_loss:3.6278"}
{"event": "ttt", "time": 1791045083.837, "msg": "ttt_chunk:205/245 scored_loss:3.6809"}
{"event": "ttt", "time": 1791045083.973, "msg": "ttt_chunk:206/245 scored_loss:3.5060"}
{"event": "ttt", "time": 1791045084.112, "msg": "ttt_chunk:207/245 scored_loss:3.2843"}
{"event": "ttt", "time": 1791045084.25, "msg": "ttt_chunk:208/245 scored_loss:3.4426"}
{"event": "ttt", "time": 1791045084.388, "msg": "ttt_chunk:209/245 scored_loss:3.5853"}
{"event": "ttt", "time": 1791045084.524, "msg": "ttt_chunk:210/245 scored_loss:3.6127"}
{"event": "ttt", "time": 1791045084.663, "msg": "ttt_chunk:211/245 scored_loss:3.7975"}
{"event": "ttt", "time": 1791045084.8, "msg": "ttt_chunk:212/245 scored_loss:3.6349"}
{"event": "ttt", "time": 1791045084.938, "msg": "ttt_chunk:213/245 scored_loss:3.6247"}
{"event": "ttt", "time": 1791045085.075, "msg": "ttt_chunk:214/245 scored_loss:3.3906"}
{"event": "ttt", "time": 1791045085.213, "msg": "ttt_chunk:215/245 scored_loss:3.7629"}
{"event": "ttt", "time": 1791045085.349, "msg": "ttt_chunk:216/245 scored_loss:3.7448"}
{"event": "ttt", "time": 1791045085.485, "msg": "ttt_chunk:217/245 scored_loss:3.7624"}
{"event": "ttt", "time": 1791045085.624, "msg": "ttt_chunk:218/245 scored_loss:3.8417"}
{"event": "ttt", "time": 1791045085.762, "msg": "ttt_chunk:219/245 scored_loss:3.8350"}
{"event": "ttt", "time": 1791045085.898, "msg": "ttt_chunk:220/245 scored_loss:3.6991"}
{"event": "ttt", "time": 1791045086.033, "msg": "ttt_chunk:221/245 scored_loss:3.7431"}
{"event": "ttt", "time": 1791045086.171, "msg": "ttt_chunk:222/245 scored_loss:3.4676"}
{"event": "ttt", "time": 1791045086.308, "msg": "ttt_chunk:223/245 scored_loss:3.6190"}
{"event": "ttt", "time": 1791045086.446, "msg": "ttt_chunk:224/245 scored_loss:3.5750"}
{"event": "ttt", "time": 1791045086.583, "msg": "ttt_chunk:225/245 scored_loss:3.7039"}
{"event": "ttt", "time": 1791045086.721, "msg": "ttt_chunk:226/245 scored_loss:3.6511"}
{"event": "ttt", "time": 1791045086.857, "msg": "ttt_chunk:227/245 scored_loss:3.7062"}
{"event": "ttt", "time": 1791045086.993, "msg": "ttt_chunk:228/245 scored_loss:3.7416"}
{"event": "ttt", "time": 1791045087.131, "msg": "ttt_chunk:229/245 scored_loss:3.4904"}
{"event": "ttt", "time": 1791045087.268, "msg": "ttt_chunk:230/245 scored_loss:3.4849"}
{"event": "ttt", "time": 1791045087.405, "msg": "ttt_chunk:231/245 scored_loss:3.6489"}
{"event": "ttt", "time": 1791045087.542, "msg": "ttt_chunk:232/245 scored_loss:3.4435"}
{"event": "ttt", "time": 1791045087.68, "msg": "ttt_chunk:233/245 scored_loss:3.3830"}
{"event": "ttt", "time": 1791045087.817, "msg": "ttt_chunk:234/245 scored_loss:3.5090"}
{"event": "ttt", "time": 1791045087.955, "msg": "ttt_chunk:235/245 scored_loss:3.7543"}
{"event": "ttt", "time": 1791045088.092, "msg": "ttt_chunk:236/245 scored_loss:3.5015"}
{"event": "ttt", "time": 1791045088.237, "msg": "ttt_chunk:237/245 scored_loss:3.3829"}
{"event": "ttt", "time": 1791045088.375, "msg": "ttt_chunk:238/245 scored_loss:3.6074"}
{"event": "ttt", "time": 1791045088.513, "msg": "ttt_chunk:239/245 scored_loss:3.8456"}
{"event": "ttt", "time": 1791045088.65, "msg": "ttt_chunk:240/245 scored_loss:3.7300"}
{"event": "ttt", "time": 1791045088.788, "msg": "ttt_chunk:241/245 scored_loss:3.6801"}
{"event": "ttt", "time": 1791045088.926, "msg": "ttt_chunk:242/245 scored_loss:3.7610"}
{"event": "ttt", "time": 1791045089.064, "msg": "ttt_chunk:243/245 scored_loss:3.6018"}
{"event": "ttt", "time": 1791045089.2, "msg": "ttt_chunk:244/245 scored_loss:3.5401"}
{"event": "ttt", "time": 1791045089.285, "msg": "ttt_chunk:245/245 scored_loss:3.5239"}
{"event": "eval_ttt", "time": 1791045089.286, "val_loss": 3.61031, "val_bpb": 2.16337}
{"event": "artifact", "time": 1791045089.318, "path": "artifacts\\gpu_Full_int6_asdclip_s1234_submission.tar.gz", "bytes": 603407}
{"event": "done", "time": 1791045089.319, "train_time_s": 24.85}
